AAP 2.4 Service Information
Timestamp: 2025-06-27T15:37:44Z

  automation-eda-controller-daphne.service   loaded active running Daphne for Event Driven Ansible Server
  automation-eda-controller-worker@0.service loaded active running Event Driven Ansible Server Worker 0
  automation-eda-controller-worker@1.service loaded active running Event Driven Ansible Server Worker 1
  automation-eda-controller-worker@2.service loaded active running Event Driven Ansible Server Worker 2
  automation-eda-controller-worker@3.service loaded active running Event Driven Ansible Server Worker 3
  automation-eda-controller-worker@4.service loaded active running Event Driven Ansible Server Worker 4
  automation-eda-controller-worker@5.service loaded active running Event Driven Ansible Server Worker 5
  automation-eda-controller-worker@6.service loaded active running Event Driven Ansible Server Worker 6
  automation-eda-controller-worker@7.service loaded active running Event Driven Ansible Server Worker 7
  automation-eda-controller-worker@8.service loaded active running Event Driven Ansible Server Worker 8
  automation-eda-controller.service          loaded active running Event Driven Ansible Server
  receptor.service                           loaded active running Receptor
--- Memory usage by AAP services ---
eda          745  2.6  0.9  83596 74704 ?        Ss   14:03   0:01 /usr/bin/python3 /usr/bin/daphne -u /run/ansible-automation-platform/eda/daphne.sock aap_eda.asgi:application
eda          858  1.2  0.8  80776 69536 ?        S    14:03   0:00 /usr/bin/python3 /bin/gunicorn --workers=9 --bind unix:/run/ansible-automation-platform/eda/automation-eda-controller.sock aap_eda.wsgi --log-level=debug --access-logfile - --access-logformat automation-eda-controller [%({correlation-id}o)s]: %(h)s %(l)s %(u)s %(t)s "%(r)s" %(s)s %(b)s "%(f)s" "%(a)s"
eda          827  1.3  0.8  80776 69436 ?        S    14:03   0:00 /usr/bin/python3 /bin/gunicorn --workers=9 --bind unix:/run/ansible-automation-platform/eda/automation-eda-controller.sock aap_eda.wsgi --log-level=debug --access-logfile - --access-logformat automation-eda-controller [%({correlation-id}o)s]: %(h)s %(l)s %(u)s %(t)s "%(r)s" %(s)s %(b)s "%(f)s" "%(a)s"
eda          903  1.2  0.8  80708 69388 ?        S    14:03   0:00 /usr/bin/python3 /bin/gunicorn --workers=9 --bind unix:/run/ansible-automation-platform/eda/automation-eda-controller.sock aap_eda.wsgi --log-level=debug --access-logfile - --access-logformat automation-eda-controller [%({correlation-id}o)s]: %(h)s %(l)s %(u)s %(t)s "%(r)s" %(s)s %(b)s "%(f)s" "%(a)s"
eda          867  1.2  0.8  80776 69368 ?        S    14:03   0:00 /usr/bin/python3 /bin/gunicorn --workers=9 --bind unix:/run/ansible-automation-platform/eda/automation-eda-controller.sock aap_eda.wsgi --log-level=debug --access-logfile - --access-logformat automation-eda-controller [%({correlation-id}o)s]: %(h)s %(l)s %(u)s %(t)s "%(r)s" %(s)s %(b)s "%(f)s" "%(a)s"
eda          984  1.2  0.8  80780 69340 ?        S    14:03   0:00 /usr/bin/python3 /bin/gunicorn --workers=9 --bind unix:/run/ansible-automation-platform/eda/automation-eda-controller.sock aap_eda.wsgi --log-level=debug --access-logfile - --access-logformat automation-eda-controller [%({correlation-id}o)s]: %(h)s %(l)s %(u)s %(t)s "%(r)s" %(s)s %(b)s "%(f)s" "%(a)s"
eda          892  1.2  0.8  80756 69324 ?        S    14:03   0:00 /usr/bin/python3 /bin/gunicorn --workers=9 --bind unix:/run/ansible-automation-platform/eda/automation-eda-controller.sock aap_eda.wsgi --log-level=debug --access-logfile - --access-logformat automation-eda-controller [%({correlation-id}o)s]: %(h)s %(l)s %(u)s %(t)s "%(r)s" %(s)s %(b)s "%(f)s" "%(a)s"
eda          929  1.3  0.8  80708 69296 ?        S    14:03   0:00 /usr/bin/python3 /bin/gunicorn --workers=9 --bind unix:/run/ansible-automation-platform/eda/automation-eda-controller.sock aap_eda.wsgi --log-level=debug --access-logfile - --access-logformat automation-eda-controller [%({correlation-id}o)s]: %(h)s %(l)s %(u)s %(t)s "%(r)s" %(s)s %(b)s "%(f)s" "%(a)s"
eda          862  1.2  0.8  80776 69224 ?        S    14:03   0:00 /usr/bin/python3 /bin/gunicorn --workers=9 --bind unix:/run/ansible-automation-platform/eda/automation-eda-controller.sock aap_eda.wsgi --log-level=debug --access-logfile - --access-logformat automation-eda-controller [%({correlation-id}o)s]: %(h)s %(l)s %(u)s %(t)s "%(r)s" %(s)s %(b)s "%(f)s" "%(a)s"
eda          853  1.2  0.8  80776 69060 ?        S    14:03   0:00 /usr/bin/python3 /bin/gunicorn --workers=9 --bind unix:/run/ansible-automation-platform/eda/automation-eda-controller.sock aap_eda.wsgi --log-level=debug --access-logfile - --access-logformat automation-eda-controller [%({correlation-id}o)s]: %(h)s %(l)s %(u)s %(t)s "%(r)s" %(s)s %(b)s "%(f)s" "%(a)s"
