Starting memory monitoring for aap25 medium test at Fri Jun 27 03:14:15 PM PDT 2025
=================================================================================
2025-06-27 15:14:15
Memory Usage Report:
               total        used        free      shared  buff/cache   available
Mem:            7681         623        7031         110         374        7057
Swap:           4095           0        4095

Top 10 Processes by RSS Memory:
    PID    PPID CMD                           RSS
   1083       1 /usr/bin/postmaster -D /var 114048
    744       1 /usr/bin/python3 -s /usr/sb 41016
    947       1 /usr/lib/polkit-1/polkitd - 29740
    787       1 /usr/bin/python3 -Es /usr/s 28908
   1073       1 /usr/local/bin/node_exporte 27528
   1189    1083 postgres: checkpointer      26748
   1191    1083 postgres: background writer 25084
   1202    1083 postgres: walwriter         22012
    755       1 /usr/sbin/NetworkManager -- 21264
      1       0 /usr/lib/systemd/systemd rh 16560

=== RECEPTOR PROCESS ANALYSIS ===
Receptor Main Processes:
    PID    PPID CMD                           RSS    VSZ %CPU %MEM     ELAPSED
   6510       1 bash -c  log_file="/tmp/mem  3328   7260  0.0  0.0       00:00
Receptor Child Processes for PID 6510:
      PID    PPID CMD                           RSS    VSZ %CPU %MEM     ELAPSED
Receptor Threads for PID 6510:
    PID    SPID %CPU %MEM   RSS COMMAND
   6510    6510  0.0  0.0  3328 bash
Receptor Network Connections for PID 6510:
COMMAND    PID          USER   FD   TYPE DEVICE SIZE/OFF      NODE NAME
chronyd    752        chrony    5u  IPv4  23287      0t0       UDP localhost:323 
chronyd    752        chrony    6u  IPv6  23288      0t0       UDP localhost:323 
NetworkMa  755          root   26u  IPv4  25683      0t0       UDP aap25-database.aap-test.local:bootpc->pi.hole:bootps 
sshd       782          root    3u  IPv4  21380      0t0       TCP *:ssh (LISTEN)
sshd       782          root    4u  IPv6  21382      0t0       TCP *:ssh (LISTEN)
node_expo 1073 node_exporter    3u  IPv6  25730      0t0       TCP *:jetdirect (LISTEN)
node_expo 1073 node_exporter    7u  IPv6  25864      0t0       TCP aap25-database.aap-test.local:jetdirect->monitoring-node.aap-test.local:50192 (ESTABLISHED)
postmaste 1083      postgres    6u  IPv4  24787      0t0       TCP *:postgres (LISTEN)
postmaste 1083      postgres    7u  IPv6  24788      0t0       TCP *:postgres (LISTEN)
sshd      6351          root    4u  IPv4  49911      0t0       TCP aap25-database.aap-test.local:ssh->192.168.1.49:44458 (ESTABLISHED)
sshd      6372          root    4u  IPv4  49911      0t0       TCP aap25-database.aap-test.local:ssh->192.168.1.49:44458 (ESTABLISHED)
bash      6510          root  cwd    DIR  253,0      142  67240070 /root
bash      6510          root  rtd    DIR  253,0      235       128 /
bash      6510          root  txt    REG  253,0  1389072  67323062 /usr/bin/bash
bash      6510          root  mem    REG  253,0  2586930    223716 /usr/lib/locale/en_US.utf8/LC_COLLATE
bash      6510          root  mem    REG  253,0  2544344 100922208 /usr/lib64/libc.so.6
bash      6510          root  mem    REG  253,0   346132 100921885 /usr/lib/locale/C.utf8/LC_CTYPE
bash      6510          root  mem    REG  253,0       54    223719 /usr/lib/locale/en_US.utf8/LC_NUMERIC
bash      6510          root  mem    REG  253,0     3284  34000453 /usr/lib/locale/en_US.utf8/LC_TIME
bash      6510          root  mem    REG  253,0      286  34000451 /usr/lib/locale/en_US.utf8/LC_MONETARY
bash      6510          root  mem    REG  253,0       57  34000464 /usr/lib/locale/en_US.utf8/LC_MESSAGES/SYS_LC_MESSAGES
bash      6510          root  mem    REG  253,0    26988  67396209 /usr/lib64/gconv/gconv-modules.cache
bash      6510          root  mem    REG  253,0   195080 100921869 /usr/lib64/libtinfo.so.6.2
bash      6510          root  mem    REG  253,0       34 100922186 /usr/lib/locale/en_US.utf8/LC_PAPER
bash      6510          root  mem    REG  253,0       77    223718 /usr/lib/locale/en_US.utf8/LC_NAME
bash      6510          root  mem    REG  253,0      167  34000447 /usr/lib/locale/en_US.utf8/LC_ADDRESS
bash      6510          root  mem    REG  253,0       59  34000452 /usr/lib/locale/en_US.utf8/LC_TELEPHONE
bash      6510          root  mem    REG  253,0       23  34000450 /usr/lib/locale/en_US.utf8/LC_MEASUREMENT
bash      6510          root  mem    REG  253,0      369  34000449 /usr/lib/locale/en_US.utf8/LC_IDENTIFICATION
bash      6510          root  mem    REG  253,0   897856 100922204 /usr/lib64/ld-linux-x86-64.so.2
bash      6510          root    0r   CHR    1,3      0t0         4 /dev/null
bash      6510          root    1w   REG  253,0        0  43735380 /tmp/memory_monitor.log
bash      6510          root    2w   REG  253,0        0  43735380 /tmp/memory_monitor.log
bash      6510          root    3r  FIFO   0,13      0t0     50031 pipe

    PID    PPID CMD                           RSS    VSZ %CPU %MEM     ELAPSED
Receptor Child Processes for PID 6518:
  No child processes found
Receptor Threads for PID 6518:
    PID    SPID %CPU %MEM   RSS COMMAND
Receptor Network Connections for PID 6518:
COMMAND    PID          USER   FD   TYPE DEVICE SIZE/OFF NODE NAME
chronyd    752        chrony    5u  IPv4  23287      0t0  UDP localhost:323 
chronyd    752        chrony    6u  IPv6  23288      0t0  UDP localhost:323 
NetworkMa  755          root   26u  IPv4  25683      0t0  UDP aap25-database.aap-test.local:bootpc->pi.hole:bootps 
sshd       782          root    3u  IPv4  21380      0t0  TCP *:ssh (LISTEN)
sshd       782          root    4u  IPv6  21382      0t0  TCP *:ssh (LISTEN)
node_expo 1073 node_exporter    3u  IPv6  25730      0t0  TCP *:jetdirect (LISTEN)
node_expo 1073 node_exporter    7u  IPv6  25864      0t0  TCP aap25-database.aap-test.local:jetdirect->monitoring-node.aap-test.local:50192 (ESTABLISHED)
postmaste 1083      postgres    6u  IPv4  24787      0t0  TCP *:postgres (LISTEN)
postmaste 1083      postgres    7u  IPv6  24788      0t0  TCP *:postgres (LISTEN)
sshd      6351          root    4u  IPv4  49911      0t0  TCP aap25-database.aap-test.local:ssh->192.168.1.49:44458 (ESTABLISHED)
sshd      6372          root    4u  IPv4  49911      0t0  TCP aap25-database.aap-test.local:ssh->192.168.1.49:44458 (ESTABLISHED)
  No network connections found

=== RECEPTOR MEMORY SUMMARY ===
Total Receptor RSS Memory: 3328 KB (3 MB)
Total Receptor VSZ Memory: 7260 KB (7 MB)
Number of Receptor Processes: 2

AAP-related Processes and Children:
=== AAP Service Processes ===
Process: bash (PID: 6510)
    PID    PPID CMD                           RSS
   6510       1 bash -c  log_file="/tmp/mem  3328
  Children of PID 6510:
    PID    PPID CMD                           RSS
   6578    6510 bash -c  log_file="/tmp/mem  2044

Process: bash (PID: 6578)
    PID    PPID CMD                           RSS
   6578    6510 bash -c  log_file="/tmp/mem  2044
  Children of PID 6578:
    PID    PPID CMD                           RSS


Process Tree for AAP Services:
=== automation-controller Process Tree ===
bash(6510)---pstree(6589)
=== receptor Process Tree ===
bash(6510)---pstree(6593)
=== nginx Process Tree ===
bash(6510)---pstree(6597)
=== postgresql Process Tree ===
bash(6510)---pstree(6601)
=== redis Process Tree ===
bash(6510)---pstree(6605)
=== uwsgi Process Tree ===
bash(6510)---pstree(6609)
=== automation-hub Process Tree ===
bash(6510)---pstree(6613)
=== automation-eda Process Tree ===
bash(6510)---pstree(6617)

=================================================================================
2025-06-27 15:14:46
Memory Usage Report:
               total        used        free      shared  buff/cache   available
Mem:            7681         572        7081         110         374        7108
Swap:           4095           0        4095

Top 10 Processes by RSS Memory:
    PID    PPID CMD                           RSS
   1083       1 /usr/bin/postmaster -D /var 114048
    744       1 /usr/bin/python3 -s /usr/sb 41016
    947       1 /usr/lib/polkit-1/polkitd - 29740
    787       1 /usr/bin/python3 -Es /usr/s 28908
   1073       1 /usr/local/bin/node_exporte 27908
   1189    1083 postgres: checkpointer      26748
   1191    1083 postgres: background writer 25084
   1202    1083 postgres: walwriter         22012
    755       1 /usr/sbin/NetworkManager -- 21264
      1       0 /usr/lib/systemd/systemd rh 16560

=== RECEPTOR PROCESS ANALYSIS ===
Receptor Main Processes:
    PID    PPID CMD                           RSS    VSZ %CPU %MEM     ELAPSED
   6510       1 bash -c  log_file="/tmp/mem  3328   7260  0.0  0.0       00:30
Receptor Child Processes for PID 6510:
      PID    PPID CMD                           RSS    VSZ %CPU %MEM     ELAPSED
Receptor Threads for PID 6510:
    PID    SPID %CPU %MEM   RSS COMMAND
   6510    6510  0.0  0.0  3328 bash
Receptor Network Connections for PID 6510:
COMMAND    PID          USER   FD   TYPE DEVICE SIZE/OFF      NODE NAME
chronyd    752        chrony    5u  IPv4  23287      0t0       UDP localhost:323 
chronyd    752        chrony    6u  IPv6  23288      0t0       UDP localhost:323 
NetworkMa  755          root   26u  IPv4  25683      0t0       UDP aap25-database.aap-test.local:bootpc->pi.hole:bootps 
sshd       782          root    3u  IPv4  21380      0t0       TCP *:ssh (LISTEN)
sshd       782          root    4u  IPv6  21382      0t0       TCP *:ssh (LISTEN)
node_expo 1073 node_exporter    3u  IPv6  25730      0t0       TCP *:jetdirect (LISTEN)
node_expo 1073 node_exporter    7u  IPv6  25864      0t0       TCP aap25-database.aap-test.local:jetdirect->monitoring-node.aap-test.local:50192 (ESTABLISHED)
postmaste 1083      postgres    6u  IPv4  24787      0t0       TCP *:postgres (LISTEN)
postmaste 1083      postgres    7u  IPv6  24788      0t0       TCP *:postgres (LISTEN)
sshd      6351          root    4u  IPv4  49911      0t0       TCP aap25-database.aap-test.local:ssh->192.168.1.49:44458 (ESTABLISHED)
sshd      6372          root    4u  IPv4  49911      0t0       TCP aap25-database.aap-test.local:ssh->192.168.1.49:44458 (ESTABLISHED)
bash      6510          root  cwd    DIR  253,0      142  67240070 /root
bash      6510          root  rtd    DIR  253,0      235       128 /
bash      6510          root  txt    REG  253,0  1389072  67323062 /usr/bin/bash
bash      6510          root  mem    REG  253,0  2586930    223716 /usr/lib/locale/en_US.utf8/LC_COLLATE
bash      6510          root  mem    REG  253,0  2544344 100922208 /usr/lib64/libc.so.6
bash      6510          root  mem    REG  253,0   346132 100921885 /usr/lib/locale/C.utf8/LC_CTYPE
bash      6510          root  mem    REG  253,0       54    223719 /usr/lib/locale/en_US.utf8/LC_NUMERIC
bash      6510          root  mem    REG  253,0     3284  34000453 /usr/lib/locale/en_US.utf8/LC_TIME
bash      6510          root  mem    REG  253,0      286  34000451 /usr/lib/locale/en_US.utf8/LC_MONETARY
bash      6510          root  mem    REG  253,0       57  34000464 /usr/lib/locale/en_US.utf8/LC_MESSAGES/SYS_LC_MESSAGES
bash      6510          root  mem    REG  253,0    26988  67396209 /usr/lib64/gconv/gconv-modules.cache
bash      6510          root  mem    REG  253,0   195080 100921869 /usr/lib64/libtinfo.so.6.2
bash      6510          root  mem    REG  253,0       34 100922186 /usr/lib/locale/en_US.utf8/LC_PAPER
bash      6510          root  mem    REG  253,0       77    223718 /usr/lib/locale/en_US.utf8/LC_NAME
bash      6510          root  mem    REG  253,0      167  34000447 /usr/lib/locale/en_US.utf8/LC_ADDRESS
bash      6510          root  mem    REG  253,0       59  34000452 /usr/lib/locale/en_US.utf8/LC_TELEPHONE
bash      6510          root  mem    REG  253,0       23  34000450 /usr/lib/locale/en_US.utf8/LC_MEASUREMENT
bash      6510          root  mem    REG  253,0      369  34000449 /usr/lib/locale/en_US.utf8/LC_IDENTIFICATION
bash      6510          root  mem    REG  253,0   897856 100922204 /usr/lib64/ld-linux-x86-64.so.2
bash      6510          root    0r   CHR    1,3      0t0         4 /dev/null
bash      6510          root    1w   REG  253,0        0  43735380 /tmp/memory_monitor.log
bash      6510          root    2w   REG  253,0        0  43735380 /tmp/memory_monitor.log
bash      6510          root    3r  FIFO   0,13      0t0     52051 pipe

    PID    PPID CMD                           RSS    VSZ %CPU %MEM     ELAPSED
Receptor Child Processes for PID 6702:
  No child processes found
Receptor Threads for PID 6702:
    PID    SPID %CPU %MEM   RSS COMMAND
Receptor Network Connections for PID 6702:
COMMAND    PID          USER   FD   TYPE DEVICE SIZE/OFF NODE NAME
chronyd    752        chrony    5u  IPv4  23287      0t0  UDP localhost:323 
chronyd    752        chrony    6u  IPv6  23288      0t0  UDP localhost:323 
NetworkMa  755          root   26u  IPv4  25683      0t0  UDP aap25-database.aap-test.local:bootpc->pi.hole:bootps 
sshd       782          root    3u  IPv4  21380      0t0  TCP *:ssh (LISTEN)
sshd       782          root    4u  IPv6  21382      0t0  TCP *:ssh (LISTEN)
node_expo 1073 node_exporter    3u  IPv6  25730      0t0  TCP *:jetdirect (LISTEN)
node_expo 1073 node_exporter    7u  IPv6  25864      0t0  TCP aap25-database.aap-test.local:jetdirect->monitoring-node.aap-test.local:50192 (ESTABLISHED)
postmaste 1083      postgres    6u  IPv4  24787      0t0  TCP *:postgres (LISTEN)
postmaste 1083      postgres    7u  IPv6  24788      0t0  TCP *:postgres (LISTEN)
sshd      6351          root    4u  IPv4  49911      0t0  TCP aap25-database.aap-test.local:ssh->192.168.1.49:44458 (ESTABLISHED)
sshd      6372          root    4u  IPv4  49911      0t0  TCP aap25-database.aap-test.local:ssh->192.168.1.49:44458 (ESTABLISHED)
  No network connections found

=== RECEPTOR MEMORY SUMMARY ===
Total Receptor RSS Memory: 3328 KB (3 MB)
Total Receptor VSZ Memory: 7260 KB (7 MB)
Number of Receptor Processes: 2

AAP-related Processes and Children:
=== AAP Service Processes ===
Process: bash (PID: 6510)
    PID    PPID CMD                           RSS
   6510       1 bash -c  log_file="/tmp/mem  3328
  Children of PID 6510:
    PID    PPID CMD                           RSS
   6761    6510 bash -c  log_file="/tmp/mem  2052

Process: bash (PID: 6761)
    PID    PPID CMD                           RSS
   6761    6510 bash -c  log_file="/tmp/mem  2052
  Children of PID 6761:
    PID    PPID CMD                           RSS


Process Tree for AAP Services:
=== automation-controller Process Tree ===
bash(6510)---pstree(6772)
=== receptor Process Tree ===
bash(6510)---pstree(6776)
=== nginx Process Tree ===
bash(6510)---pstree(6780)
=== postgresql Process Tree ===
bash(6510)---pstree(6784)
=== redis Process Tree ===
bash(6510)---pstree(6788)
=== uwsgi Process Tree ===
bash(6510)---pstree(6792)
=== automation-hub Process Tree ===
bash(6510)---pstree(6796)
=== automation-eda Process Tree ===
bash(6510)---pstree(6800)

=================================================================================
2025-06-27 15:15:16
Memory Usage Report:
               total        used        free      shared  buff/cache   available
Mem:            7681         583        7071         110         374        7097
Swap:           4095           0        4095

Top 10 Processes by RSS Memory:
    PID    PPID CMD                           RSS
   1083       1 /usr/bin/postmaster -D /var 114048
    744       1 /usr/bin/python3 -s /usr/sb 41016
    947       1 /usr/lib/polkit-1/polkitd - 29740
    787       1 /usr/bin/python3 -Es /usr/s 28908
   1073       1 /usr/local/bin/node_exporte 27780
   1189    1083 postgres: checkpointer      26748
   1191    1083 postgres: background writer 25084
   1202    1083 postgres: walwriter         22012
    755       1 /usr/sbin/NetworkManager -- 21264
      1       0 /usr/lib/systemd/systemd rh 16560

=== RECEPTOR PROCESS ANALYSIS ===
Receptor Main Processes:
    PID    PPID CMD                           RSS    VSZ %CPU %MEM     ELAPSED
   6510       1 bash -c  log_file="/tmp/mem  3328   7260  0.0  0.0       01:01
Receptor Child Processes for PID 6510:
      PID    PPID CMD                           RSS    VSZ %CPU %MEM     ELAPSED
Receptor Threads for PID 6510:
    PID    SPID %CPU %MEM   RSS COMMAND
   6510    6510  0.0  0.0  3328 bash
Receptor Network Connections for PID 6510:
COMMAND    PID          USER   FD   TYPE DEVICE SIZE/OFF      NODE NAME
chronyd    752        chrony    5u  IPv4  23287      0t0       UDP localhost:323 
chronyd    752        chrony    6u  IPv6  23288      0t0       UDP localhost:323 
NetworkMa  755          root   26u  IPv4  25683      0t0       UDP aap25-database.aap-test.local:bootpc->pi.hole:bootps 
sshd       782          root    3u  IPv4  21380      0t0       TCP *:ssh (LISTEN)
sshd       782          root    4u  IPv6  21382      0t0       TCP *:ssh (LISTEN)
node_expo 1073 node_exporter    3u  IPv6  25730      0t0       TCP *:jetdirect (LISTEN)
node_expo 1073 node_exporter    7u  IPv6  25864      0t0       TCP aap25-database.aap-test.local:jetdirect->monitoring-node.aap-test.local:50192 (ESTABLISHED)
postmaste 1083      postgres    6u  IPv4  24787      0t0       TCP *:postgres (LISTEN)
postmaste 1083      postgres    7u  IPv6  24788      0t0       TCP *:postgres (LISTEN)
sshd      6351          root    4u  IPv4  49911      0t0       TCP aap25-database.aap-test.local:ssh->192.168.1.49:44458 (ESTABLISHED)
sshd      6372          root    4u  IPv4  49911      0t0       TCP aap25-database.aap-test.local:ssh->192.168.1.49:44458 (ESTABLISHED)
bash      6510          root  cwd    DIR  253,0      142  67240070 /root
bash      6510          root  rtd    DIR  253,0      235       128 /
bash      6510          root  txt    REG  253,0  1389072  67323062 /usr/bin/bash
bash      6510          root  mem    REG  253,0  2586930    223716 /usr/lib/locale/en_US.utf8/LC_COLLATE
bash      6510          root  mem    REG  253,0  2544344 100922208 /usr/lib64/libc.so.6
bash      6510          root  mem    REG  253,0   346132 100921885 /usr/lib/locale/C.utf8/LC_CTYPE
bash      6510          root  mem    REG  253,0       54    223719 /usr/lib/locale/en_US.utf8/LC_NUMERIC
bash      6510          root  mem    REG  253,0     3284  34000453 /usr/lib/locale/en_US.utf8/LC_TIME
bash      6510          root  mem    REG  253,0      286  34000451 /usr/lib/locale/en_US.utf8/LC_MONETARY
bash      6510          root  mem    REG  253,0       57  34000464 /usr/lib/locale/en_US.utf8/LC_MESSAGES/SYS_LC_MESSAGES
bash      6510          root  mem    REG  253,0    26988  67396209 /usr/lib64/gconv/gconv-modules.cache
bash      6510          root  mem    REG  253,0   195080 100921869 /usr/lib64/libtinfo.so.6.2
bash      6510          root  mem    REG  253,0       34 100922186 /usr/lib/locale/en_US.utf8/LC_PAPER
bash      6510          root  mem    REG  253,0       77    223718 /usr/lib/locale/en_US.utf8/LC_NAME
bash      6510          root  mem    REG  253,0      167  34000447 /usr/lib/locale/en_US.utf8/LC_ADDRESS
bash      6510          root  mem    REG  253,0       59  34000452 /usr/lib/locale/en_US.utf8/LC_TELEPHONE
bash      6510          root  mem    REG  253,0       23  34000450 /usr/lib/locale/en_US.utf8/LC_MEASUREMENT
bash      6510          root  mem    REG  253,0      369  34000449 /usr/lib/locale/en_US.utf8/LC_IDENTIFICATION
bash      6510          root  mem    REG  253,0   897856 100922204 /usr/lib64/ld-linux-x86-64.so.2
bash      6510          root    0r   CHR    1,3      0t0         4 /dev/null
bash      6510          root    1w   REG  253,0        0  43735380 /tmp/memory_monitor.log
bash      6510          root    2w   REG  253,0        0  43735380 /tmp/memory_monitor.log
bash      6510          root    3r  FIFO   0,13      0t0     57407 pipe

    PID    PPID CMD                           RSS    VSZ %CPU %MEM     ELAPSED
Receptor Child Processes for PID 6911:
  No child processes found
Receptor Threads for PID 6911:
    PID    SPID %CPU %MEM   RSS COMMAND
Receptor Network Connections for PID 6911:
COMMAND    PID          USER   FD   TYPE DEVICE SIZE/OFF NODE NAME
chronyd    752        chrony    5u  IPv4  23287      0t0  UDP localhost:323 
chronyd    752        chrony    6u  IPv6  23288      0t0  UDP localhost:323 
NetworkMa  755          root   26u  IPv4  25683      0t0  UDP aap25-database.aap-test.local:bootpc->pi.hole:bootps 
sshd       782          root    3u  IPv4  21380      0t0  TCP *:ssh (LISTEN)
sshd       782          root    4u  IPv6  21382      0t0  TCP *:ssh (LISTEN)
node_expo 1073 node_exporter    3u  IPv6  25730      0t0  TCP *:jetdirect (LISTEN)
node_expo 1073 node_exporter    7u  IPv6  25864      0t0  TCP aap25-database.aap-test.local:jetdirect->monitoring-node.aap-test.local:50192 (ESTABLISHED)
postmaste 1083      postgres    6u  IPv4  24787      0t0  TCP *:postgres (LISTEN)
postmaste 1083      postgres    7u  IPv6  24788      0t0  TCP *:postgres (LISTEN)
sshd      6351          root    4u  IPv4  49911      0t0  TCP aap25-database.aap-test.local:ssh->192.168.1.49:44458 (ESTABLISHED)
sshd      6372          root    4u  IPv4  49911      0t0  TCP aap25-database.aap-test.local:ssh->192.168.1.49:44458 (ESTABLISHED)
  No network connections found

=== RECEPTOR MEMORY SUMMARY ===
Total Receptor RSS Memory: 3328 KB (3 MB)
Total Receptor VSZ Memory: 7260 KB (7 MB)
Number of Receptor Processes: 2

AAP-related Processes and Children:
=== AAP Service Processes ===
Process: bash (PID: 6510)
    PID    PPID CMD                           RSS
   6510       1 bash -c  log_file="/tmp/mem  3328
  Children of PID 6510:
    PID    PPID CMD                           RSS
   6972    6510 bash -c  log_file="/tmp/mem  2052

Process: bash (PID: 6972)
    PID    PPID CMD                           RSS
   6972    6510 bash -c  log_file="/tmp/mem  2052
  Children of PID 6972:
    PID    PPID CMD                           RSS


Process Tree for AAP Services:
=== automation-controller Process Tree ===
bash(6510)---pstree(6983)
=== receptor Process Tree ===
bash(6510)---pstree(6987)
=== nginx Process Tree ===
bash(6510)---pstree(6991)
=== postgresql Process Tree ===
bash(6510)---pstree(6995)
=== redis Process Tree ===
bash(6510)---pstree(6999)
=== uwsgi Process Tree ===
bash(6510)---pstree(7003)
=== automation-hub Process Tree ===
bash(6510)---pstree(7007)
=== automation-eda Process Tree ===
bash(6510)---pstree(7011)

=================================================================================
2025-06-27 15:15:47
Memory Usage Report:
               total        used        free      shared  buff/cache   available
Mem:            7681         573        7081         110         374        7107
Swap:           4095           0        4095

Top 10 Processes by RSS Memory:
    PID    PPID CMD                           RSS
   1083       1 /usr/bin/postmaster -D /var 114048
    744       1 /usr/bin/python3 -s /usr/sb 41016
    947       1 /usr/lib/polkit-1/polkitd - 29740
    787       1 /usr/bin/python3 -Es /usr/s 28908
   1073       1 /usr/local/bin/node_exporte 27780
   1189    1083 postgres: checkpointer      26748
   1191    1083 postgres: background writer 25084
   1202    1083 postgres: walwriter         22012
    755       1 /usr/sbin/NetworkManager -- 21264
      1       0 /usr/lib/systemd/systemd rh 16560

=== RECEPTOR PROCESS ANALYSIS ===
Receptor Main Processes:
    PID    PPID CMD                           RSS    VSZ %CPU %MEM     ELAPSED
   6510       1 bash -c  log_file="/tmp/mem  3328   7260  0.0  0.0       01:31
Receptor Child Processes for PID 6510:
      PID    PPID CMD                           RSS    VSZ %CPU %MEM     ELAPSED
Receptor Threads for PID 6510:
    PID    SPID %CPU %MEM   RSS COMMAND
   6510    6510  0.0  0.0  3328 bash
Receptor Network Connections for PID 6510:
COMMAND    PID          USER   FD   TYPE DEVICE SIZE/OFF      NODE NAME
chronyd    752        chrony    5u  IPv4  23287      0t0       UDP localhost:323 
chronyd    752        chrony    6u  IPv6  23288      0t0       UDP localhost:323 
NetworkMa  755          root   26u  IPv4  25683      0t0       UDP aap25-database.aap-test.local:bootpc->pi.hole:bootps 
sshd       782          root    3u  IPv4  21380      0t0       TCP *:ssh (LISTEN)
sshd       782          root    4u  IPv6  21382      0t0       TCP *:ssh (LISTEN)
node_expo 1073 node_exporter    3u  IPv6  25730      0t0       TCP *:jetdirect (LISTEN)
node_expo 1073 node_exporter    7u  IPv6  25864      0t0       TCP aap25-database.aap-test.local:jetdirect->monitoring-node.aap-test.local:50192 (ESTABLISHED)
postmaste 1083      postgres    6u  IPv4  24787      0t0       TCP *:postgres (LISTEN)
postmaste 1083      postgres    7u  IPv6  24788      0t0       TCP *:postgres (LISTEN)
sshd      6351          root    4u  IPv4  49911      0t0       TCP aap25-database.aap-test.local:ssh->192.168.1.49:44458 (ESTABLISHED)
sshd      6372          root    4u  IPv4  49911      0t0       TCP aap25-database.aap-test.local:ssh->192.168.1.49:44458 (ESTABLISHED)
bash      6510          root  cwd    DIR  253,0      142  67240070 /root
bash      6510          root  rtd    DIR  253,0      235       128 /
bash      6510          root  txt    REG  253,0  1389072  67323062 /usr/bin/bash
bash      6510          root  mem    REG  253,0  2586930    223716 /usr/lib/locale/en_US.utf8/LC_COLLATE
bash      6510          root  mem    REG  253,0  2544344 100922208 /usr/lib64/libc.so.6
bash      6510          root  mem    REG  253,0   346132 100921885 /usr/lib/locale/C.utf8/LC_CTYPE
bash      6510          root  mem    REG  253,0       54    223719 /usr/lib/locale/en_US.utf8/LC_NUMERIC
bash      6510          root  mem    REG  253,0     3284  34000453 /usr/lib/locale/en_US.utf8/LC_TIME
bash      6510          root  mem    REG  253,0      286  34000451 /usr/lib/locale/en_US.utf8/LC_MONETARY
bash      6510          root  mem    REG  253,0       57  34000464 /usr/lib/locale/en_US.utf8/LC_MESSAGES/SYS_LC_MESSAGES
bash      6510          root  mem    REG  253,0    26988  67396209 /usr/lib64/gconv/gconv-modules.cache
bash      6510          root  mem    REG  253,0   195080 100921869 /usr/lib64/libtinfo.so.6.2
bash      6510          root  mem    REG  253,0       34 100922186 /usr/lib/locale/en_US.utf8/LC_PAPER
bash      6510          root  mem    REG  253,0       77    223718 /usr/lib/locale/en_US.utf8/LC_NAME
bash      6510          root  mem    REG  253,0      167  34000447 /usr/lib/locale/en_US.utf8/LC_ADDRESS
bash      6510          root  mem    REG  253,0       59  34000452 /usr/lib/locale/en_US.utf8/LC_TELEPHONE
bash      6510          root  mem    REG  253,0       23  34000450 /usr/lib/locale/en_US.utf8/LC_MEASUREMENT
bash      6510          root  mem    REG  253,0      369  34000449 /usr/lib/locale/en_US.utf8/LC_IDENTIFICATION
bash      6510          root  mem    REG  253,0   897856 100922204 /usr/lib64/ld-linux-x86-64.so.2
bash      6510          root    0r   CHR    1,3      0t0         4 /dev/null
bash      6510          root    1w   REG  253,0        0  43735380 /tmp/memory_monitor.log
bash      6510          root    2w   REG  253,0        0  43735380 /tmp/memory_monitor.log
bash      6510          root    3r  FIFO   0,13      0t0     57618 pipe

    PID    PPID CMD                           RSS    VSZ %CPU %MEM     ELAPSED
Receptor Child Processes for PID 7095:
  No child processes found
Receptor Threads for PID 7095:
    PID    SPID %CPU %MEM   RSS COMMAND
Receptor Network Connections for PID 7095:
COMMAND    PID          USER   FD   TYPE DEVICE SIZE/OFF NODE NAME
chronyd    752        chrony    5u  IPv4  23287      0t0  UDP localhost:323 
chronyd    752        chrony    6u  IPv6  23288      0t0  UDP localhost:323 
NetworkMa  755          root   26u  IPv4  25683      0t0  UDP aap25-database.aap-test.local:bootpc->pi.hole:bootps 
sshd       782          root    3u  IPv4  21380      0t0  TCP *:ssh (LISTEN)
sshd       782          root    4u  IPv6  21382      0t0  TCP *:ssh (LISTEN)
node_expo 1073 node_exporter    3u  IPv6  25730      0t0  TCP *:jetdirect (LISTEN)
node_expo 1073 node_exporter    7u  IPv6  25864      0t0  TCP aap25-database.aap-test.local:jetdirect->monitoring-node.aap-test.local:50192 (ESTABLISHED)
postmaste 1083      postgres    6u  IPv4  24787      0t0  TCP *:postgres (LISTEN)
postmaste 1083      postgres    7u  IPv6  24788      0t0  TCP *:postgres (LISTEN)
sshd      6351          root    4u  IPv4  49911      0t0  TCP aap25-database.aap-test.local:ssh->192.168.1.49:44458 (ESTABLISHED)
sshd      6372          root    4u  IPv4  49911      0t0  TCP aap25-database.aap-test.local:ssh->192.168.1.49:44458 (ESTABLISHED)
  No network connections found

=== RECEPTOR MEMORY SUMMARY ===
Total Receptor RSS Memory: 3328 KB (3 MB)
Total Receptor VSZ Memory: 7260 KB (7 MB)
Number of Receptor Processes: 2

AAP-related Processes and Children:
=== AAP Service Processes ===
Process: bash (PID: 6510)
    PID    PPID CMD                           RSS
   6510       1 bash -c  log_file="/tmp/mem  3328
  Children of PID 6510:
    PID    PPID CMD                           RSS
   7154    6510 bash -c  log_file="/tmp/mem  2056

Process: bash (PID: 7154)
    PID    PPID CMD                           RSS
   7154    6510 bash -c  log_file="/tmp/mem  2056
  Children of PID 7154:
    PID    PPID CMD                           RSS


Process Tree for AAP Services:
=== automation-controller Process Tree ===
bash(6510)---pstree(7165)
=== receptor Process Tree ===
bash(6510)---pstree(7169)
=== nginx Process Tree ===
bash(6510)---pstree(7173)
=== postgresql Process Tree ===
bash(6510)---pstree(7177)
=== redis Process Tree ===
bash(6510)---pstree(7181)
=== uwsgi Process Tree ===
bash(6510)---pstree(7185)
=== automation-hub Process Tree ===
bash(6510)---pstree(7189)
=== automation-eda Process Tree ===
bash(6510)---pstree(7193)

=================================================================================
2025-06-27 15:16:17
Memory Usage Report:
               total        used        free      shared  buff/cache   available
Mem:            7681         572        7081         110         374        7108
Swap:           4095           0        4095

Top 10 Processes by RSS Memory:
    PID    PPID CMD                           RSS
   1083       1 /usr/bin/postmaster -D /var 114048
    744       1 /usr/bin/python3 -s /usr/sb 41016
    947       1 /usr/lib/polkit-1/polkitd - 29740
    787       1 /usr/bin/python3 -Es /usr/s 28908
   1073       1 /usr/local/bin/node_exporte 27648
   1189    1083 postgres: checkpointer      26748
   1191    1083 postgres: background writer 25084
   1202    1083 postgres: walwriter         22012
    755       1 /usr/sbin/NetworkManager -- 21264
      1       0 /usr/lib/systemd/systemd rh 16560

=== RECEPTOR PROCESS ANALYSIS ===
Receptor Main Processes:
    PID    PPID CMD                           RSS    VSZ %CPU %MEM     ELAPSED
   6510       1 bash -c  log_file="/tmp/mem  3328   7260  0.0  0.0       02:02
Receptor Child Processes for PID 6510:
      PID    PPID CMD                           RSS    VSZ %CPU %MEM     ELAPSED
Receptor Threads for PID 6510:
    PID    SPID %CPU %MEM   RSS COMMAND
   6510    6510  0.0  0.0  3328 bash
Receptor Network Connections for PID 6510:
COMMAND    PID          USER   FD   TYPE DEVICE SIZE/OFF      NODE NAME
chronyd    752        chrony    5u  IPv4  23287      0t0       UDP localhost:323 
chronyd    752        chrony    6u  IPv6  23288      0t0       UDP localhost:323 
NetworkMa  755          root   26u  IPv4  25683      0t0       UDP aap25-database.aap-test.local:bootpc->pi.hole:bootps 
sshd       782          root    3u  IPv4  21380      0t0       TCP *:ssh (LISTEN)
sshd       782          root    4u  IPv6  21382      0t0       TCP *:ssh (LISTEN)
node_expo 1073 node_exporter    3u  IPv6  25730      0t0       TCP *:jetdirect (LISTEN)
node_expo 1073 node_exporter    7u  IPv6  25864      0t0       TCP aap25-database.aap-test.local:jetdirect->monitoring-node.aap-test.local:50192 (ESTABLISHED)
postmaste 1083      postgres    6u  IPv4  24787      0t0       TCP *:postgres (LISTEN)
postmaste 1083      postgres    7u  IPv6  24788      0t0       TCP *:postgres (LISTEN)
bash      6510          root  cwd    DIR  253,0      142  67240070 /root
bash      6510          root  rtd    DIR  253,0      235       128 /
bash      6510          root  txt    REG  253,0  1389072  67323062 /usr/bin/bash
bash      6510          root  mem    REG  253,0  2586930    223716 /usr/lib/locale/en_US.utf8/LC_COLLATE
bash      6510          root  mem    REG  253,0  2544344 100922208 /usr/lib64/libc.so.6
bash      6510          root  mem    REG  253,0   346132 100921885 /usr/lib/locale/C.utf8/LC_CTYPE
bash      6510          root  mem    REG  253,0       54    223719 /usr/lib/locale/en_US.utf8/LC_NUMERIC
bash      6510          root  mem    REG  253,0     3284  34000453 /usr/lib/locale/en_US.utf8/LC_TIME
bash      6510          root  mem    REG  253,0      286  34000451 /usr/lib/locale/en_US.utf8/LC_MONETARY
bash      6510          root  mem    REG  253,0       57  34000464 /usr/lib/locale/en_US.utf8/LC_MESSAGES/SYS_LC_MESSAGES
bash      6510          root  mem    REG  253,0    26988  67396209 /usr/lib64/gconv/gconv-modules.cache
bash      6510          root  mem    REG  253,0   195080 100921869 /usr/lib64/libtinfo.so.6.2
bash      6510          root  mem    REG  253,0       34 100922186 /usr/lib/locale/en_US.utf8/LC_PAPER
bash      6510          root  mem    REG  253,0       77    223718 /usr/lib/locale/en_US.utf8/LC_NAME
bash      6510          root  mem    REG  253,0      167  34000447 /usr/lib/locale/en_US.utf8/LC_ADDRESS
bash      6510          root  mem    REG  253,0       59  34000452 /usr/lib/locale/en_US.utf8/LC_TELEPHONE
bash      6510          root  mem    REG  253,0       23  34000450 /usr/lib/locale/en_US.utf8/LC_MEASUREMENT
bash      6510          root  mem    REG  253,0      369  34000449 /usr/lib/locale/en_US.utf8/LC_IDENTIFICATION
bash      6510          root  mem    REG  253,0   897856 100922204 /usr/lib64/ld-linux-x86-64.so.2
bash      6510          root    0r   CHR    1,3      0t0         4 /dev/null
bash      6510          root    1w   REG  253,0        0  43735380 /tmp/memory_monitor.log
bash      6510          root    2w   REG  253,0        0  43735380 /tmp/memory_monitor.log
bash      6510          root    3r  FIFO   0,13      0t0     57164 pipe

    PID    PPID CMD                           RSS    VSZ %CPU %MEM     ELAPSED
Receptor Child Processes for PID 7278:
  No child processes found
Receptor Threads for PID 7278:
    PID    SPID %CPU %MEM   RSS COMMAND
Receptor Network Connections for PID 7278:
COMMAND    PID          USER   FD   TYPE DEVICE SIZE/OFF NODE NAME
chronyd    752        chrony    5u  IPv4  23287      0t0  UDP localhost:323 
chronyd    752        chrony    6u  IPv6  23288      0t0  UDP localhost:323 
NetworkMa  755          root   26u  IPv4  25683      0t0  UDP aap25-database.aap-test.local:bootpc->pi.hole:bootps 
sshd       782          root    3u  IPv4  21380      0t0  TCP *:ssh (LISTEN)
sshd       782          root    4u  IPv6  21382      0t0  TCP *:ssh (LISTEN)
node_expo 1073 node_exporter    3u  IPv6  25730      0t0  TCP *:jetdirect (LISTEN)
node_expo 1073 node_exporter    7u  IPv6  25864      0t0  TCP aap25-database.aap-test.local:jetdirect->monitoring-node.aap-test.local:50192 (ESTABLISHED)
postmaste 1083      postgres    6u  IPv4  24787      0t0  TCP *:postgres (LISTEN)
postmaste 1083      postgres    7u  IPv6  24788      0t0  TCP *:postgres (LISTEN)
  No network connections found

=== RECEPTOR MEMORY SUMMARY ===
Total Receptor RSS Memory: 3328 KB (3 MB)
Total Receptor VSZ Memory: 7260 KB (7 MB)
Number of Receptor Processes: 2

AAP-related Processes and Children:
=== AAP Service Processes ===
Process: bash (PID: 6510)
    PID    PPID CMD                           RSS
   6510       1 bash -c  log_file="/tmp/mem  3328
  Children of PID 6510:
    PID    PPID CMD                           RSS
   7337    6510 bash -c  log_file="/tmp/mem  2056

Process: bash (PID: 7337)
    PID    PPID CMD                           RSS
   7337    6510 bash -c  log_file="/tmp/mem  2056
  Children of PID 7337:
    PID    PPID CMD                           RSS


Process Tree for AAP Services:
=== automation-controller Process Tree ===
bash(6510)---pstree(7348)
=== receptor Process Tree ===
bash(6510)---pstree(7352)
=== nginx Process Tree ===
bash(6510)---pstree(7356)
=== postgresql Process Tree ===
bash(6510)---pstree(7360)
=== redis Process Tree ===
bash(6510)---pstree(7364)
=== uwsgi Process Tree ===
bash(6510)---pstree(7368)
=== automation-hub Process Tree ===
bash(6510)---pstree(7372)
=== automation-eda Process Tree ===
bash(6510)---pstree(7376)

=================================================================================
2025-06-27 15:16:48
Memory Usage Report:
               total        used        free      shared  buff/cache   available
Mem:            7681         569        7084         110         374        7111
Swap:           4095           0        4095

Top 10 Processes by RSS Memory:
    PID    PPID CMD                           RSS
   1083       1 /usr/bin/postmaster -D /var 114048
    744       1 /usr/bin/python3 -s /usr/sb 41016
    947       1 /usr/lib/polkit-1/polkitd - 29740
    787       1 /usr/bin/python3 -Es /usr/s 28908
   1073       1 /usr/local/bin/node_exporte 28000
   1189    1083 postgres: checkpointer      26748
   1191    1083 postgres: background writer 25084
   1202    1083 postgres: walwriter         22012
    755       1 /usr/sbin/NetworkManager -- 21264
      1       0 /usr/lib/systemd/systemd rh 16560

=== RECEPTOR PROCESS ANALYSIS ===
Receptor Main Processes:
    PID    PPID CMD                           RSS    VSZ %CPU %MEM     ELAPSED
   6510       1 bash -c  log_file="/tmp/mem  3328   7260  0.0  0.0       02:32
Receptor Child Processes for PID 6510:
      PID    PPID CMD                           RSS    VSZ %CPU %MEM     ELAPSED
Receptor Threads for PID 6510:
    PID    SPID %CPU %MEM   RSS COMMAND
   6510    6510  0.0  0.0  3328 bash
Receptor Network Connections for PID 6510:
COMMAND    PID          USER   FD   TYPE DEVICE SIZE/OFF      NODE NAME
chronyd    752        chrony    5u  IPv4  23287      0t0       UDP localhost:323 
chronyd    752        chrony    6u  IPv6  23288      0t0       UDP localhost:323 
NetworkMa  755          root   26u  IPv4  25683      0t0       UDP aap25-database.aap-test.local:bootpc->pi.hole:bootps 
sshd       782          root    3u  IPv4  21380      0t0       TCP *:ssh (LISTEN)
sshd       782          root    4u  IPv6  21382      0t0       TCP *:ssh (LISTEN)
node_expo 1073 node_exporter    3u  IPv6  25730      0t0       TCP *:jetdirect (LISTEN)
node_expo 1073 node_exporter    7u  IPv6  25864      0t0       TCP aap25-database.aap-test.local:jetdirect->monitoring-node.aap-test.local:50192 (ESTABLISHED)
postmaste 1083      postgres    6u  IPv4  24787      0t0       TCP *:postgres (LISTEN)
postmaste 1083      postgres    7u  IPv6  24788      0t0       TCP *:postgres (LISTEN)
bash      6510          root  cwd    DIR  253,0      142  67240070 /root
bash      6510          root  rtd    DIR  253,0      235       128 /
bash      6510          root  txt    REG  253,0  1389072  67323062 /usr/bin/bash
bash      6510          root  mem    REG  253,0  2586930    223716 /usr/lib/locale/en_US.utf8/LC_COLLATE
bash      6510          root  mem    REG  253,0  2544344 100922208 /usr/lib64/libc.so.6
bash      6510          root  mem    REG  253,0   346132 100921885 /usr/lib/locale/C.utf8/LC_CTYPE
bash      6510          root  mem    REG  253,0       54    223719 /usr/lib/locale/en_US.utf8/LC_NUMERIC
bash      6510          root  mem    REG  253,0     3284  34000453 /usr/lib/locale/en_US.utf8/LC_TIME
bash      6510          root  mem    REG  253,0      286  34000451 /usr/lib/locale/en_US.utf8/LC_MONETARY
bash      6510          root  mem    REG  253,0       57  34000464 /usr/lib/locale/en_US.utf8/LC_MESSAGES/SYS_LC_MESSAGES
bash      6510          root  mem    REG  253,0    26988  67396209 /usr/lib64/gconv/gconv-modules.cache
bash      6510          root  mem    REG  253,0   195080 100921869 /usr/lib64/libtinfo.so.6.2
bash      6510          root  mem    REG  253,0       34 100922186 /usr/lib/locale/en_US.utf8/LC_PAPER
bash      6510          root  mem    REG  253,0       77    223718 /usr/lib/locale/en_US.utf8/LC_NAME
bash      6510          root  mem    REG  253,0      167  34000447 /usr/lib/locale/en_US.utf8/LC_ADDRESS
bash      6510          root  mem    REG  253,0       59  34000452 /usr/lib/locale/en_US.utf8/LC_TELEPHONE
bash      6510          root  mem    REG  253,0       23  34000450 /usr/lib/locale/en_US.utf8/LC_MEASUREMENT
bash      6510          root  mem    REG  253,0      369  34000449 /usr/lib/locale/en_US.utf8/LC_IDENTIFICATION
bash      6510          root  mem    REG  253,0   897856 100922204 /usr/lib64/ld-linux-x86-64.so.2
bash      6510          root    0r   CHR    1,3      0t0         4 /dev/null
bash      6510          root    1w   REG  253,0        0  43735380 /tmp/memory_monitor.log
bash      6510          root    2w   REG  253,0        0  43735380 /tmp/memory_monitor.log
bash      6510          root    3r  FIFO   0,13      0t0     60419 pipe

    PID    PPID CMD                           RSS    VSZ %CPU %MEM     ELAPSED
Receptor Child Processes for PID 7461:
  No child processes found
Receptor Threads for PID 7461:
    PID    SPID %CPU %MEM   RSS COMMAND
Receptor Network Connections for PID 7461:
COMMAND    PID          USER   FD   TYPE DEVICE SIZE/OFF NODE NAME
chronyd    752        chrony    5u  IPv4  23287      0t0  UDP localhost:323 
chronyd    752        chrony    6u  IPv6  23288      0t0  UDP localhost:323 
NetworkMa  755          root   26u  IPv4  25683      0t0  UDP aap25-database.aap-test.local:bootpc->pi.hole:bootps 
sshd       782          root    3u  IPv4  21380      0t0  TCP *:ssh (LISTEN)
sshd       782          root    4u  IPv6  21382      0t0  TCP *:ssh (LISTEN)
node_expo 1073 node_exporter    3u  IPv6  25730      0t0  TCP *:jetdirect (LISTEN)
node_expo 1073 node_exporter    7u  IPv6  25864      0t0  TCP aap25-database.aap-test.local:jetdirect->monitoring-node.aap-test.local:50192 (ESTABLISHED)
postmaste 1083      postgres    6u  IPv4  24787      0t0  TCP *:postgres (LISTEN)
postmaste 1083      postgres    7u  IPv6  24788      0t0  TCP *:postgres (LISTEN)
  No network connections found

=== RECEPTOR MEMORY SUMMARY ===
Total Receptor RSS Memory: 3328 KB (3 MB)
Total Receptor VSZ Memory: 7260 KB (7 MB)
Number of Receptor Processes: 2

AAP-related Processes and Children:
=== AAP Service Processes ===
Process: bash (PID: 6510)
    PID    PPID CMD                           RSS
   6510       1 bash -c  log_file="/tmp/mem  3328
  Children of PID 6510:
    PID    PPID CMD                           RSS
   7520    6510 bash -c  log_file="/tmp/mem  2060

Process: bash (PID: 7520)
    PID    PPID CMD                           RSS
   7520    6510 bash -c  log_file="/tmp/mem  2060
  Children of PID 7520:
    PID    PPID CMD                           RSS


Process Tree for AAP Services:
=== automation-controller Process Tree ===
bash(6510)---pstree(7531)
=== receptor Process Tree ===
bash(6510)---pstree(7535)
=== nginx Process Tree ===
bash(6510)---pstree(7539)
=== postgresql Process Tree ===
bash(6510)---pstree(7543)
=== redis Process Tree ===
bash(6510)---pstree(7547)
=== uwsgi Process Tree ===
bash(6510)---pstree(7551)
=== automation-hub Process Tree ===
bash(6510)---pstree(7555)
=== automation-eda Process Tree ===
bash(6510)---pstree(7559)

=================================================================================
2025-06-27 15:17:18
Memory Usage Report:
               total        used        free      shared  buff/cache   available
Mem:            7681         570        7084         110         374        7110
Swap:           4095           0        4095

Top 10 Processes by RSS Memory:
    PID    PPID CMD                           RSS
   1083       1 /usr/bin/postmaster -D /var 114048
    744       1 /usr/bin/python3 -s /usr/sb 41016
    947       1 /usr/lib/polkit-1/polkitd - 29740
    787       1 /usr/bin/python3 -Es /usr/s 28908
   1073       1 /usr/local/bin/node_exporte 27704
   1189    1083 postgres: checkpointer      26748
   1191    1083 postgres: background writer 25084
   1202    1083 postgres: walwriter         22012
    755       1 /usr/sbin/NetworkManager -- 21264
      1       0 /usr/lib/systemd/systemd rh 16560

=== RECEPTOR PROCESS ANALYSIS ===
Receptor Main Processes:
    PID    PPID CMD                           RSS    VSZ %CPU %MEM     ELAPSED
   6510       1 bash -c  log_file="/tmp/mem  3328   7260  0.0  0.0       03:03
Receptor Child Processes for PID 6510:
      PID    PPID CMD                           RSS    VSZ %CPU %MEM     ELAPSED
Receptor Threads for PID 6510:
    PID    SPID %CPU %MEM   RSS COMMAND
   6510    6510  0.0  0.0  3328 bash
Receptor Network Connections for PID 6510:
COMMAND    PID          USER   FD   TYPE DEVICE SIZE/OFF      NODE NAME
chronyd    752        chrony    5u  IPv4  23287      0t0       UDP localhost:323 
chronyd    752        chrony    6u  IPv6  23288      0t0       UDP localhost:323 
NetworkMa  755          root   26u  IPv4  25683      0t0       UDP aap25-database.aap-test.local:bootpc->pi.hole:bootps 
sshd       782          root    3u  IPv4  21380      0t0       TCP *:ssh (LISTEN)
sshd       782          root    4u  IPv6  21382      0t0       TCP *:ssh (LISTEN)
node_expo 1073 node_exporter    3u  IPv6  25730      0t0       TCP *:jetdirect (LISTEN)
node_expo 1073 node_exporter    7u  IPv6  25864      0t0       TCP aap25-database.aap-test.local:jetdirect->monitoring-node.aap-test.local:50192 (ESTABLISHED)
postmaste 1083      postgres    6u  IPv4  24787      0t0       TCP *:postgres (LISTEN)
postmaste 1083      postgres    7u  IPv6  24788      0t0       TCP *:postgres (LISTEN)
bash      6510          root  cwd    DIR  253,0      142  67240070 /root
bash      6510          root  rtd    DIR  253,0      235       128 /
bash      6510          root  txt    REG  253,0  1389072  67323062 /usr/bin/bash
bash      6510          root  mem    REG  253,0  2586930    223716 /usr/lib/locale/en_US.utf8/LC_COLLATE
bash      6510          root  mem    REG  253,0  2544344 100922208 /usr/lib64/libc.so.6
bash      6510          root  mem    REG  253,0   346132 100921885 /usr/lib/locale/C.utf8/LC_CTYPE
bash      6510          root  mem    REG  253,0       54    223719 /usr/lib/locale/en_US.utf8/LC_NUMERIC
bash      6510          root  mem    REG  253,0     3284  34000453 /usr/lib/locale/en_US.utf8/LC_TIME
bash      6510          root  mem    REG  253,0      286  34000451 /usr/lib/locale/en_US.utf8/LC_MONETARY
bash      6510          root  mem    REG  253,0       57  34000464 /usr/lib/locale/en_US.utf8/LC_MESSAGES/SYS_LC_MESSAGES
bash      6510          root  mem    REG  253,0    26988  67396209 /usr/lib64/gconv/gconv-modules.cache
bash      6510          root  mem    REG  253,0   195080 100921869 /usr/lib64/libtinfo.so.6.2
bash      6510          root  mem    REG  253,0       34 100922186 /usr/lib/locale/en_US.utf8/LC_PAPER
bash      6510          root  mem    REG  253,0       77    223718 /usr/lib/locale/en_US.utf8/LC_NAME
bash      6510          root  mem    REG  253,0      167  34000447 /usr/lib/locale/en_US.utf8/LC_ADDRESS
bash      6510          root  mem    REG  253,0       59  34000452 /usr/lib/locale/en_US.utf8/LC_TELEPHONE
bash      6510          root  mem    REG  253,0       23  34000450 /usr/lib/locale/en_US.utf8/LC_MEASUREMENT
bash      6510          root  mem    REG  253,0      369  34000449 /usr/lib/locale/en_US.utf8/LC_IDENTIFICATION
bash      6510          root  mem    REG  253,0   897856 100922204 /usr/lib64/ld-linux-x86-64.so.2
bash      6510          root    0r   CHR    1,3      0t0         4 /dev/null
bash      6510          root    1w   REG  253,0        0  43735380 /tmp/memory_monitor.log
bash      6510          root    2w   REG  253,0        0  43735380 /tmp/memory_monitor.log
bash      6510          root    3r  FIFO   0,13      0t0     60710 pipe

    PID    PPID CMD                           RSS    VSZ %CPU %MEM     ELAPSED
Receptor Child Processes for PID 7644:
  No child processes found
Receptor Threads for PID 7644:
    PID    SPID %CPU %MEM   RSS COMMAND
Receptor Network Connections for PID 7644:
COMMAND    PID          USER   FD   TYPE DEVICE SIZE/OFF NODE NAME
chronyd    752        chrony    5u  IPv4  23287      0t0  UDP localhost:323 
chronyd    752        chrony    6u  IPv6  23288      0t0  UDP localhost:323 
NetworkMa  755          root   26u  IPv4  25683      0t0  UDP aap25-database.aap-test.local:bootpc->pi.hole:bootps 
sshd       782          root    3u  IPv4  21380      0t0  TCP *:ssh (LISTEN)
sshd       782          root    4u  IPv6  21382      0t0  TCP *:ssh (LISTEN)
node_expo 1073 node_exporter    3u  IPv6  25730      0t0  TCP *:jetdirect (LISTEN)
node_expo 1073 node_exporter    7u  IPv6  25864      0t0  TCP aap25-database.aap-test.local:jetdirect->monitoring-node.aap-test.local:50192 (ESTABLISHED)
postmaste 1083      postgres    6u  IPv4  24787      0t0  TCP *:postgres (LISTEN)
postmaste 1083      postgres    7u  IPv6  24788      0t0  TCP *:postgres (LISTEN)
  No network connections found

=== RECEPTOR MEMORY SUMMARY ===
Total Receptor RSS Memory: 3328 KB (3 MB)
Total Receptor VSZ Memory: 7260 KB (7 MB)
Number of Receptor Processes: 2

AAP-related Processes and Children:
=== AAP Service Processes ===
Process: bash (PID: 6510)
    PID    PPID CMD                           RSS
   6510       1 bash -c  log_file="/tmp/mem  3328
  Children of PID 6510:
    PID    PPID CMD                           RSS
   7704    6510 bash -c  log_file="/tmp/mem  2060

Process: bash (PID: 7704)
    PID    PPID CMD                           RSS
   7704    6510 bash -c  log_file="/tmp/mem  2060
  Children of PID 7704:
    PID    PPID CMD                           RSS


Process Tree for AAP Services:
=== automation-controller Process Tree ===
bash(6510)---pstree(7715)
=== receptor Process Tree ===
bash(6510)---pstree(7719)
=== nginx Process Tree ===
bash(6510)---pstree(7723)
=== postgresql Process Tree ===
bash(6510)---pstree(7727)
=== redis Process Tree ===
bash(6510)---pstree(7731)
=== uwsgi Process Tree ===
bash(6510)---pstree(7735)
=== automation-hub Process Tree ===
bash(6510)---pstree(7739)
=== automation-eda Process Tree ===
bash(6510)---pstree(7743)

=================================================================================
2025-06-27 15:17:49
Memory Usage Report:
               total        used        free      shared  buff/cache   available
Mem:            7681         574        7079         110         374        7106
Swap:           4095           0        4095

Top 10 Processes by RSS Memory:
    PID    PPID CMD                           RSS
   1083       1 /usr/bin/postmaster -D /var 114048
    744       1 /usr/bin/python3 -s /usr/sb 41016
    947       1 /usr/lib/polkit-1/polkitd - 29740
    787       1 /usr/bin/python3 -Es /usr/s 28908
   1073       1 /usr/local/bin/node_exporte 27960
   1189    1083 postgres: checkpointer      26748
   1191    1083 postgres: background writer 25084
   1202    1083 postgres: walwriter         22012
    755       1 /usr/sbin/NetworkManager -- 21264
      1       0 /usr/lib/systemd/systemd rh 16560

=== RECEPTOR PROCESS ANALYSIS ===
Receptor Main Processes:
    PID    PPID CMD                           RSS    VSZ %CPU %MEM     ELAPSED
   6510       1 bash -c  log_file="/tmp/mem  3328   7260  0.0  0.0       03:33
Receptor Child Processes for PID 6510:
      PID    PPID CMD                           RSS    VSZ %CPU %MEM     ELAPSED
Receptor Threads for PID 6510:
    PID    SPID %CPU %MEM   RSS COMMAND
   6510    6510  0.0  0.0  3328 bash
Receptor Network Connections for PID 6510:
COMMAND    PID          USER   FD   TYPE DEVICE SIZE/OFF      NODE NAME
chronyd    752        chrony    5u  IPv4  23287      0t0       UDP localhost:323 
chronyd    752        chrony    6u  IPv6  23288      0t0       UDP localhost:323 
NetworkMa  755          root   26u  IPv4  25683      0t0       UDP aap25-database.aap-test.local:bootpc->pi.hole:bootps 
sshd       782          root    3u  IPv4  21380      0t0       TCP *:ssh (LISTEN)
sshd       782          root    4u  IPv6  21382      0t0       TCP *:ssh (LISTEN)
node_expo 1073 node_exporter    3u  IPv6  25730      0t0       TCP *:jetdirect (LISTEN)
node_expo 1073 node_exporter    7u  IPv6  25864      0t0       TCP aap25-database.aap-test.local:jetdirect->monitoring-node.aap-test.local:50192 (ESTABLISHED)
postmaste 1083      postgres    6u  IPv4  24787      0t0       TCP *:postgres (LISTEN)
postmaste 1083      postgres    7u  IPv6  24788      0t0       TCP *:postgres (LISTEN)
bash      6510          root  cwd    DIR  253,0      142  67240070 /root
bash      6510          root  rtd    DIR  253,0      235       128 /
bash      6510          root  txt    REG  253,0  1389072  67323062 /usr/bin/bash
bash      6510          root  mem    REG  253,0  2586930    223716 /usr/lib/locale/en_US.utf8/LC_COLLATE
bash      6510          root  mem    REG  253,0  2544344 100922208 /usr/lib64/libc.so.6
bash      6510          root  mem    REG  253,0   346132 100921885 /usr/lib/locale/C.utf8/LC_CTYPE
bash      6510          root  mem    REG  253,0       54    223719 /usr/lib/locale/en_US.utf8/LC_NUMERIC
bash      6510          root  mem    REG  253,0     3284  34000453 /usr/lib/locale/en_US.utf8/LC_TIME
bash      6510          root  mem    REG  253,0      286  34000451 /usr/lib/locale/en_US.utf8/LC_MONETARY
bash      6510          root  mem    REG  253,0       57  34000464 /usr/lib/locale/en_US.utf8/LC_MESSAGES/SYS_LC_MESSAGES
bash      6510          root  mem    REG  253,0    26988  67396209 /usr/lib64/gconv/gconv-modules.cache
bash      6510          root  mem    REG  253,0   195080 100921869 /usr/lib64/libtinfo.so.6.2
bash      6510          root  mem    REG  253,0       34 100922186 /usr/lib/locale/en_US.utf8/LC_PAPER
bash      6510          root  mem    REG  253,0       77    223718 /usr/lib/locale/en_US.utf8/LC_NAME
bash      6510          root  mem    REG  253,0      167  34000447 /usr/lib/locale/en_US.utf8/LC_ADDRESS
bash      6510          root  mem    REG  253,0       59  34000452 /usr/lib/locale/en_US.utf8/LC_TELEPHONE
bash      6510          root  mem    REG  253,0       23  34000450 /usr/lib/locale/en_US.utf8/LC_MEASUREMENT
bash      6510          root  mem    REG  253,0      369  34000449 /usr/lib/locale/en_US.utf8/LC_IDENTIFICATION
bash      6510          root  mem    REG  253,0   897856 100922204 /usr/lib64/ld-linux-x86-64.so.2
bash      6510          root    0r   CHR    1,3      0t0         4 /dev/null
bash      6510          root    1w   REG  253,0        0  43735380 /tmp/memory_monitor.log
bash      6510          root    2w   REG  253,0        0  43735380 /tmp/memory_monitor.log
bash      6510          root    3r  FIFO   0,13      0t0     60987 pipe

    PID    PPID CMD                           RSS    VSZ %CPU %MEM     ELAPSED
Receptor Child Processes for PID 7831:
  No child processes found
Receptor Threads for PID 7831:
    PID    SPID %CPU %MEM   RSS COMMAND
Receptor Network Connections for PID 7831:
COMMAND    PID          USER   FD   TYPE DEVICE SIZE/OFF NODE NAME
chronyd    752        chrony    5u  IPv4  23287      0t0  UDP localhost:323 
chronyd    752        chrony    6u  IPv6  23288      0t0  UDP localhost:323 
NetworkMa  755          root   26u  IPv4  25683      0t0  UDP aap25-database.aap-test.local:bootpc->pi.hole:bootps 
sshd       782          root    3u  IPv4  21380      0t0  TCP *:ssh (LISTEN)
sshd       782          root    4u  IPv6  21382      0t0  TCP *:ssh (LISTEN)
node_expo 1073 node_exporter    3u  IPv6  25730      0t0  TCP *:jetdirect (LISTEN)
node_expo 1073 node_exporter    7u  IPv6  25864      0t0  TCP aap25-database.aap-test.local:jetdirect->monitoring-node.aap-test.local:50192 (ESTABLISHED)
postmaste 1083      postgres    6u  IPv4  24787      0t0  TCP *:postgres (LISTEN)
postmaste 1083      postgres    7u  IPv6  24788      0t0  TCP *:postgres (LISTEN)
  No network connections found

=== RECEPTOR MEMORY SUMMARY ===
Total Receptor RSS Memory: 3328 KB (3 MB)
Total Receptor VSZ Memory: 7260 KB (7 MB)
Number of Receptor Processes: 2

AAP-related Processes and Children:
=== AAP Service Processes ===
Process: bash (PID: 6510)
    PID    PPID CMD                           RSS
   6510       1 bash -c  log_file="/tmp/mem  3328
  Children of PID 6510:
    PID    PPID CMD                           RSS
   7890    6510 bash -c  log_file="/tmp/mem  2064

Process: bash (PID: 7890)
    PID    PPID CMD                           RSS
   7890    6510 bash -c  log_file="/tmp/mem  2064
  Children of PID 7890:
    PID    PPID CMD                           RSS


Process Tree for AAP Services:
=== automation-controller Process Tree ===
bash(6510)---pstree(7901)
=== receptor Process Tree ===
bash(6510)---pstree(7905)
=== nginx Process Tree ===
bash(6510)---pstree(7909)
=== postgresql Process Tree ===
bash(6510)---pstree(7913)
=== redis Process Tree ===
bash(6510)---pstree(7917)
=== uwsgi Process Tree ===
bash(6510)---pstree(7921)
=== automation-hub Process Tree ===
bash(6510)---pstree(7925)
=== automation-eda Process Tree ===
bash(6510)---pstree(7929)

=================================================================================
2025-06-27 15:18:19
Memory Usage Report:
               total        used        free      shared  buff/cache   available
Mem:            7681         570        7084         110         374        7111
Swap:           4095           0        4095

Top 10 Processes by RSS Memory:
    PID    PPID CMD                           RSS
   1083       1 /usr/bin/postmaster -D /var 114048
    744       1 /usr/bin/python3 -s /usr/sb 41016
    947       1 /usr/lib/polkit-1/polkitd - 29740
    787       1 /usr/bin/python3 -Es /usr/s 28908
   1073       1 /usr/local/bin/node_exporte 27780
   1189    1083 postgres: checkpointer      26748
   1191    1083 postgres: background writer 25084
   1202    1083 postgres: walwriter         22012
    755       1 /usr/sbin/NetworkManager -- 21264
      1       0 /usr/lib/systemd/systemd rh 16560

=== RECEPTOR PROCESS ANALYSIS ===
Receptor Main Processes:
    PID    PPID CMD                           RSS    VSZ %CPU %MEM     ELAPSED
   6510       1 bash -c  log_file="/tmp/mem  3328   7260  0.0  0.0       04:04
Receptor Child Processes for PID 6510:
      PID    PPID CMD                           RSS    VSZ %CPU %MEM     ELAPSED
Receptor Threads for PID 6510:
    PID    SPID %CPU %MEM   RSS COMMAND
   6510    6510  0.0  0.0  3328 bash
Receptor Network Connections for PID 6510:
COMMAND    PID          USER   FD   TYPE DEVICE SIZE/OFF      NODE NAME
chronyd    752        chrony    5u  IPv4  23287      0t0       UDP localhost:323 
chronyd    752        chrony    6u  IPv6  23288      0t0       UDP localhost:323 
NetworkMa  755          root   26u  IPv4  25683      0t0       UDP aap25-database.aap-test.local:bootpc->pi.hole:bootps 
sshd       782          root    3u  IPv4  21380      0t0       TCP *:ssh (LISTEN)
sshd       782          root    4u  IPv6  21382      0t0       TCP *:ssh (LISTEN)
node_expo 1073 node_exporter    3u  IPv6  25730      0t0       TCP *:jetdirect (LISTEN)
node_expo 1073 node_exporter    7u  IPv6  25864      0t0       TCP aap25-database.aap-test.local:jetdirect->monitoring-node.aap-test.local:50192 (ESTABLISHED)
postmaste 1083      postgres    6u  IPv4  24787      0t0       TCP *:postgres (LISTEN)
postmaste 1083      postgres    7u  IPv6  24788      0t0       TCP *:postgres (LISTEN)
bash      6510          root  cwd    DIR  253,0      142  67240070 /root
bash      6510          root  rtd    DIR  253,0      235       128 /
bash      6510          root  txt    REG  253,0  1389072  67323062 /usr/bin/bash
bash      6510          root  mem    REG  253,0  2586930    223716 /usr/lib/locale/en_US.utf8/LC_COLLATE
bash      6510          root  mem    REG  253,0  2544344 100922208 /usr/lib64/libc.so.6
bash      6510          root  mem    REG  253,0   346132 100921885 /usr/lib/locale/C.utf8/LC_CTYPE
bash      6510          root  mem    REG  253,0       54    223719 /usr/lib/locale/en_US.utf8/LC_NUMERIC
bash      6510          root  mem    REG  253,0     3284  34000453 /usr/lib/locale/en_US.utf8/LC_TIME
bash      6510          root  mem    REG  253,0      286  34000451 /usr/lib/locale/en_US.utf8/LC_MONETARY
bash      6510          root  mem    REG  253,0       57  34000464 /usr/lib/locale/en_US.utf8/LC_MESSAGES/SYS_LC_MESSAGES
bash      6510          root  mem    REG  253,0    26988  67396209 /usr/lib64/gconv/gconv-modules.cache
bash      6510          root  mem    REG  253,0   195080 100921869 /usr/lib64/libtinfo.so.6.2
bash      6510          root  mem    REG  253,0       34 100922186 /usr/lib/locale/en_US.utf8/LC_PAPER
bash      6510          root  mem    REG  253,0       77    223718 /usr/lib/locale/en_US.utf8/LC_NAME
bash      6510          root  mem    REG  253,0      167  34000447 /usr/lib/locale/en_US.utf8/LC_ADDRESS
bash      6510          root  mem    REG  253,0       59  34000452 /usr/lib/locale/en_US.utf8/LC_TELEPHONE
bash      6510          root  mem    REG  253,0       23  34000450 /usr/lib/locale/en_US.utf8/LC_MEASUREMENT
bash      6510          root  mem    REG  253,0      369  34000449 /usr/lib/locale/en_US.utf8/LC_IDENTIFICATION
bash      6510          root  mem    REG  253,0   897856 100922204 /usr/lib64/ld-linux-x86-64.so.2
bash      6510          root    0r   CHR    1,3      0t0         4 /dev/null
bash      6510          root    1w   REG  253,0        0  43735380 /tmp/memory_monitor.log
bash      6510          root    2w   REG  253,0        0  43735380 /tmp/memory_monitor.log
bash      6510          root    3r  FIFO   0,13      0t0     60250 pipe

    PID    PPID CMD                           RSS    VSZ %CPU %MEM     ELAPSED
Receptor Child Processes for PID 8015:
  No child processes found
Receptor Threads for PID 8015:
    PID    SPID %CPU %MEM   RSS COMMAND
Receptor Network Connections for PID 8015:
COMMAND    PID          USER   FD   TYPE DEVICE SIZE/OFF NODE NAME
chronyd    752        chrony    5u  IPv4  23287      0t0  UDP localhost:323 
chronyd    752        chrony    6u  IPv6  23288      0t0  UDP localhost:323 
NetworkMa  755          root   26u  IPv4  25683      0t0  UDP aap25-database.aap-test.local:bootpc->pi.hole:bootps 
sshd       782          root    3u  IPv4  21380      0t0  TCP *:ssh (LISTEN)
sshd       782          root    4u  IPv6  21382      0t0  TCP *:ssh (LISTEN)
node_expo 1073 node_exporter    3u  IPv6  25730      0t0  TCP *:jetdirect (LISTEN)
node_expo 1073 node_exporter    7u  IPv6  25864      0t0  TCP aap25-database.aap-test.local:jetdirect->monitoring-node.aap-test.local:50192 (ESTABLISHED)
postmaste 1083      postgres    6u  IPv4  24787      0t0  TCP *:postgres (LISTEN)
postmaste 1083      postgres    7u  IPv6  24788      0t0  TCP *:postgres (LISTEN)
  No network connections found

=== RECEPTOR MEMORY SUMMARY ===
Total Receptor RSS Memory: 3328 KB (3 MB)
Total Receptor VSZ Memory: 7260 KB (7 MB)
Number of Receptor Processes: 2

AAP-related Processes and Children:
=== AAP Service Processes ===
Process: bash (PID: 6510)
    PID    PPID CMD                           RSS
   6510       1 bash -c  log_file="/tmp/mem  3328
  Children of PID 6510:
    PID    PPID CMD                           RSS
   8074    6510 bash -c  log_file="/tmp/mem  2064

Process: bash (PID: 8074)
    PID    PPID CMD                           RSS
   8074    6510 bash -c  log_file="/tmp/mem  2064
  Children of PID 8074:
    PID    PPID CMD                           RSS


Process Tree for AAP Services:
=== automation-controller Process Tree ===
bash(6510)---pstree(8085)
=== receptor Process Tree ===
bash(6510)---pstree(8089)
=== nginx Process Tree ===
bash(6510)---pstree(8093)
=== postgresql Process Tree ===
bash(6510)---pstree(8097)
=== redis Process Tree ===
bash(6510)---pstree(8101)
=== uwsgi Process Tree ===
bash(6510)---pstree(8105)
=== automation-hub Process Tree ===
bash(6510)---pstree(8109)
=== automation-eda Process Tree ===
bash(6510)---pstree(8114)

=================================================================================
2025-06-27 15:18:50
Memory Usage Report:
               total        used        free      shared  buff/cache   available
Mem:            7681         569        7085         110         374        7111
Swap:           4095           0        4095

Top 10 Processes by RSS Memory:
    PID    PPID CMD                           RSS
   1083       1 /usr/bin/postmaster -D /var 114048
    744       1 /usr/bin/python3 -s /usr/sb 41016
    947       1 /usr/lib/polkit-1/polkitd - 29740
    787       1 /usr/bin/python3 -Es /usr/s 28908
   1073       1 /usr/local/bin/node_exporte 27748
   1189    1083 postgres: checkpointer      26748
   1191    1083 postgres: background writer 25084
   1202    1083 postgres: walwriter         22012
    755       1 /usr/sbin/NetworkManager -- 21264
      1       0 /usr/lib/systemd/systemd rh 16560

=== RECEPTOR PROCESS ANALYSIS ===
Receptor Main Processes:
    PID    PPID CMD                           RSS    VSZ %CPU %MEM     ELAPSED
   6510       1 bash -c  log_file="/tmp/mem  3328   7260  0.0  0.0       04:34
Receptor Child Processes for PID 6510:
      PID    PPID CMD                           RSS    VSZ %CPU %MEM     ELAPSED
Receptor Threads for PID 6510:
    PID    SPID %CPU %MEM   RSS COMMAND
   6510    6510  0.0  0.0  3328 bash
Receptor Network Connections for PID 6510:
COMMAND    PID          USER   FD   TYPE DEVICE SIZE/OFF      NODE NAME
chronyd    752        chrony    5u  IPv4  23287      0t0       UDP localhost:323 
chronyd    752        chrony    6u  IPv6  23288      0t0       UDP localhost:323 
NetworkMa  755          root   26u  IPv4  25683      0t0       UDP aap25-database.aap-test.local:bootpc->pi.hole:bootps 
sshd       782          root    3u  IPv4  21380      0t0       TCP *:ssh (LISTEN)
sshd       782          root    4u  IPv6  21382      0t0       TCP *:ssh (LISTEN)
node_expo 1073 node_exporter    3u  IPv6  25730      0t0       TCP *:jetdirect (LISTEN)
node_expo 1073 node_exporter    7u  IPv6  25864      0t0       TCP aap25-database.aap-test.local:jetdirect->monitoring-node.aap-test.local:50192 (ESTABLISHED)
postmaste 1083      postgres    6u  IPv4  24787      0t0       TCP *:postgres (LISTEN)
postmaste 1083      postgres    7u  IPv6  24788      0t0       TCP *:postgres (LISTEN)
bash      6510          root  cwd    DIR  253,0      142  67240070 /root
bash      6510          root  rtd    DIR  253,0      235       128 /
bash      6510          root  txt    REG  253,0  1389072  67323062 /usr/bin/bash
bash      6510          root  mem    REG  253,0  2586930    223716 /usr/lib/locale/en_US.utf8/LC_COLLATE
bash      6510          root  mem    REG  253,0  2544344 100922208 /usr/lib64/libc.so.6
bash      6510          root  mem    REG  253,0   346132 100921885 /usr/lib/locale/C.utf8/LC_CTYPE
bash      6510          root  mem    REG  253,0       54    223719 /usr/lib/locale/en_US.utf8/LC_NUMERIC
bash      6510          root  mem    REG  253,0     3284  34000453 /usr/lib/locale/en_US.utf8/LC_TIME
bash      6510          root  mem    REG  253,0      286  34000451 /usr/lib/locale/en_US.utf8/LC_MONETARY
bash      6510          root  mem    REG  253,0       57  34000464 /usr/lib/locale/en_US.utf8/LC_MESSAGES/SYS_LC_MESSAGES
bash      6510          root  mem    REG  253,0    26988  67396209 /usr/lib64/gconv/gconv-modules.cache
bash      6510          root  mem    REG  253,0   195080 100921869 /usr/lib64/libtinfo.so.6.2
bash      6510          root  mem    REG  253,0       34 100922186 /usr/lib/locale/en_US.utf8/LC_PAPER
bash      6510          root  mem    REG  253,0       77    223718 /usr/lib/locale/en_US.utf8/LC_NAME
bash      6510          root  mem    REG  253,0      167  34000447 /usr/lib/locale/en_US.utf8/LC_ADDRESS
bash      6510          root  mem    REG  253,0       59  34000452 /usr/lib/locale/en_US.utf8/LC_TELEPHONE
bash      6510          root  mem    REG  253,0       23  34000450 /usr/lib/locale/en_US.utf8/LC_MEASUREMENT
bash      6510          root  mem    REG  253,0      369  34000449 /usr/lib/locale/en_US.utf8/LC_IDENTIFICATION
bash      6510          root  mem    REG  253,0   897856 100922204 /usr/lib64/ld-linux-x86-64.so.2
bash      6510          root    0r   CHR    1,3      0t0         4 /dev/null
bash      6510          root    1w   REG  253,0        0  43735380 /tmp/memory_monitor.log
bash      6510          root    2w   REG  253,0        0  43735380 /tmp/memory_monitor.log
bash      6510          root    3r  FIFO   0,13      0t0     63679 pipe

    PID    PPID CMD                           RSS    VSZ %CPU %MEM     ELAPSED
Receptor Child Processes for PID 8198:
  No child processes found
Receptor Threads for PID 8198:
    PID    SPID %CPU %MEM   RSS COMMAND
Receptor Network Connections for PID 8198:
COMMAND    PID          USER   FD   TYPE DEVICE SIZE/OFF NODE NAME
chronyd    752        chrony    5u  IPv4  23287      0t0  UDP localhost:323 
chronyd    752        chrony    6u  IPv6  23288      0t0  UDP localhost:323 
NetworkMa  755          root   26u  IPv4  25683      0t0  UDP aap25-database.aap-test.local:bootpc->pi.hole:bootps 
sshd       782          root    3u  IPv4  21380      0t0  TCP *:ssh (LISTEN)
sshd       782          root    4u  IPv6  21382      0t0  TCP *:ssh (LISTEN)
node_expo 1073 node_exporter    3u  IPv6  25730      0t0  TCP *:jetdirect (LISTEN)
node_expo 1073 node_exporter    7u  IPv6  25864      0t0  TCP aap25-database.aap-test.local:jetdirect->monitoring-node.aap-test.local:50192 (ESTABLISHED)
postmaste 1083      postgres    6u  IPv4  24787      0t0  TCP *:postgres (LISTEN)
postmaste 1083      postgres    7u  IPv6  24788      0t0  TCP *:postgres (LISTEN)
  No network connections found

=== RECEPTOR MEMORY SUMMARY ===
Total Receptor RSS Memory: 3328 KB (3 MB)
Total Receptor VSZ Memory: 7260 KB (7 MB)
Number of Receptor Processes: 2

AAP-related Processes and Children:
=== AAP Service Processes ===
Process: bash (PID: 6510)
    PID    PPID CMD                           RSS
   6510       1 bash -c  log_file="/tmp/mem  3328
  Children of PID 6510:
    PID    PPID CMD                           RSS
   8257    6510 bash -c  log_file="/tmp/mem  2064

Process: bash (PID: 8257)
    PID    PPID CMD                           RSS
   8257    6510 bash -c  log_file="/tmp/mem  2064
  Children of PID 8257:
    PID    PPID CMD                           RSS


Process Tree for AAP Services:
=== automation-controller Process Tree ===
bash(6510)---pstree(8268)
=== receptor Process Tree ===
bash(6510)---pstree(8272)
=== nginx Process Tree ===
bash(6510)---pstree(8276)
=== postgresql Process Tree ===
bash(6510)---pstree(8280)
=== redis Process Tree ===
bash(6510)---pstree(8284)
=== uwsgi Process Tree ===
bash(6510)---pstree(8288)
=== automation-hub Process Tree ===
bash(6510)---pstree(8292)
=== automation-eda Process Tree ===
bash(6510)---pstree(8296)

=================================================================================
2025-06-27 15:19:20
Memory Usage Report:
               total        used        free      shared  buff/cache   available
Mem:            7681         571        7082         110         374        7109
Swap:           4095           0        4095

Top 10 Processes by RSS Memory:
    PID    PPID CMD                           RSS
   1083       1 /usr/bin/postmaster -D /var 114048
    744       1 /usr/bin/python3 -s /usr/sb 41016
    947       1 /usr/lib/polkit-1/polkitd - 29740
    787       1 /usr/bin/python3 -Es /usr/s 28908
   1073       1 /usr/local/bin/node_exporte 27712
   1189    1083 postgres: checkpointer      26748
   1191    1083 postgres: background writer 25084
   1202    1083 postgres: walwriter         22012
    755       1 /usr/sbin/NetworkManager -- 21264
      1       0 /usr/lib/systemd/systemd rh 16560

=== RECEPTOR PROCESS ANALYSIS ===
Receptor Main Processes:
    PID    PPID CMD                           RSS    VSZ %CPU %MEM     ELAPSED
   6510       1 bash -c  log_file="/tmp/mem  3328   7260  0.0  0.0       05:05
Receptor Child Processes for PID 6510:
      PID    PPID CMD                           RSS    VSZ %CPU %MEM     ELAPSED
Receptor Threads for PID 6510:
    PID    SPID %CPU %MEM   RSS COMMAND
   6510    6510  0.0  0.0  3328 bash
Receptor Network Connections for PID 6510:
COMMAND    PID          USER   FD   TYPE DEVICE SIZE/OFF      NODE NAME
chronyd    752        chrony    5u  IPv4  23287      0t0       UDP localhost:323 
chronyd    752        chrony    6u  IPv6  23288      0t0       UDP localhost:323 
NetworkMa  755          root   26u  IPv4  25683      0t0       UDP aap25-database.aap-test.local:bootpc->pi.hole:bootps 
sshd       782          root    3u  IPv4  21380      0t0       TCP *:ssh (LISTEN)
sshd       782          root    4u  IPv6  21382      0t0       TCP *:ssh (LISTEN)
node_expo 1073 node_exporter    3u  IPv6  25730      0t0       TCP *:jetdirect (LISTEN)
node_expo 1073 node_exporter    7u  IPv6  25864      0t0       TCP aap25-database.aap-test.local:jetdirect->monitoring-node.aap-test.local:50192 (ESTABLISHED)
postmaste 1083      postgres    6u  IPv4  24787      0t0       TCP *:postgres (LISTEN)
postmaste 1083      postgres    7u  IPv6  24788      0t0       TCP *:postgres (LISTEN)
bash      6510          root  cwd    DIR  253,0      142  67240070 /root
bash      6510          root  rtd    DIR  253,0      235       128 /
bash      6510          root  txt    REG  253,0  1389072  67323062 /usr/bin/bash
bash      6510          root  mem    REG  253,0  2586930    223716 /usr/lib/locale/en_US.utf8/LC_COLLATE
bash      6510          root  mem    REG  253,0  2544344 100922208 /usr/lib64/libc.so.6
bash      6510          root  mem    REG  253,0   346132 100921885 /usr/lib/locale/C.utf8/LC_CTYPE
bash      6510          root  mem    REG  253,0       54    223719 /usr/lib/locale/en_US.utf8/LC_NUMERIC
bash      6510          root  mem    REG  253,0     3284  34000453 /usr/lib/locale/en_US.utf8/LC_TIME
bash      6510          root  mem    REG  253,0      286  34000451 /usr/lib/locale/en_US.utf8/LC_MONETARY
bash      6510          root  mem    REG  253,0       57  34000464 /usr/lib/locale/en_US.utf8/LC_MESSAGES/SYS_LC_MESSAGES
bash      6510          root  mem    REG  253,0    26988  67396209 /usr/lib64/gconv/gconv-modules.cache
bash      6510          root  mem    REG  253,0   195080 100921869 /usr/lib64/libtinfo.so.6.2
bash      6510          root  mem    REG  253,0       34 100922186 /usr/lib/locale/en_US.utf8/LC_PAPER
bash      6510          root  mem    REG  253,0       77    223718 /usr/lib/locale/en_US.utf8/LC_NAME
bash      6510          root  mem    REG  253,0      167  34000447 /usr/lib/locale/en_US.utf8/LC_ADDRESS
bash      6510          root  mem    REG  253,0       59  34000452 /usr/lib/locale/en_US.utf8/LC_TELEPHONE
bash      6510          root  mem    REG  253,0       23  34000450 /usr/lib/locale/en_US.utf8/LC_MEASUREMENT
bash      6510          root  mem    REG  253,0      369  34000449 /usr/lib/locale/en_US.utf8/LC_IDENTIFICATION
bash      6510          root  mem    REG  253,0   897856 100922204 /usr/lib64/ld-linux-x86-64.so.2
bash      6510          root    0r   CHR    1,3      0t0         4 /dev/null
bash      6510          root    1w   REG  253,0        0  43735380 /tmp/memory_monitor.log
bash      6510          root    2w   REG  253,0        0  43735380 /tmp/memory_monitor.log
bash      6510          root    3r  FIFO   0,13      0t0     63904 pipe

    PID    PPID CMD                           RSS    VSZ %CPU %MEM     ELAPSED
Receptor Child Processes for PID 8384:
  No child processes found
Receptor Threads for PID 8384:
    PID    SPID %CPU %MEM   RSS COMMAND
Receptor Network Connections for PID 8384:
COMMAND    PID          USER   FD   TYPE DEVICE SIZE/OFF NODE NAME
chronyd    752        chrony    5u  IPv4  23287      0t0  UDP localhost:323 
chronyd    752        chrony    6u  IPv6  23288      0t0  UDP localhost:323 
NetworkMa  755          root   26u  IPv4  25683      0t0  UDP aap25-database.aap-test.local:bootpc->pi.hole:bootps 
sshd       782          root    3u  IPv4  21380      0t0  TCP *:ssh (LISTEN)
sshd       782          root    4u  IPv6  21382      0t0  TCP *:ssh (LISTEN)
node_expo 1073 node_exporter    3u  IPv6  25730      0t0  TCP *:jetdirect (LISTEN)
node_expo 1073 node_exporter    7u  IPv6  25864      0t0  TCP aap25-database.aap-test.local:jetdirect->monitoring-node.aap-test.local:50192 (ESTABLISHED)
postmaste 1083      postgres    6u  IPv4  24787      0t0  TCP *:postgres (LISTEN)
postmaste 1083      postgres    7u  IPv6  24788      0t0  TCP *:postgres (LISTEN)
  No network connections found

=== RECEPTOR MEMORY SUMMARY ===
Total Receptor RSS Memory: 3328 KB (3 MB)
Total Receptor VSZ Memory: 7260 KB (7 MB)
Number of Receptor Processes: 2

AAP-related Processes and Children:
=== AAP Service Processes ===
Process: bash (PID: 6510)
    PID    PPID CMD                           RSS
   6510       1 bash -c  log_file="/tmp/mem  3328
  Children of PID 6510:
    PID    PPID CMD                           RSS
   8443    6510 bash -c  log_file="/tmp/mem  2064

Process: bash (PID: 8443)
    PID    PPID CMD                           RSS
   8443    6510 bash -c  log_file="/tmp/mem  2064
  Children of PID 8443:
    PID    PPID CMD                           RSS


Process Tree for AAP Services:
=== automation-controller Process Tree ===
bash(6510)---pstree(8454)
=== receptor Process Tree ===
bash(6510)---pstree(8458)
=== nginx Process Tree ===
bash(6510)---pstree(8462)
=== postgresql Process Tree ===
bash(6510)---pstree(8466)
=== redis Process Tree ===
bash(6510)---pstree(8470)
=== uwsgi Process Tree ===
bash(6510)---pstree(8474)
=== automation-hub Process Tree ===
bash(6510)---pstree(8478)
=== automation-eda Process Tree ===
bash(6510)---pstree(8482)

=================================================================================
2025-06-27 15:19:50
Memory Usage Report:
               total        used        free      shared  buff/cache   available
Mem:            7681         571        7082         110         374        7109
Swap:           4095           0        4095

Top 10 Processes by RSS Memory:
    PID    PPID CMD                           RSS
   1083       1 /usr/bin/postmaster -D /var 114048
    744       1 /usr/bin/python3 -s /usr/sb 41016
    947       1 /usr/lib/polkit-1/polkitd - 29740
    787       1 /usr/bin/python3 -Es /usr/s 28908
   1073       1 /usr/local/bin/node_exporte 27840
   1189    1083 postgres: checkpointer      26748
   1191    1083 postgres: background writer 25084
   1202    1083 postgres: walwriter         22012
    755       1 /usr/sbin/NetworkManager -- 21264
      1       0 /usr/lib/systemd/systemd rh 16560

=== RECEPTOR PROCESS ANALYSIS ===
Receptor Main Processes:
    PID    PPID CMD                           RSS    VSZ %CPU %MEM     ELAPSED
   6510       1 bash -c  log_file="/tmp/mem  3328   7260  0.0  0.0       05:35
Receptor Child Processes for PID 6510:
      PID    PPID CMD                           RSS    VSZ %CPU %MEM     ELAPSED
Receptor Threads for PID 6510:
    PID    SPID %CPU %MEM   RSS COMMAND
   6510    6510  0.0  0.0  3328 bash
Receptor Network Connections for PID 6510:
COMMAND    PID          USER   FD   TYPE DEVICE SIZE/OFF      NODE NAME
chronyd    752        chrony    5u  IPv4  23287      0t0       UDP localhost:323 
chronyd    752        chrony    6u  IPv6  23288      0t0       UDP localhost:323 
NetworkMa  755          root   26u  IPv4  25683      0t0       UDP aap25-database.aap-test.local:bootpc->pi.hole:bootps 
sshd       782          root    3u  IPv4  21380      0t0       TCP *:ssh (LISTEN)
sshd       782          root    4u  IPv6  21382      0t0       TCP *:ssh (LISTEN)
node_expo 1073 node_exporter    3u  IPv6  25730      0t0       TCP *:jetdirect (LISTEN)
node_expo 1073 node_exporter    7u  IPv6  25864      0t0       TCP aap25-database.aap-test.local:jetdirect->monitoring-node.aap-test.local:50192 (ESTABLISHED)
postmaste 1083      postgres    6u  IPv4  24787      0t0       TCP *:postgres (LISTEN)
postmaste 1083      postgres    7u  IPv6  24788      0t0       TCP *:postgres (LISTEN)
bash      6510          root  cwd    DIR  253,0      142  67240070 /root
bash      6510          root  rtd    DIR  253,0      235       128 /
bash      6510          root  txt    REG  253,0  1389072  67323062 /usr/bin/bash
bash      6510          root  mem    REG  253,0  2586930    223716 /usr/lib/locale/en_US.utf8/LC_COLLATE
bash      6510          root  mem    REG  253,0  2544344 100922208 /usr/lib64/libc.so.6
bash      6510          root  mem    REG  253,0   346132 100921885 /usr/lib/locale/C.utf8/LC_CTYPE
bash      6510          root  mem    REG  253,0       54    223719 /usr/lib/locale/en_US.utf8/LC_NUMERIC
bash      6510          root  mem    REG  253,0     3284  34000453 /usr/lib/locale/en_US.utf8/LC_TIME
bash      6510          root  mem    REG  253,0      286  34000451 /usr/lib/locale/en_US.utf8/LC_MONETARY
bash      6510          root  mem    REG  253,0       57  34000464 /usr/lib/locale/en_US.utf8/LC_MESSAGES/SYS_LC_MESSAGES
bash      6510          root  mem    REG  253,0    26988  67396209 /usr/lib64/gconv/gconv-modules.cache
bash      6510          root  mem    REG  253,0   195080 100921869 /usr/lib64/libtinfo.so.6.2
bash      6510          root  mem    REG  253,0       34 100922186 /usr/lib/locale/en_US.utf8/LC_PAPER
bash      6510          root  mem    REG  253,0       77    223718 /usr/lib/locale/en_US.utf8/LC_NAME
bash      6510          root  mem    REG  253,0      167  34000447 /usr/lib/locale/en_US.utf8/LC_ADDRESS
bash      6510          root  mem    REG  253,0       59  34000452 /usr/lib/locale/en_US.utf8/LC_TELEPHONE
bash      6510          root  mem    REG  253,0       23  34000450 /usr/lib/locale/en_US.utf8/LC_MEASUREMENT
bash      6510          root  mem    REG  253,0      369  34000449 /usr/lib/locale/en_US.utf8/LC_IDENTIFICATION
bash      6510          root  mem    REG  253,0   897856 100922204 /usr/lib64/ld-linux-x86-64.so.2
bash      6510          root    0r   CHR    1,3      0t0         4 /dev/null
bash      6510          root    1w   REG  253,0        0  43735380 /tmp/memory_monitor.log
bash      6510          root    2w   REG  253,0        0  43735380 /tmp/memory_monitor.log
bash      6510          root    3r  FIFO   0,13      0t0     64948 pipe

    PID    PPID CMD                           RSS    VSZ %CPU %MEM     ELAPSED
Receptor Child Processes for PID 8568:
  No child processes found
Receptor Threads for PID 8568:
    PID    SPID %CPU %MEM   RSS COMMAND
Receptor Network Connections for PID 8568:
COMMAND    PID          USER   FD   TYPE DEVICE SIZE/OFF NODE NAME
chronyd    752        chrony    5u  IPv4  23287      0t0  UDP localhost:323 
chronyd    752        chrony    6u  IPv6  23288      0t0  UDP localhost:323 
NetworkMa  755          root   26u  IPv4  25683      0t0  UDP aap25-database.aap-test.local:bootpc->pi.hole:bootps 
sshd       782          root    3u  IPv4  21380      0t0  TCP *:ssh (LISTEN)
sshd       782          root    4u  IPv6  21382      0t0  TCP *:ssh (LISTEN)
node_expo 1073 node_exporter    3u  IPv6  25730      0t0  TCP *:jetdirect (LISTEN)
node_expo 1073 node_exporter    7u  IPv6  25864      0t0  TCP aap25-database.aap-test.local:jetdirect->monitoring-node.aap-test.local:50192 (ESTABLISHED)
postmaste 1083      postgres    6u  IPv4  24787      0t0  TCP *:postgres (LISTEN)
postmaste 1083      postgres    7u  IPv6  24788      0t0  TCP *:postgres (LISTEN)
  No network connections found

=== RECEPTOR MEMORY SUMMARY ===
Total Receptor RSS Memory: 3328 KB (3 MB)
Total Receptor VSZ Memory: 7260 KB (7 MB)
Number of Receptor Processes: 2

AAP-related Processes and Children:
=== AAP Service Processes ===
Process: bash (PID: 6510)
    PID    PPID CMD                           RSS
   6510       1 bash -c  log_file="/tmp/mem  3328
  Children of PID 6510:
    PID    PPID CMD                           RSS
   8628    6510 bash -c  log_file="/tmp/mem  2064

Process: bash (PID: 8628)
    PID    PPID CMD                           RSS
   8628    6510 bash -c  log_file="/tmp/mem  2064
  Children of PID 8628:
    PID    PPID CMD                           RSS


Process Tree for AAP Services:
=== automation-controller Process Tree ===
bash(6510)---pstree(8639)
=== receptor Process Tree ===
bash(6510)---pstree(8643)
=== nginx Process Tree ===
bash(6510)---pstree(8647)
=== postgresql Process Tree ===
bash(6510)---pstree(8651)
=== redis Process Tree ===
bash(6510)---pstree(8655)
=== uwsgi Process Tree ===
bash(6510)---pstree(8659)
=== automation-hub Process Tree ===
bash(6510)---pstree(8663)
=== automation-eda Process Tree ===
bash(6510)---pstree(8667)

Memory monitoring completed for aap25 medium test at Fri Jun 27 03:20:21 PM PDT 2025
