Starting memory monitoring for aap25 light test at Mon Jun 30 12:37:57 PM PDT 2025
=================================================================================
2025-06-30 12:37:57
Memory Usage Report:
               total        used        free      shared  buff/cache   available
Mem:            7681         696        6565         169         832        6984
Swap:           4095           0        4095

Top 10 Processes by RSS Memory:
    PID    PPID CMD                           RSS
   1085       1 /usr/bin/postmaster -D /var 114560
    745       1 /usr/bin/python3 -s /usr/sb 41536
   1074       1 /usr/local/bin/node_exporte 27848
    969       1 /usr/lib/polkit-1/polkitd - 27564
    785       1 /usr/bin/python3 -Es /usr/s 26900
   1187    1085 postgres: checkpointer      26752
   1188    1085 postgres: background writer 25088
   1201    1085 postgres: walwriter         21888
    756       1 /usr/sbin/NetworkManager -- 19584
   1078       1 /usr/sbin/rsyslogd -n       17588

=== RECEPTOR PROCESS ANALYSIS ===
Receptor Main Processes:
    PID    PPID CMD                           RSS    VSZ %CPU %MEM     ELAPSED
 646914       1 bash -c  log_file="/tmp/mem  3328   7260  0.0  0.0       00:00
Receptor Child Processes for PID 646914:
      PID    PPID CMD                           RSS    VSZ %CPU %MEM     ELAPSED
Receptor Threads for PID 646914:
    PID    SPID %CPU %MEM   RSS COMMAND
 646914  646914  0.0  0.0  3328 bash
Receptor Network Connections for PID 646914:
COMMAND      PID          USER   FD   TYPE  DEVICE SIZE/OFF      NODE NAME
chronyd      753        chrony    5u  IPv4   23399      0t0       UDP localhost:323 
chronyd      753        chrony    6u  IPv6   23400      0t0       UDP localhost:323 
NetworkMa    756          root   26u  IPv4   25104      0t0       UDP aap25-database.aap-test.local:bootpc->pi.hole:bootps 
sshd         781          root    3u  IPv4   21873      0t0       TCP *:ssh (LISTEN)
sshd         781          root    4u  IPv6   21875      0t0       TCP *:ssh (LISTEN)
node_expo   1074 node_exporter    3u  IPv6   23857      0t0       TCP *:jetdirect (LISTEN)
node_expo   1074 node_exporter    7u  IPv6   23988      0t0       TCP aap25-database.aap-test.local:jetdirect->monitoring-node.aap-test.local:60090 (ESTABLISHED)
postmaste   1085      postgres    6u  IPv4   23874      0t0       TCP *:postgres (LISTEN)
postmaste   1085      postgres    7u  IPv6   23875      0t0       TCP *:postgres (LISTEN)
sshd      646755          root    4u  IPv4 2831326      0t0       TCP aap25-database.aap-test.local:ssh->192.168.1.49:56344 (ESTABLISHED)
sshd      646776          root    4u  IPv4 2831326      0t0       TCP aap25-database.aap-test.local:ssh->192.168.1.49:56344 (ESTABLISHED)
bash      646914          root  cwd    DIR   253,0      142  67240070 /root
bash      646914          root  rtd    DIR   253,0      235       128 /
bash      646914          root  txt    REG   253,0  1389072  67323062 /usr/bin/bash
bash      646914          root  mem    REG   253,0  2586930    223716 /usr/lib/locale/en_US.utf8/LC_COLLATE
bash      646914          root  mem    REG   253,0  2544344 100922208 /usr/lib64/libc.so.6
bash      646914          root  mem    REG   253,0   346132 100921885 /usr/lib/locale/C.utf8/LC_CTYPE
bash      646914          root  mem    REG   253,0       54    223719 /usr/lib/locale/en_US.utf8/LC_NUMERIC
bash      646914          root  mem    REG   253,0     3284  34000453 /usr/lib/locale/en_US.utf8/LC_TIME
bash      646914          root  mem    REG   253,0      286  34000451 /usr/lib/locale/en_US.utf8/LC_MONETARY
bash      646914          root  mem    REG   253,0       57  34000464 /usr/lib/locale/en_US.utf8/LC_MESSAGES/SYS_LC_MESSAGES
bash      646914          root  mem    REG   253,0    26988  67396209 /usr/lib64/gconv/gconv-modules.cache
bash      646914          root  mem    REG   253,0   195080 100921869 /usr/lib64/libtinfo.so.6.2
bash      646914          root  mem    REG   253,0       34 100922186 /usr/lib/locale/en_US.utf8/LC_PAPER
bash      646914          root  mem    REG   253,0       77    223718 /usr/lib/locale/en_US.utf8/LC_NAME
bash      646914          root  mem    REG   253,0      167  34000447 /usr/lib/locale/en_US.utf8/LC_ADDRESS
bash      646914          root  mem    REG   253,0       59  34000452 /usr/lib/locale/en_US.utf8/LC_TELEPHONE
bash      646914          root  mem    REG   253,0       23  34000450 /usr/lib/locale/en_US.utf8/LC_MEASUREMENT
bash      646914          root  mem    REG   253,0      369  34000449 /usr/lib/locale/en_US.utf8/LC_IDENTIFICATION
bash      646914          root  mem    REG   253,0   897856 100922204 /usr/lib64/ld-linux-x86-64.so.2
bash      646914          root    0r   CHR     1,3      0t0         4 /dev/null
bash      646914          root    1w   REG   253,0        0  43735380 /tmp/memory_monitor.log
bash      646914          root    2w   REG   253,0        0  43735380 /tmp/memory_monitor.log
bash      646914          root    3r  FIFO    0,13      0t0   2835687 pipe

    PID    PPID CMD                           RSS    VSZ %CPU %MEM     ELAPSED
Receptor Child Processes for PID 646922:
  No child processes found
Receptor Threads for PID 646922:
    PID    SPID %CPU %MEM   RSS COMMAND
Receptor Network Connections for PID 646922:
COMMAND      PID          USER   FD   TYPE  DEVICE SIZE/OFF NODE NAME
chronyd      753        chrony    5u  IPv4   23399      0t0  UDP localhost:323 
chronyd      753        chrony    6u  IPv6   23400      0t0  UDP localhost:323 
NetworkMa    756          root   26u  IPv4   25104      0t0  UDP aap25-database.aap-test.local:bootpc->pi.hole:bootps 
sshd         781          root    3u  IPv4   21873      0t0  TCP *:ssh (LISTEN)
sshd         781          root    4u  IPv6   21875      0t0  TCP *:ssh (LISTEN)
node_expo   1074 node_exporter    3u  IPv6   23857      0t0  TCP *:jetdirect (LISTEN)
node_expo   1074 node_exporter    7u  IPv6   23988      0t0  TCP aap25-database.aap-test.local:jetdirect->monitoring-node.aap-test.local:60090 (ESTABLISHED)
postmaste   1085      postgres    6u  IPv4   23874      0t0  TCP *:postgres (LISTEN)
postmaste   1085      postgres    7u  IPv6   23875      0t0  TCP *:postgres (LISTEN)
sshd      646755          root    4u  IPv4 2831326      0t0  TCP aap25-database.aap-test.local:ssh->192.168.1.49:56344 (ESTABLISHED)
sshd      646776          root    4u  IPv4 2831326      0t0  TCP aap25-database.aap-test.local:ssh->192.168.1.49:56344 (ESTABLISHED)
  No network connections found

=== RECEPTOR MEMORY SUMMARY ===
Total Receptor RSS Memory: 3328 KB (3 MB)
Total Receptor VSZ Memory: 7260 KB (7 MB)
Number of Receptor Processes: 2

AAP-related Processes and Children:
=== AAP Service Processes ===
Process: bash (PID: 646914)
    PID    PPID CMD                           RSS
 646914       1 bash -c  log_file="/tmp/mem  3328
  Children of PID 646914:
    PID    PPID CMD                           RSS
 646981  646914 bash -c  log_file="/tmp/mem  2044

Process: bash (PID: 646981)
    PID    PPID CMD                           RSS
 646981  646914 bash -c  log_file="/tmp/mem  2044
  Children of PID 646981:
    PID    PPID CMD                           RSS


Process Tree for AAP Services:
=== automation-controller Process Tree ===
bash(646914)---pstree(646992)
=== receptor Process Tree ===
bash(646914)---pstree(646996)
=== nginx Process Tree ===
bash(646914)---pstree(647000)
=== postgresql Process Tree ===
bash(646914)---pstree(647004)
=== redis Process Tree ===
bash(646914)---pstree(647008)
=== uwsgi Process Tree ===
bash(646914)---pstree(647012)
=== automation-hub Process Tree ===
bash(646914)---pstree(647016)
=== automation-eda Process Tree ===
bash(646914)---pstree(647020)

=================================================================================
2025-06-30 12:38:28
Memory Usage Report:
               total        used        free      shared  buff/cache   available
Mem:            7681         657        6603         169         832        7023
Swap:           4095           0        4095

Top 10 Processes by RSS Memory:
    PID    PPID CMD                           RSS
   1085       1 /usr/bin/postmaster -D /var 114560
    745       1 /usr/bin/python3 -s /usr/sb 41536
   1074       1 /usr/local/bin/node_exporte 27668
    969       1 /usr/lib/polkit-1/polkitd - 27564
    785       1 /usr/bin/python3 -Es /usr/s 26900
   1187    1085 postgres: checkpointer      26752
   1188    1085 postgres: background writer 25088
   1201    1085 postgres: walwriter         21888
    756       1 /usr/sbin/NetworkManager -- 19584
    627       1 /usr/lib/systemd/systemd-jo 17664

=== RECEPTOR PROCESS ANALYSIS ===
Receptor Main Processes:
    PID    PPID CMD                           RSS    VSZ %CPU %MEM     ELAPSED
 646914       1 bash -c  log_file="/tmp/mem  3328   7260  0.0  0.0       00:31
Receptor Child Processes for PID 646914:
      PID    PPID CMD                           RSS    VSZ %CPU %MEM     ELAPSED
Receptor Threads for PID 646914:
    PID    SPID %CPU %MEM   RSS COMMAND
 646914  646914  0.0  0.0  3328 bash
Receptor Network Connections for PID 646914:
COMMAND      PID          USER   FD   TYPE  DEVICE SIZE/OFF      NODE NAME
chronyd      753        chrony    5u  IPv4   23399      0t0       UDP localhost:323 
chronyd      753        chrony    6u  IPv6   23400      0t0       UDP localhost:323 
NetworkMa    756          root   26u  IPv4   25104      0t0       UDP aap25-database.aap-test.local:bootpc->pi.hole:bootps 
sshd         781          root    3u  IPv4   21873      0t0       TCP *:ssh (LISTEN)
sshd         781          root    4u  IPv6   21875      0t0       TCP *:ssh (LISTEN)
node_expo   1074 node_exporter    3u  IPv6   23857      0t0       TCP *:jetdirect (LISTEN)
node_expo   1074 node_exporter    7u  IPv6   23988      0t0       TCP aap25-database.aap-test.local:jetdirect->monitoring-node.aap-test.local:60090 (ESTABLISHED)
postmaste   1085      postgres    6u  IPv4   23874      0t0       TCP *:postgres (LISTEN)
postmaste   1085      postgres    7u  IPv6   23875      0t0       TCP *:postgres (LISTEN)
sshd      646755          root    4u  IPv4 2831326      0t0       TCP aap25-database.aap-test.local:ssh->192.168.1.49:56344 (ESTABLISHED)
sshd      646776          root    4u  IPv4 2831326      0t0       TCP aap25-database.aap-test.local:ssh->192.168.1.49:56344 (ESTABLISHED)
bash      646914          root  cwd    DIR   253,0      142  67240070 /root
bash      646914          root  rtd    DIR   253,0      235       128 /
bash      646914          root  txt    REG   253,0  1389072  67323062 /usr/bin/bash
bash      646914          root  mem    REG   253,0  2586930    223716 /usr/lib/locale/en_US.utf8/LC_COLLATE
bash      646914          root  mem    REG   253,0  2544344 100922208 /usr/lib64/libc.so.6
bash      646914          root  mem    REG   253,0   346132 100921885 /usr/lib/locale/C.utf8/LC_CTYPE
bash      646914          root  mem    REG   253,0       54    223719 /usr/lib/locale/en_US.utf8/LC_NUMERIC
bash      646914          root  mem    REG   253,0     3284  34000453 /usr/lib/locale/en_US.utf8/LC_TIME
bash      646914          root  mem    REG   253,0      286  34000451 /usr/lib/locale/en_US.utf8/LC_MONETARY
bash      646914          root  mem    REG   253,0       57  34000464 /usr/lib/locale/en_US.utf8/LC_MESSAGES/SYS_LC_MESSAGES
bash      646914          root  mem    REG   253,0    26988  67396209 /usr/lib64/gconv/gconv-modules.cache
bash      646914          root  mem    REG   253,0   195080 100921869 /usr/lib64/libtinfo.so.6.2
bash      646914          root  mem    REG   253,0       34 100922186 /usr/lib/locale/en_US.utf8/LC_PAPER
bash      646914          root  mem    REG   253,0       77    223718 /usr/lib/locale/en_US.utf8/LC_NAME
bash      646914          root  mem    REG   253,0      167  34000447 /usr/lib/locale/en_US.utf8/LC_ADDRESS
bash      646914          root  mem    REG   253,0       59  34000452 /usr/lib/locale/en_US.utf8/LC_TELEPHONE
bash      646914          root  mem    REG   253,0       23  34000450 /usr/lib/locale/en_US.utf8/LC_MEASUREMENT
bash      646914          root  mem    REG   253,0      369  34000449 /usr/lib/locale/en_US.utf8/LC_IDENTIFICATION
bash      646914          root  mem    REG   253,0   897856 100922204 /usr/lib64/ld-linux-x86-64.so.2
bash      646914          root    0r   CHR     1,3      0t0         4 /dev/null
bash      646914          root    1w   REG   253,0        0  43735380 /tmp/memory_monitor.log
bash      646914          root    2w   REG   253,0        0  43735380 /tmp/memory_monitor.log
bash      646914          root    3r  FIFO    0,13      0t0   2836089 pipe

    PID    PPID CMD                           RSS    VSZ %CPU %MEM     ELAPSED
Receptor Child Processes for PID 647107:
  No child processes found
Receptor Threads for PID 647107:
    PID    SPID %CPU %MEM   RSS COMMAND
Receptor Network Connections for PID 647107:
COMMAND      PID          USER   FD   TYPE  DEVICE SIZE/OFF NODE NAME
chronyd      753        chrony    5u  IPv4   23399      0t0  UDP localhost:323 
chronyd      753        chrony    6u  IPv6   23400      0t0  UDP localhost:323 
NetworkMa    756          root   26u  IPv4   25104      0t0  UDP aap25-database.aap-test.local:bootpc->pi.hole:bootps 
sshd         781          root    3u  IPv4   21873      0t0  TCP *:ssh (LISTEN)
sshd         781          root    4u  IPv6   21875      0t0  TCP *:ssh (LISTEN)
node_expo   1074 node_exporter    3u  IPv6   23857      0t0  TCP *:jetdirect (LISTEN)
node_expo   1074 node_exporter    7u  IPv6   23988      0t0  TCP aap25-database.aap-test.local:jetdirect->monitoring-node.aap-test.local:60090 (ESTABLISHED)
postmaste   1085      postgres    6u  IPv4   23874      0t0  TCP *:postgres (LISTEN)
postmaste   1085      postgres    7u  IPv6   23875      0t0  TCP *:postgres (LISTEN)
sshd      646755          root    4u  IPv4 2831326      0t0  TCP aap25-database.aap-test.local:ssh->192.168.1.49:56344 (ESTABLISHED)
sshd      646776          root    4u  IPv4 2831326      0t0  TCP aap25-database.aap-test.local:ssh->192.168.1.49:56344 (ESTABLISHED)
  No network connections found

=== RECEPTOR MEMORY SUMMARY ===
Total Receptor RSS Memory: 3328 KB (3 MB)
Total Receptor VSZ Memory: 7260 KB (7 MB)
Number of Receptor Processes: 2

AAP-related Processes and Children:
=== AAP Service Processes ===
Process: bash (PID: 646914)
    PID    PPID CMD                           RSS
 646914       1 bash -c  log_file="/tmp/mem  3328
  Children of PID 646914:
    PID    PPID CMD                           RSS
 647166  646914 bash -c  log_file="/tmp/mem  2052

Process: bash (PID: 647166)
    PID    PPID CMD                           RSS
 647166  646914 bash -c  log_file="/tmp/mem  2052
  Children of PID 647166:
    PID    PPID CMD                           RSS


Process Tree for AAP Services:
=== automation-controller Process Tree ===
bash(646914)---pstree(647177)
=== receptor Process Tree ===
bash(646914)---pstree(647181)
=== nginx Process Tree ===
bash(646914)---pstree(647185)
=== postgresql Process Tree ===
bash(646914)---pstree(647189)
=== redis Process Tree ===
bash(646914)---pstree(647193)
=== uwsgi Process Tree ===
bash(646914)---pstree(647197)
=== automation-hub Process Tree ===
bash(646914)---pstree(647201)
=== automation-eda Process Tree ===
bash(646914)---pstree(647205)

=================================================================================
2025-06-30 12:38:59
Memory Usage Report:
               total        used        free      shared  buff/cache   available
Mem:            7681         665        6595         169         832        7015
Swap:           4095           0        4095

Top 10 Processes by RSS Memory:
    PID    PPID CMD                           RSS
   1085       1 /usr/bin/postmaster -D /var 114560
    745       1 /usr/bin/python3 -s /usr/sb 41536
   1074       1 /usr/local/bin/node_exporte 27668
    969       1 /usr/lib/polkit-1/polkitd - 27564
    785       1 /usr/bin/python3 -Es /usr/s 26900
   1187    1085 postgres: checkpointer      26752
   1188    1085 postgres: background writer 25088
   1201    1085 postgres: walwriter         21888
    756       1 /usr/sbin/NetworkManager -- 19584
    627       1 /usr/lib/systemd/systemd-jo 17664

=== RECEPTOR PROCESS ANALYSIS ===
Receptor Main Processes:
    PID    PPID CMD                           RSS    VSZ %CPU %MEM     ELAPSED
 646914       1 bash -c  log_file="/tmp/mem  3328   7260  0.0  0.0       01:02
Receptor Child Processes for PID 646914:
      PID    PPID CMD                           RSS    VSZ %CPU %MEM     ELAPSED
Receptor Threads for PID 646914:
    PID    SPID %CPU %MEM   RSS COMMAND
 646914  646914  0.0  0.0  3328 bash
Receptor Network Connections for PID 646914:
COMMAND      PID          USER   FD   TYPE  DEVICE SIZE/OFF      NODE NAME
chronyd      753        chrony    5u  IPv4   23399      0t0       UDP localhost:323 
chronyd      753        chrony    6u  IPv6   23400      0t0       UDP localhost:323 
NetworkMa    756          root   26u  IPv4   25104      0t0       UDP aap25-database.aap-test.local:bootpc->pi.hole:bootps 
sshd         781          root    3u  IPv4   21873      0t0       TCP *:ssh (LISTEN)
sshd         781          root    4u  IPv6   21875      0t0       TCP *:ssh (LISTEN)
node_expo   1074 node_exporter    3u  IPv6   23857      0t0       TCP *:jetdirect (LISTEN)
node_expo   1074 node_exporter    7u  IPv6   23988      0t0       TCP aap25-database.aap-test.local:jetdirect->monitoring-node.aap-test.local:60090 (ESTABLISHED)
postmaste   1085      postgres    6u  IPv4   23874      0t0       TCP *:postgres (LISTEN)
postmaste   1085      postgres    7u  IPv6   23875      0t0       TCP *:postgres (LISTEN)
sshd      646755          root    4u  IPv4 2831326      0t0       TCP aap25-database.aap-test.local:ssh->192.168.1.49:56344 (ESTABLISHED)
sshd      646776          root    4u  IPv4 2831326      0t0       TCP aap25-database.aap-test.local:ssh->192.168.1.49:56344 (ESTABLISHED)
bash      646914          root  cwd    DIR   253,0      142  67240070 /root
bash      646914          root  rtd    DIR   253,0      235       128 /
bash      646914          root  txt    REG   253,0  1389072  67323062 /usr/bin/bash
bash      646914          root  mem    REG   253,0  2586930    223716 /usr/lib/locale/en_US.utf8/LC_COLLATE
bash      646914          root  mem    REG   253,0  2544344 100922208 /usr/lib64/libc.so.6
bash      646914          root  mem    REG   253,0   346132 100921885 /usr/lib/locale/C.utf8/LC_CTYPE
bash      646914          root  mem    REG   253,0       54    223719 /usr/lib/locale/en_US.utf8/LC_NUMERIC
bash      646914          root  mem    REG   253,0     3284  34000453 /usr/lib/locale/en_US.utf8/LC_TIME
bash      646914          root  mem    REG   253,0      286  34000451 /usr/lib/locale/en_US.utf8/LC_MONETARY
bash      646914          root  mem    REG   253,0       57  34000464 /usr/lib/locale/en_US.utf8/LC_MESSAGES/SYS_LC_MESSAGES
bash      646914          root  mem    REG   253,0    26988  67396209 /usr/lib64/gconv/gconv-modules.cache
bash      646914          root  mem    REG   253,0   195080 100921869 /usr/lib64/libtinfo.so.6.2
bash      646914          root  mem    REG   253,0       34 100922186 /usr/lib/locale/en_US.utf8/LC_PAPER
bash      646914          root  mem    REG   253,0       77    223718 /usr/lib/locale/en_US.utf8/LC_NAME
bash      646914          root  mem    REG   253,0      167  34000447 /usr/lib/locale/en_US.utf8/LC_ADDRESS
bash      646914          root  mem    REG   253,0       59  34000452 /usr/lib/locale/en_US.utf8/LC_TELEPHONE
bash      646914          root  mem    REG   253,0       23  34000450 /usr/lib/locale/en_US.utf8/LC_MEASUREMENT
bash      646914          root  mem    REG   253,0      369  34000449 /usr/lib/locale/en_US.utf8/LC_IDENTIFICATION
bash      646914          root  mem    REG   253,0   897856 100922204 /usr/lib64/ld-linux-x86-64.so.2
bash      646914          root    0r   CHR     1,3      0t0         4 /dev/null
bash      646914          root    1w   REG   253,0        0  43735380 /tmp/memory_monitor.log
bash      646914          root    2w   REG   253,0        0  43735380 /tmp/memory_monitor.log
bash      646914          root    3r  FIFO    0,13      0t0   2835271 pipe

    PID    PPID CMD                           RSS    VSZ %CPU %MEM     ELAPSED
Receptor Child Processes for PID 647317:
  No child processes found
Receptor Threads for PID 647317:
    PID    SPID %CPU %MEM   RSS COMMAND
Receptor Network Connections for PID 647317:
COMMAND      PID          USER   FD   TYPE  DEVICE SIZE/OFF NODE NAME
chronyd      753        chrony    5u  IPv4   23399      0t0  UDP localhost:323 
chronyd      753        chrony    6u  IPv6   23400      0t0  UDP localhost:323 
NetworkMa    756          root   26u  IPv4   25104      0t0  UDP aap25-database.aap-test.local:bootpc->pi.hole:bootps 
sshd         781          root    3u  IPv4   21873      0t0  TCP *:ssh (LISTEN)
sshd         781          root    4u  IPv6   21875      0t0  TCP *:ssh (LISTEN)
node_expo   1074 node_exporter    3u  IPv6   23857      0t0  TCP *:jetdirect (LISTEN)
node_expo   1074 node_exporter    7u  IPv6   23988      0t0  TCP aap25-database.aap-test.local:jetdirect->monitoring-node.aap-test.local:60090 (ESTABLISHED)
postmaste   1085      postgres    6u  IPv4   23874      0t0  TCP *:postgres (LISTEN)
postmaste   1085      postgres    7u  IPv6   23875      0t0  TCP *:postgres (LISTEN)
sshd      646755          root    4u  IPv4 2831326      0t0  TCP aap25-database.aap-test.local:ssh->192.168.1.49:56344 (ESTABLISHED)
sshd      646776          root    4u  IPv4 2831326      0t0  TCP aap25-database.aap-test.local:ssh->192.168.1.49:56344 (ESTABLISHED)
  No network connections found

=== RECEPTOR MEMORY SUMMARY ===
Total Receptor RSS Memory: 3328 KB (3 MB)
Total Receptor VSZ Memory: 7260 KB (7 MB)
Number of Receptor Processes: 2

AAP-related Processes and Children:
=== AAP Service Processes ===
Process: bash (PID: 646914)
    PID    PPID CMD                           RSS
 646914       1 bash -c  log_file="/tmp/mem  3328
  Children of PID 646914:
    PID    PPID CMD                           RSS
 647376  646914 bash -c  log_file="/tmp/mem  2052

Process: bash (PID: 647376)
    PID    PPID CMD                           RSS
 647376  646914 bash -c  log_file="/tmp/mem  2052
  Children of PID 647376:
    PID    PPID CMD                           RSS


Process Tree for AAP Services:
=== automation-controller Process Tree ===
bash(646914)---pstree(647387)
=== receptor Process Tree ===
bash(646914)---pstree(647391)
=== nginx Process Tree ===
bash(646914)---pstree(647395)
=== postgresql Process Tree ===
bash(646914)---pstree(647399)
=== redis Process Tree ===
bash(646914)---pstree(647403)
=== uwsgi Process Tree ===
bash(646914)---pstree(647407)
=== automation-hub Process Tree ===
bash(646914)---pstree(647411)
=== automation-eda Process Tree ===
bash(646914)---pstree(647415)

=================================================================================
2025-06-30 12:39:29
Memory Usage Report:
               total        used        free      shared  buff/cache   available
Mem:            7681         658        6603         169         832        7023
Swap:           4095           0        4095

Top 10 Processes by RSS Memory:
    PID    PPID CMD                           RSS
   1085       1 /usr/bin/postmaster -D /var 114560
    745       1 /usr/bin/python3 -s /usr/sb 41536
   1074       1 /usr/local/bin/node_exporte 27872
    969       1 /usr/lib/polkit-1/polkitd - 27564
    785       1 /usr/bin/python3 -Es /usr/s 26900
   1187    1085 postgres: checkpointer      26752
   1188    1085 postgres: background writer 25088
   1201    1085 postgres: walwriter         21888
    756       1 /usr/sbin/NetworkManager -- 19584
    627       1 /usr/lib/systemd/systemd-jo 17664

=== RECEPTOR PROCESS ANALYSIS ===
Receptor Main Processes:
    PID    PPID CMD                           RSS    VSZ %CPU %MEM     ELAPSED
 646914       1 bash -c  log_file="/tmp/mem  3328   7260  0.0  0.0       01:32
Receptor Child Processes for PID 646914:
      PID    PPID CMD                           RSS    VSZ %CPU %MEM     ELAPSED
Receptor Threads for PID 646914:
    PID    SPID %CPU %MEM   RSS COMMAND
 646914  646914  0.0  0.0  3328 bash
Receptor Network Connections for PID 646914:
COMMAND      PID          USER   FD   TYPE  DEVICE SIZE/OFF      NODE NAME
chronyd      753        chrony    5u  IPv4   23399      0t0       UDP localhost:323 
chronyd      753        chrony    6u  IPv6   23400      0t0       UDP localhost:323 
NetworkMa    756          root   26u  IPv4   25104      0t0       UDP aap25-database.aap-test.local:bootpc->pi.hole:bootps 
sshd         781          root    3u  IPv4   21873      0t0       TCP *:ssh (LISTEN)
sshd         781          root    4u  IPv6   21875      0t0       TCP *:ssh (LISTEN)
node_expo   1074 node_exporter    3u  IPv6   23857      0t0       TCP *:jetdirect (LISTEN)
node_expo   1074 node_exporter    7u  IPv6   23988      0t0       TCP aap25-database.aap-test.local:jetdirect->monitoring-node.aap-test.local:60090 (ESTABLISHED)
postmaste   1085      postgres    6u  IPv4   23874      0t0       TCP *:postgres (LISTEN)
postmaste   1085      postgres    7u  IPv6   23875      0t0       TCP *:postgres (LISTEN)
sshd      646755          root    4u  IPv4 2831326      0t0       TCP aap25-database.aap-test.local:ssh->192.168.1.49:56344 (ESTABLISHED)
sshd      646776          root    4u  IPv4 2831326      0t0       TCP aap25-database.aap-test.local:ssh->192.168.1.49:56344 (ESTABLISHED)
bash      646914          root  cwd    DIR   253,0      142  67240070 /root
bash      646914          root  rtd    DIR   253,0      235       128 /
bash      646914          root  txt    REG   253,0  1389072  67323062 /usr/bin/bash
bash      646914          root  mem    REG   253,0  2586930    223716 /usr/lib/locale/en_US.utf8/LC_COLLATE
bash      646914          root  mem    REG   253,0  2544344 100922208 /usr/lib64/libc.so.6
bash      646914          root  mem    REG   253,0   346132 100921885 /usr/lib/locale/C.utf8/LC_CTYPE
bash      646914          root  mem    REG   253,0       54    223719 /usr/lib/locale/en_US.utf8/LC_NUMERIC
bash      646914          root  mem    REG   253,0     3284  34000453 /usr/lib/locale/en_US.utf8/LC_TIME
bash      646914          root  mem    REG   253,0      286  34000451 /usr/lib/locale/en_US.utf8/LC_MONETARY
bash      646914          root  mem    REG   253,0       57  34000464 /usr/lib/locale/en_US.utf8/LC_MESSAGES/SYS_LC_MESSAGES
bash      646914          root  mem    REG   253,0    26988  67396209 /usr/lib64/gconv/gconv-modules.cache
bash      646914          root  mem    REG   253,0   195080 100921869 /usr/lib64/libtinfo.so.6.2
bash      646914          root  mem    REG   253,0       34 100922186 /usr/lib/locale/en_US.utf8/LC_PAPER
bash      646914          root  mem    REG   253,0       77    223718 /usr/lib/locale/en_US.utf8/LC_NAME
bash      646914          root  mem    REG   253,0      167  34000447 /usr/lib/locale/en_US.utf8/LC_ADDRESS
bash      646914          root  mem    REG   253,0       59  34000452 /usr/lib/locale/en_US.utf8/LC_TELEPHONE
bash      646914          root  mem    REG   253,0       23  34000450 /usr/lib/locale/en_US.utf8/LC_MEASUREMENT
bash      646914          root  mem    REG   253,0      369  34000449 /usr/lib/locale/en_US.utf8/LC_IDENTIFICATION
bash      646914          root  mem    REG   253,0   897856 100922204 /usr/lib64/ld-linux-x86-64.so.2
bash      646914          root    0r   CHR     1,3      0t0         4 /dev/null
bash      646914          root    1w   REG   253,0        0  43735380 /tmp/memory_monitor.log
bash      646914          root    2w   REG   253,0        0  43735380 /tmp/memory_monitor.log
bash      646914          root    3r  FIFO    0,13      0t0   2839607 pipe

    PID    PPID CMD                           RSS    VSZ %CPU %MEM     ELAPSED
Receptor Child Processes for PID 647501:
  No child processes found
Receptor Threads for PID 647501:
    PID    SPID %CPU %MEM   RSS COMMAND
Receptor Network Connections for PID 647501:
COMMAND      PID          USER   FD   TYPE  DEVICE SIZE/OFF NODE NAME
chronyd      753        chrony    5u  IPv4   23399      0t0  UDP localhost:323 
chronyd      753        chrony    6u  IPv6   23400      0t0  UDP localhost:323 
NetworkMa    756          root   26u  IPv4   25104      0t0  UDP aap25-database.aap-test.local:bootpc->pi.hole:bootps 
sshd         781          root    3u  IPv4   21873      0t0  TCP *:ssh (LISTEN)
sshd         781          root    4u  IPv6   21875      0t0  TCP *:ssh (LISTEN)
node_expo   1074 node_exporter    3u  IPv6   23857      0t0  TCP *:jetdirect (LISTEN)
node_expo   1074 node_exporter    7u  IPv6   23988      0t0  TCP aap25-database.aap-test.local:jetdirect->monitoring-node.aap-test.local:60090 (ESTABLISHED)
postmaste   1085      postgres    6u  IPv4   23874      0t0  TCP *:postgres (LISTEN)
postmaste   1085      postgres    7u  IPv6   23875      0t0  TCP *:postgres (LISTEN)
sshd      646755          root    4u  IPv4 2831326      0t0  TCP aap25-database.aap-test.local:ssh->192.168.1.49:56344 (ESTABLISHED)
sshd      646776          root    4u  IPv4 2831326      0t0  TCP aap25-database.aap-test.local:ssh->192.168.1.49:56344 (ESTABLISHED)
  No network connections found

=== RECEPTOR MEMORY SUMMARY ===
Total Receptor RSS Memory: 3328 KB (3 MB)
Total Receptor VSZ Memory: 7260 KB (7 MB)
Number of Receptor Processes: 2

AAP-related Processes and Children:
=== AAP Service Processes ===
Process: bash (PID: 646914)
    PID    PPID CMD                           RSS
 646914       1 bash -c  log_file="/tmp/mem  3328
  Children of PID 646914:
    PID    PPID CMD                           RSS
 647561  646914 bash -c  log_file="/tmp/mem  2056

Process: bash (PID: 647561)
    PID    PPID CMD                           RSS
 647561  646914 bash -c  log_file="/tmp/mem  2056
  Children of PID 647561:
    PID    PPID CMD                           RSS


Process Tree for AAP Services:
=== automation-controller Process Tree ===
bash(646914)---pstree(647572)
=== receptor Process Tree ===
bash(646914)---pstree(647576)
=== nginx Process Tree ===
bash(646914)---pstree(647580)
=== postgresql Process Tree ===
bash(646914)---pstree(647584)
=== redis Process Tree ===
bash(646914)---pstree(647588)
=== uwsgi Process Tree ===
bash(646914)---pstree(647592)
=== automation-hub Process Tree ===
bash(646914)---pstree(647596)
=== automation-eda Process Tree ===
bash(646914)---pstree(647600)

=================================================================================
2025-06-30 12:40:00
Memory Usage Report:
               total        used        free      shared  buff/cache   available
Mem:            7681         651        6609         169         832        7029
Swap:           4095           0        4095

Top 10 Processes by RSS Memory:
    PID    PPID CMD                           RSS
   1085       1 /usr/bin/postmaster -D /var 114560
    745       1 /usr/bin/python3 -s /usr/sb 41536
   1074       1 /usr/local/bin/node_exporte 27576
    969       1 /usr/lib/polkit-1/polkitd - 27564
    785       1 /usr/bin/python3 -Es /usr/s 26900
   1187    1085 postgres: checkpointer      26752
   1188    1085 postgres: background writer 25088
   1201    1085 postgres: walwriter         21888
    756       1 /usr/sbin/NetworkManager -- 19584
    627       1 /usr/lib/systemd/systemd-jo 17664

=== RECEPTOR PROCESS ANALYSIS ===
Receptor Main Processes:
    PID    PPID CMD                           RSS    VSZ %CPU %MEM     ELAPSED
 646914       1 bash -c  log_file="/tmp/mem  3328   7260  0.0  0.0       02:03
Receptor Child Processes for PID 646914:
      PID    PPID CMD                           RSS    VSZ %CPU %MEM     ELAPSED
Receptor Threads for PID 646914:
    PID    SPID %CPU %MEM   RSS COMMAND
 646914  646914  0.0  0.0  3328 bash
Receptor Network Connections for PID 646914:
COMMAND      PID          USER   FD   TYPE DEVICE SIZE/OFF      NODE NAME
chronyd      753        chrony    5u  IPv4  23399      0t0       UDP localhost:323 
chronyd      753        chrony    6u  IPv6  23400      0t0       UDP localhost:323 
NetworkMa    756          root   26u  IPv4  25104      0t0       UDP aap25-database.aap-test.local:bootpc->pi.hole:bootps 
sshd         781          root    3u  IPv4  21873      0t0       TCP *:ssh (LISTEN)
sshd         781          root    4u  IPv6  21875      0t0       TCP *:ssh (LISTEN)
node_expo   1074 node_exporter    3u  IPv6  23857      0t0       TCP *:jetdirect (LISTEN)
node_expo   1074 node_exporter    7u  IPv6  23988      0t0       TCP aap25-database.aap-test.local:jetdirect->monitoring-node.aap-test.local:60090 (ESTABLISHED)
postmaste   1085      postgres    6u  IPv4  23874      0t0       TCP *:postgres (LISTEN)
postmaste   1085      postgres    7u  IPv6  23875      0t0       TCP *:postgres (LISTEN)
bash      646914          root  cwd    DIR  253,0      142  67240070 /root
bash      646914          root  rtd    DIR  253,0      235       128 /
bash      646914          root  txt    REG  253,0  1389072  67323062 /usr/bin/bash
bash      646914          root  mem    REG  253,0  2586930    223716 /usr/lib/locale/en_US.utf8/LC_COLLATE
bash      646914          root  mem    REG  253,0  2544344 100922208 /usr/lib64/libc.so.6
bash      646914          root  mem    REG  253,0   346132 100921885 /usr/lib/locale/C.utf8/LC_CTYPE
bash      646914          root  mem    REG  253,0       54    223719 /usr/lib/locale/en_US.utf8/LC_NUMERIC
bash      646914          root  mem    REG  253,0     3284  34000453 /usr/lib/locale/en_US.utf8/LC_TIME
bash      646914          root  mem    REG  253,0      286  34000451 /usr/lib/locale/en_US.utf8/LC_MONETARY
bash      646914          root  mem    REG  253,0       57  34000464 /usr/lib/locale/en_US.utf8/LC_MESSAGES/SYS_LC_MESSAGES
bash      646914          root  mem    REG  253,0    26988  67396209 /usr/lib64/gconv/gconv-modules.cache
bash      646914          root  mem    REG  253,0   195080 100921869 /usr/lib64/libtinfo.so.6.2
bash      646914          root  mem    REG  253,0       34 100922186 /usr/lib/locale/en_US.utf8/LC_PAPER
bash      646914          root  mem    REG  253,0       77    223718 /usr/lib/locale/en_US.utf8/LC_NAME
bash      646914          root  mem    REG  253,0      167  34000447 /usr/lib/locale/en_US.utf8/LC_ADDRESS
bash      646914          root  mem    REG  253,0       59  34000452 /usr/lib/locale/en_US.utf8/LC_TELEPHONE
bash      646914          root  mem    REG  253,0       23  34000450 /usr/lib/locale/en_US.utf8/LC_MEASUREMENT
bash      646914          root  mem    REG  253,0      369  34000449 /usr/lib/locale/en_US.utf8/LC_IDENTIFICATION
bash      646914          root  mem    REG  253,0   897856 100922204 /usr/lib64/ld-linux-x86-64.so.2
bash      646914          root    0r   CHR    1,3      0t0         4 /dev/null
bash      646914          root    1w   REG  253,0        0  43735380 /tmp/memory_monitor.log
bash      646914          root    2w   REG  253,0        0  43735380 /tmp/memory_monitor.log
bash      646914          root    3r  FIFO   0,13      0t0   2839977 pipe

    PID    PPID CMD                           RSS    VSZ %CPU %MEM     ELAPSED
Receptor Child Processes for PID 647684:
  No child processes found
Receptor Threads for PID 647684:
    PID    SPID %CPU %MEM   RSS COMMAND
Receptor Network Connections for PID 647684:
COMMAND    PID          USER   FD   TYPE DEVICE SIZE/OFF NODE NAME
chronyd    753        chrony    5u  IPv4  23399      0t0  UDP localhost:323 
chronyd    753        chrony    6u  IPv6  23400      0t0  UDP localhost:323 
NetworkMa  756          root   26u  IPv4  25104      0t0  UDP aap25-database.aap-test.local:bootpc->pi.hole:bootps 
sshd       781          root    3u  IPv4  21873      0t0  TCP *:ssh (LISTEN)
sshd       781          root    4u  IPv6  21875      0t0  TCP *:ssh (LISTEN)
node_expo 1074 node_exporter    3u  IPv6  23857      0t0  TCP *:jetdirect (LISTEN)
node_expo 1074 node_exporter    7u  IPv6  23988      0t0  TCP aap25-database.aap-test.local:jetdirect->monitoring-node.aap-test.local:60090 (ESTABLISHED)
postmaste 1085      postgres    6u  IPv4  23874      0t0  TCP *:postgres (LISTEN)
postmaste 1085      postgres    7u  IPv6  23875      0t0  TCP *:postgres (LISTEN)
  No network connections found

=== RECEPTOR MEMORY SUMMARY ===
Total Receptor RSS Memory: 3328 KB (3 MB)
Total Receptor VSZ Memory: 7260 KB (7 MB)
Number of Receptor Processes: 2

AAP-related Processes and Children:
=== AAP Service Processes ===
Process: bash (PID: 646914)
    PID    PPID CMD                           RSS
 646914       1 bash -c  log_file="/tmp/mem  3328
  Children of PID 646914:
    PID    PPID CMD                           RSS
 647743  646914 bash -c  log_file="/tmp/mem  2056

Process: bash (PID: 647743)
    PID    PPID CMD                           RSS
 647743  646914 bash -c  log_file="/tmp/mem  2056
  Children of PID 647743:
    PID    PPID CMD                           RSS


Process Tree for AAP Services:
=== automation-controller Process Tree ===
bash(646914)---pstree(647754)
=== receptor Process Tree ===
bash(646914)---pstree(647758)
=== nginx Process Tree ===
bash(646914)---pstree(647762)
=== postgresql Process Tree ===
bash(646914)---pstree(647766)
=== redis Process Tree ===
bash(646914)---pstree(647770)
=== uwsgi Process Tree ===
bash(646914)---pstree(647774)
=== automation-hub Process Tree ===
bash(646914)---pstree(647778)
=== automation-eda Process Tree ===
bash(646914)---pstree(647782)

=================================================================================
2025-06-30 12:40:30
Memory Usage Report:
               total        used        free      shared  buff/cache   available
Mem:            7681         652        6608         169         832        7028
Swap:           4095           0        4095

Top 10 Processes by RSS Memory:
    PID    PPID CMD                           RSS
   1085       1 /usr/bin/postmaster -D /var 114560
    745       1 /usr/bin/python3 -s /usr/sb 41536
   1074       1 /usr/local/bin/node_exporte 27576
    969       1 /usr/lib/polkit-1/polkitd - 27564
    785       1 /usr/bin/python3 -Es /usr/s 26900
   1187    1085 postgres: checkpointer      26752
   1188    1085 postgres: background writer 25088
   1201    1085 postgres: walwriter         21888
    756       1 /usr/sbin/NetworkManager -- 19584
    627       1 /usr/lib/systemd/systemd-jo 17664

=== RECEPTOR PROCESS ANALYSIS ===
Receptor Main Processes:
    PID    PPID CMD                           RSS    VSZ %CPU %MEM     ELAPSED
 646914       1 bash -c  log_file="/tmp/mem  3328   7260  0.0  0.0       02:33
Receptor Child Processes for PID 646914:
      PID    PPID CMD                           RSS    VSZ %CPU %MEM     ELAPSED
Receptor Threads for PID 646914:
    PID    SPID %CPU %MEM   RSS COMMAND
 646914  646914  0.0  0.0  3328 bash
Receptor Network Connections for PID 646914:
COMMAND      PID          USER   FD   TYPE DEVICE SIZE/OFF      NODE NAME
chronyd      753        chrony    5u  IPv4  23399      0t0       UDP localhost:323 
chronyd      753        chrony    6u  IPv6  23400      0t0       UDP localhost:323 
NetworkMa    756          root   26u  IPv4  25104      0t0       UDP aap25-database.aap-test.local:bootpc->pi.hole:bootps 
sshd         781          root    3u  IPv4  21873      0t0       TCP *:ssh (LISTEN)
sshd         781          root    4u  IPv6  21875      0t0       TCP *:ssh (LISTEN)
node_expo   1074 node_exporter    3u  IPv6  23857      0t0       TCP *:jetdirect (LISTEN)
node_expo   1074 node_exporter    7u  IPv6  23988      0t0       TCP aap25-database.aap-test.local:jetdirect->monitoring-node.aap-test.local:60090 (ESTABLISHED)
postmaste   1085      postgres    6u  IPv4  23874      0t0       TCP *:postgres (LISTEN)
postmaste   1085      postgres    7u  IPv6  23875      0t0       TCP *:postgres (LISTEN)
bash      646914          root  cwd    DIR  253,0      142  67240070 /root
bash      646914          root  rtd    DIR  253,0      235       128 /
bash      646914          root  txt    REG  253,0  1389072  67323062 /usr/bin/bash
bash      646914          root  mem    REG  253,0  2586930    223716 /usr/lib/locale/en_US.utf8/LC_COLLATE
bash      646914          root  mem    REG  253,0  2544344 100922208 /usr/lib64/libc.so.6
bash      646914          root  mem    REG  253,0   346132 100921885 /usr/lib/locale/C.utf8/LC_CTYPE
bash      646914          root  mem    REG  253,0       54    223719 /usr/lib/locale/en_US.utf8/LC_NUMERIC
bash      646914          root  mem    REG  253,0     3284  34000453 /usr/lib/locale/en_US.utf8/LC_TIME
bash      646914          root  mem    REG  253,0      286  34000451 /usr/lib/locale/en_US.utf8/LC_MONETARY
bash      646914          root  mem    REG  253,0       57  34000464 /usr/lib/locale/en_US.utf8/LC_MESSAGES/SYS_LC_MESSAGES
bash      646914          root  mem    REG  253,0    26988  67396209 /usr/lib64/gconv/gconv-modules.cache
bash      646914          root  mem    REG  253,0   195080 100921869 /usr/lib64/libtinfo.so.6.2
bash      646914          root  mem    REG  253,0       34 100922186 /usr/lib/locale/en_US.utf8/LC_PAPER
bash      646914          root  mem    REG  253,0       77    223718 /usr/lib/locale/en_US.utf8/LC_NAME
bash      646914          root  mem    REG  253,0      167  34000447 /usr/lib/locale/en_US.utf8/LC_ADDRESS
bash      646914          root  mem    REG  253,0       59  34000452 /usr/lib/locale/en_US.utf8/LC_TELEPHONE
bash      646914          root  mem    REG  253,0       23  34000450 /usr/lib/locale/en_US.utf8/LC_MEASUREMENT
bash      646914          root  mem    REG  253,0      369  34000449 /usr/lib/locale/en_US.utf8/LC_IDENTIFICATION
bash      646914          root  mem    REG  253,0   897856 100922204 /usr/lib64/ld-linux-x86-64.so.2
bash      646914          root    0r   CHR    1,3      0t0         4 /dev/null
bash      646914          root    1w   REG  253,0        0  43735380 /tmp/memory_monitor.log
bash      646914          root    2w   REG  253,0        0  43735380 /tmp/memory_monitor.log
bash      646914          root    3r  FIFO   0,13      0t0   2840280 pipe

    PID    PPID CMD                           RSS    VSZ %CPU %MEM     ELAPSED
Receptor Child Processes for PID 647869:
  No child processes found
Receptor Threads for PID 647869:
    PID    SPID %CPU %MEM   RSS COMMAND
Receptor Network Connections for PID 647869:
COMMAND    PID          USER   FD   TYPE DEVICE SIZE/OFF NODE NAME
chronyd    753        chrony    5u  IPv4  23399      0t0  UDP localhost:323 
chronyd    753        chrony    6u  IPv6  23400      0t0  UDP localhost:323 
NetworkMa  756          root   26u  IPv4  25104      0t0  UDP aap25-database.aap-test.local:bootpc->pi.hole:bootps 
sshd       781          root    3u  IPv4  21873      0t0  TCP *:ssh (LISTEN)
sshd       781          root    4u  IPv6  21875      0t0  TCP *:ssh (LISTEN)
node_expo 1074 node_exporter    3u  IPv6  23857      0t0  TCP *:jetdirect (LISTEN)
node_expo 1074 node_exporter    7u  IPv6  23988      0t0  TCP aap25-database.aap-test.local:jetdirect->monitoring-node.aap-test.local:60090 (ESTABLISHED)
postmaste 1085      postgres    6u  IPv4  23874      0t0  TCP *:postgres (LISTEN)
postmaste 1085      postgres    7u  IPv6  23875      0t0  TCP *:postgres (LISTEN)
  No network connections found

=== RECEPTOR MEMORY SUMMARY ===
Total Receptor RSS Memory: 3328 KB (3 MB)
Total Receptor VSZ Memory: 7260 KB (7 MB)
Number of Receptor Processes: 2

AAP-related Processes and Children:
=== AAP Service Processes ===
Process: bash (PID: 646914)
    PID    PPID CMD                           RSS
 646914       1 bash -c  log_file="/tmp/mem  3328
  Children of PID 646914:
    PID    PPID CMD                           RSS
 647928  646914 bash -c  log_file="/tmp/mem  2056

Process: bash (PID: 647928)
    PID    PPID CMD                           RSS
 647928  646914 bash -c  log_file="/tmp/mem  2056
  Children of PID 647928:
    PID    PPID CMD                           RSS


Process Tree for AAP Services:
=== automation-controller Process Tree ===
bash(646914)---pstree(647939)
=== receptor Process Tree ===
bash(646914)---pstree(647943)
=== nginx Process Tree ===
bash(646914)---pstree(647947)
=== postgresql Process Tree ===
bash(646914)---pstree(647951)
=== redis Process Tree ===
bash(646914)---pstree(647955)
=== uwsgi Process Tree ===
bash(646914)---pstree(647959)
=== automation-hub Process Tree ===
bash(646914)---pstree(647963)
=== automation-eda Process Tree ===
bash(646914)---pstree(647967)

=================================================================================
2025-06-30 12:41:01
Memory Usage Report:
               total        used        free      shared  buff/cache   available
Mem:            7681         652        6609         169         832        7029
Swap:           4095           0        4095

Top 10 Processes by RSS Memory:
    PID    PPID CMD                           RSS
   1085       1 /usr/bin/postmaster -D /var 114560
    745       1 /usr/bin/python3 -s /usr/sb 41536
   1074       1 /usr/local/bin/node_exporte 27576
    969       1 /usr/lib/polkit-1/polkitd - 27564
    785       1 /usr/bin/python3 -Es /usr/s 26900
   1187    1085 postgres: checkpointer      26752
   1188    1085 postgres: background writer 25088
   1201    1085 postgres: walwriter         21888
    756       1 /usr/sbin/NetworkManager -- 19584
    627       1 /usr/lib/systemd/systemd-jo 17664

=== RECEPTOR PROCESS ANALYSIS ===
Receptor Main Processes:
    PID    PPID CMD                           RSS    VSZ %CPU %MEM     ELAPSED
 646914       1 bash -c  log_file="/tmp/mem  3328   7260  0.0  0.0       03:04
Receptor Child Processes for PID 646914:
      PID    PPID CMD                           RSS    VSZ %CPU %MEM     ELAPSED
Receptor Threads for PID 646914:
    PID    SPID %CPU %MEM   RSS COMMAND
 646914  646914  0.0  0.0  3328 bash
Receptor Network Connections for PID 646914:
COMMAND      PID          USER   FD   TYPE DEVICE SIZE/OFF      NODE NAME
chronyd      753        chrony    5u  IPv4  23399      0t0       UDP localhost:323 
chronyd      753        chrony    6u  IPv6  23400      0t0       UDP localhost:323 
NetworkMa    756          root   26u  IPv4  25104      0t0       UDP aap25-database.aap-test.local:bootpc->pi.hole:bootps 
sshd         781          root    3u  IPv4  21873      0t0       TCP *:ssh (LISTEN)
sshd         781          root    4u  IPv6  21875      0t0       TCP *:ssh (LISTEN)
node_expo   1074 node_exporter    3u  IPv6  23857      0t0       TCP *:jetdirect (LISTEN)
node_expo   1074 node_exporter    7u  IPv6  23988      0t0       TCP aap25-database.aap-test.local:jetdirect->monitoring-node.aap-test.local:60090 (ESTABLISHED)
postmaste   1085      postgres    6u  IPv4  23874      0t0       TCP *:postgres (LISTEN)
postmaste   1085      postgres    7u  IPv6  23875      0t0       TCP *:postgres (LISTEN)
bash      646914          root  cwd    DIR  253,0      142  67240070 /root
bash      646914          root  rtd    DIR  253,0      235       128 /
bash      646914          root  txt    REG  253,0  1389072  67323062 /usr/bin/bash
bash      646914          root  mem    REG  253,0  2586930    223716 /usr/lib/locale/en_US.utf8/LC_COLLATE
bash      646914          root  mem    REG  253,0  2544344 100922208 /usr/lib64/libc.so.6
bash      646914          root  mem    REG  253,0   346132 100921885 /usr/lib/locale/C.utf8/LC_CTYPE
bash      646914          root  mem    REG  253,0       54    223719 /usr/lib/locale/en_US.utf8/LC_NUMERIC
bash      646914          root  mem    REG  253,0     3284  34000453 /usr/lib/locale/en_US.utf8/LC_TIME
bash      646914          root  mem    REG  253,0      286  34000451 /usr/lib/locale/en_US.utf8/LC_MONETARY
bash      646914          root  mem    REG  253,0       57  34000464 /usr/lib/locale/en_US.utf8/LC_MESSAGES/SYS_LC_MESSAGES
bash      646914          root  mem    REG  253,0    26988  67396209 /usr/lib64/gconv/gconv-modules.cache
bash      646914          root  mem    REG  253,0   195080 100921869 /usr/lib64/libtinfo.so.6.2
bash      646914          root  mem    REG  253,0       34 100922186 /usr/lib/locale/en_US.utf8/LC_PAPER
bash      646914          root  mem    REG  253,0       77    223718 /usr/lib/locale/en_US.utf8/LC_NAME
bash      646914          root  mem    REG  253,0      167  34000447 /usr/lib/locale/en_US.utf8/LC_ADDRESS
bash      646914          root  mem    REG  253,0       59  34000452 /usr/lib/locale/en_US.utf8/LC_TELEPHONE
bash      646914          root  mem    REG  253,0       23  34000450 /usr/lib/locale/en_US.utf8/LC_MEASUREMENT
bash      646914          root  mem    REG  253,0      369  34000449 /usr/lib/locale/en_US.utf8/LC_IDENTIFICATION
bash      646914          root  mem    REG  253,0   897856 100922204 /usr/lib64/ld-linux-x86-64.so.2
bash      646914          root    0r   CHR    1,3      0t0         4 /dev/null
bash      646914          root    1w   REG  253,0        0  43735380 /tmp/memory_monitor.log
bash      646914          root    2w   REG  253,0        0  43735380 /tmp/memory_monitor.log
bash      646914          root    3r  FIFO   0,13      0t0   2840564 pipe

    PID    PPID CMD                           RSS    VSZ %CPU %MEM     ELAPSED
Receptor Child Processes for PID 648053:
  No child processes found
Receptor Threads for PID 648053:
    PID    SPID %CPU %MEM   RSS COMMAND
Receptor Network Connections for PID 648053:
COMMAND    PID          USER   FD   TYPE DEVICE SIZE/OFF NODE NAME
chronyd    753        chrony    5u  IPv4  23399      0t0  UDP localhost:323 
chronyd    753        chrony    6u  IPv6  23400      0t0  UDP localhost:323 
NetworkMa  756          root   26u  IPv4  25104      0t0  UDP aap25-database.aap-test.local:bootpc->pi.hole:bootps 
sshd       781          root    3u  IPv4  21873      0t0  TCP *:ssh (LISTEN)
sshd       781          root    4u  IPv6  21875      0t0  TCP *:ssh (LISTEN)
node_expo 1074 node_exporter    3u  IPv6  23857      0t0  TCP *:jetdirect (LISTEN)
node_expo 1074 node_exporter    7u  IPv6  23988      0t0  TCP aap25-database.aap-test.local:jetdirect->monitoring-node.aap-test.local:60090 (ESTABLISHED)
postmaste 1085      postgres    6u  IPv4  23874      0t0  TCP *:postgres (LISTEN)
postmaste 1085      postgres    7u  IPv6  23875      0t0  TCP *:postgres (LISTEN)
  No network connections found

=== RECEPTOR MEMORY SUMMARY ===
Total Receptor RSS Memory: 3328 KB (3 MB)
Total Receptor VSZ Memory: 7260 KB (7 MB)
Number of Receptor Processes: 2

AAP-related Processes and Children:
=== AAP Service Processes ===
Process: bash (PID: 646914)
    PID    PPID CMD                           RSS
 646914       1 bash -c  log_file="/tmp/mem  3328
  Children of PID 646914:
    PID    PPID CMD                           RSS
 648112  646914 bash -c  log_file="/tmp/mem  2060

Process: bash (PID: 648112)
    PID    PPID CMD                           RSS
 648112  646914 bash -c  log_file="/tmp/mem  2060
  Children of PID 648112:
    PID    PPID CMD                           RSS


Process Tree for AAP Services:
=== automation-controller Process Tree ===
bash(646914)---pstree(648123)
=== receptor Process Tree ===
bash(646914)---pstree(648127)
=== nginx Process Tree ===
bash(646914)---pstree(648131)
=== postgresql Process Tree ===
bash(646914)---pstree(648135)
=== redis Process Tree ===
bash(646914)---pstree(648139)
=== uwsgi Process Tree ===
bash(646914)---pstree(648143)
=== automation-hub Process Tree ===
bash(646914)---pstree(648147)
=== automation-eda Process Tree ===
bash(646914)---pstree(648151)

=================================================================================
2025-06-30 12:41:31
Memory Usage Report:
               total        used        free      shared  buff/cache   available
Mem:            7681         651        6609         169         832        7029
Swap:           4095           0        4095

Top 10 Processes by RSS Memory:
    PID    PPID CMD                           RSS
   1085       1 /usr/bin/postmaster -D /var 114560
    745       1 /usr/bin/python3 -s /usr/sb 41536
   1074       1 /usr/local/bin/node_exporte 27948
    969       1 /usr/lib/polkit-1/polkitd - 27564
    785       1 /usr/bin/python3 -Es /usr/s 26900
   1187    1085 postgres: checkpointer      26752
   1188    1085 postgres: background writer 25088
   1201    1085 postgres: walwriter         21888
    756       1 /usr/sbin/NetworkManager -- 19584
    627       1 /usr/lib/systemd/systemd-jo 17664

=== RECEPTOR PROCESS ANALYSIS ===
Receptor Main Processes:
    PID    PPID CMD                           RSS    VSZ %CPU %MEM     ELAPSED
 646914       1 bash -c  log_file="/tmp/mem  3328   7260  0.0  0.0       03:34
Receptor Child Processes for PID 646914:
      PID    PPID CMD                           RSS    VSZ %CPU %MEM     ELAPSED
Receptor Threads for PID 646914:
    PID    SPID %CPU %MEM   RSS COMMAND
 646914  646914  0.0  0.0  3328 bash
Receptor Network Connections for PID 646914:
COMMAND      PID          USER   FD   TYPE DEVICE SIZE/OFF      NODE NAME
chronyd      753        chrony    5u  IPv4  23399      0t0       UDP localhost:323 
chronyd      753        chrony    6u  IPv6  23400      0t0       UDP localhost:323 
NetworkMa    756          root   26u  IPv4  25104      0t0       UDP aap25-database.aap-test.local:bootpc->pi.hole:bootps 
sshd         781          root    3u  IPv4  21873      0t0       TCP *:ssh (LISTEN)
sshd         781          root    4u  IPv6  21875      0t0       TCP *:ssh (LISTEN)
node_expo   1074 node_exporter    3u  IPv6  23857      0t0       TCP *:jetdirect (LISTEN)
node_expo   1074 node_exporter    7u  IPv6  23988      0t0       TCP aap25-database.aap-test.local:jetdirect->monitoring-node.aap-test.local:60090 (ESTABLISHED)
postmaste   1085      postgres    6u  IPv4  23874      0t0       TCP *:postgres (LISTEN)
postmaste   1085      postgres    7u  IPv6  23875      0t0       TCP *:postgres (LISTEN)
bash      646914          root  cwd    DIR  253,0      142  67240070 /root
bash      646914          root  rtd    DIR  253,0      235       128 /
bash      646914          root  txt    REG  253,0  1389072  67323062 /usr/bin/bash
bash      646914          root  mem    REG  253,0  2586930    223716 /usr/lib/locale/en_US.utf8/LC_COLLATE
bash      646914          root  mem    REG  253,0  2544344 100922208 /usr/lib64/libc.so.6
bash      646914          root  mem    REG  253,0   346132 100921885 /usr/lib/locale/C.utf8/LC_CTYPE
bash      646914          root  mem    REG  253,0       54    223719 /usr/lib/locale/en_US.utf8/LC_NUMERIC
bash      646914          root  mem    REG  253,0     3284  34000453 /usr/lib/locale/en_US.utf8/LC_TIME
bash      646914          root  mem    REG  253,0      286  34000451 /usr/lib/locale/en_US.utf8/LC_MONETARY
bash      646914          root  mem    REG  253,0       57  34000464 /usr/lib/locale/en_US.utf8/LC_MESSAGES/SYS_LC_MESSAGES
bash      646914          root  mem    REG  253,0    26988  67396209 /usr/lib64/gconv/gconv-modules.cache
bash      646914          root  mem    REG  253,0   195080 100921869 /usr/lib64/libtinfo.so.6.2
bash      646914          root  mem    REG  253,0       34 100922186 /usr/lib/locale/en_US.utf8/LC_PAPER
bash      646914          root  mem    REG  253,0       77    223718 /usr/lib/locale/en_US.utf8/LC_NAME
bash      646914          root  mem    REG  253,0      167  34000447 /usr/lib/locale/en_US.utf8/LC_ADDRESS
bash      646914          root  mem    REG  253,0       59  34000452 /usr/lib/locale/en_US.utf8/LC_TELEPHONE
bash      646914          root  mem    REG  253,0       23  34000450 /usr/lib/locale/en_US.utf8/LC_MEASUREMENT
bash      646914          root  mem    REG  253,0      369  34000449 /usr/lib/locale/en_US.utf8/LC_IDENTIFICATION
bash      646914          root  mem    REG  253,0   897856 100922204 /usr/lib64/ld-linux-x86-64.so.2
bash      646914          root    0r   CHR    1,3      0t0         4 /dev/null
bash      646914          root    1w   REG  253,0        0  43735380 /tmp/memory_monitor.log
bash      646914          root    2w   REG  253,0        0  43735380 /tmp/memory_monitor.log
bash      646914          root    3r  FIFO   0,13      0t0   2842898 pipe

    PID    PPID CMD                           RSS    VSZ %CPU %MEM     ELAPSED
Receptor Child Processes for PID 648237:
  No child processes found
Receptor Threads for PID 648237:
    PID    SPID %CPU %MEM   RSS COMMAND
Receptor Network Connections for PID 648237:
COMMAND    PID          USER   FD   TYPE DEVICE SIZE/OFF NODE NAME
chronyd    753        chrony    5u  IPv4  23399      0t0  UDP localhost:323 
chronyd    753        chrony    6u  IPv6  23400      0t0  UDP localhost:323 
NetworkMa  756          root   26u  IPv4  25104      0t0  UDP aap25-database.aap-test.local:bootpc->pi.hole:bootps 
sshd       781          root    3u  IPv4  21873      0t0  TCP *:ssh (LISTEN)
sshd       781          root    4u  IPv6  21875      0t0  TCP *:ssh (LISTEN)
node_expo 1074 node_exporter    3u  IPv6  23857      0t0  TCP *:jetdirect (LISTEN)
node_expo 1074 node_exporter    7u  IPv6  23988      0t0  TCP aap25-database.aap-test.local:jetdirect->monitoring-node.aap-test.local:60090 (ESTABLISHED)
postmaste 1085      postgres    6u  IPv4  23874      0t0  TCP *:postgres (LISTEN)
postmaste 1085      postgres    7u  IPv6  23875      0t0  TCP *:postgres (LISTEN)
  No network connections found

=== RECEPTOR MEMORY SUMMARY ===
Total Receptor RSS Memory: 3328 KB (3 MB)
Total Receptor VSZ Memory: 7260 KB (7 MB)
Number of Receptor Processes: 2

AAP-related Processes and Children:
=== AAP Service Processes ===
Process: bash (PID: 646914)
    PID    PPID CMD                           RSS
 646914       1 bash -c  log_file="/tmp/mem  3328
  Children of PID 646914:
    PID    PPID CMD                           RSS
 648296  646914 bash -c  log_file="/tmp/mem  2060

Process: bash (PID: 648296)
    PID    PPID CMD                           RSS
 648296  646914 bash -c  log_file="/tmp/mem  2060
  Children of PID 648296:
    PID    PPID CMD                           RSS


Process Tree for AAP Services:
=== automation-controller Process Tree ===
bash(646914)---pstree(648307)
=== receptor Process Tree ===
bash(646914)---pstree(648311)
=== nginx Process Tree ===
bash(646914)---pstree(648315)
=== postgresql Process Tree ===
bash(646914)---pstree(648319)
=== redis Process Tree ===
bash(646914)---pstree(648323)
=== uwsgi Process Tree ===
bash(646914)---pstree(648327)
=== automation-hub Process Tree ===
bash(646914)---pstree(648331)
=== automation-eda Process Tree ===
bash(646914)---pstree(648335)

=================================================================================
2025-06-30 12:42:02
Memory Usage Report:
               total        used        free      shared  buff/cache   available
Mem:            7681         650        6610         169         832        7030
Swap:           4095           0        4095

Top 10 Processes by RSS Memory:
    PID    PPID CMD                           RSS
   1085       1 /usr/bin/postmaster -D /var 114560
    745       1 /usr/bin/python3 -s /usr/sb 41536
   1074       1 /usr/local/bin/node_exporte 27648
    969       1 /usr/lib/polkit-1/polkitd - 27564
    785       1 /usr/bin/python3 -Es /usr/s 26900
   1187    1085 postgres: checkpointer      26752
   1188    1085 postgres: background writer 25088
   1201    1085 postgres: walwriter         21888
    756       1 /usr/sbin/NetworkManager -- 19584
    627       1 /usr/lib/systemd/systemd-jo 17792

=== RECEPTOR PROCESS ANALYSIS ===
Receptor Main Processes:
    PID    PPID CMD                           RSS    VSZ %CPU %MEM     ELAPSED
 646914       1 bash -c  log_file="/tmp/mem  3328   7260  0.0  0.0       04:04
Receptor Child Processes for PID 646914:
      PID    PPID CMD                           RSS    VSZ %CPU %MEM     ELAPSED
Receptor Threads for PID 646914:
    PID    SPID %CPU %MEM   RSS COMMAND
 646914  646914  0.0  0.0  3328 bash
Receptor Network Connections for PID 646914:
COMMAND      PID          USER   FD   TYPE DEVICE SIZE/OFF      NODE NAME
chronyd      753        chrony    5u  IPv4  23399      0t0       UDP localhost:323 
chronyd      753        chrony    6u  IPv6  23400      0t0       UDP localhost:323 
NetworkMa    756          root   26u  IPv4  25104      0t0       UDP aap25-database.aap-test.local:bootpc->pi.hole:bootps 
sshd         781          root    3u  IPv4  21873      0t0       TCP *:ssh (LISTEN)
sshd         781          root    4u  IPv6  21875      0t0       TCP *:ssh (LISTEN)
node_expo   1074 node_exporter    3u  IPv6  23857      0t0       TCP *:jetdirect (LISTEN)
node_expo   1074 node_exporter    7u  IPv6  23988      0t0       TCP aap25-database.aap-test.local:jetdirect->monitoring-node.aap-test.local:60090 (ESTABLISHED)
postmaste   1085      postgres    6u  IPv4  23874      0t0       TCP *:postgres (LISTEN)
postmaste   1085      postgres    7u  IPv6  23875      0t0       TCP *:postgres (LISTEN)
bash      646914          root  cwd    DIR  253,0      142  67240070 /root
bash      646914          root  rtd    DIR  253,0      235       128 /
bash      646914          root  txt    REG  253,0  1389072  67323062 /usr/bin/bash
bash      646914          root  mem    REG  253,0  2586930    223716 /usr/lib/locale/en_US.utf8/LC_COLLATE
bash      646914          root  mem    REG  253,0  2544344 100922208 /usr/lib64/libc.so.6
bash      646914          root  mem    REG  253,0   346132 100921885 /usr/lib/locale/C.utf8/LC_CTYPE
bash      646914          root  mem    REG  253,0       54    223719 /usr/lib/locale/en_US.utf8/LC_NUMERIC
bash      646914          root  mem    REG  253,0     3284  34000453 /usr/lib/locale/en_US.utf8/LC_TIME
bash      646914          root  mem    REG  253,0      286  34000451 /usr/lib/locale/en_US.utf8/LC_MONETARY
bash      646914          root  mem    REG  253,0       57  34000464 /usr/lib/locale/en_US.utf8/LC_MESSAGES/SYS_LC_MESSAGES
bash      646914          root  mem    REG  253,0    26988  67396209 /usr/lib64/gconv/gconv-modules.cache
bash      646914          root  mem    REG  253,0   195080 100921869 /usr/lib64/libtinfo.so.6.2
bash      646914          root  mem    REG  253,0       34 100922186 /usr/lib/locale/en_US.utf8/LC_PAPER
bash      646914          root  mem    REG  253,0       77    223718 /usr/lib/locale/en_US.utf8/LC_NAME
bash      646914          root  mem    REG  253,0      167  34000447 /usr/lib/locale/en_US.utf8/LC_ADDRESS
bash      646914          root  mem    REG  253,0       59  34000452 /usr/lib/locale/en_US.utf8/LC_TELEPHONE
bash      646914          root  mem    REG  253,0       23  34000450 /usr/lib/locale/en_US.utf8/LC_MEASUREMENT
bash      646914          root  mem    REG  253,0      369  34000449 /usr/lib/locale/en_US.utf8/LC_IDENTIFICATION
bash      646914          root  mem    REG  253,0   897856 100922204 /usr/lib64/ld-linux-x86-64.so.2
bash      646914          root    0r   CHR    1,3      0t0         4 /dev/null
bash      646914          root    1w   REG  253,0        0  43735380 /tmp/memory_monitor.log
bash      646914          root    2w   REG  253,0        0  43735380 /tmp/memory_monitor.log
bash      646914          root    3r  FIFO   0,13      0t0   2843114 pipe

    PID    PPID CMD                           RSS    VSZ %CPU %MEM     ELAPSED
Receptor Child Processes for PID 648421:
  No child processes found
Receptor Threads for PID 648421:
    PID    SPID %CPU %MEM   RSS COMMAND
Receptor Network Connections for PID 648421:
COMMAND    PID          USER   FD   TYPE DEVICE SIZE/OFF NODE NAME
chronyd    753        chrony    5u  IPv4  23399      0t0  UDP localhost:323 
chronyd    753        chrony    6u  IPv6  23400      0t0  UDP localhost:323 
NetworkMa  756          root   26u  IPv4  25104      0t0  UDP aap25-database.aap-test.local:bootpc->pi.hole:bootps 
sshd       781          root    3u  IPv4  21873      0t0  TCP *:ssh (LISTEN)
sshd       781          root    4u  IPv6  21875      0t0  TCP *:ssh (LISTEN)
node_expo 1074 node_exporter    3u  IPv6  23857      0t0  TCP *:jetdirect (LISTEN)
node_expo 1074 node_exporter    7u  IPv6  23988      0t0  TCP aap25-database.aap-test.local:jetdirect->monitoring-node.aap-test.local:60090 (ESTABLISHED)
postmaste 1085      postgres    6u  IPv4  23874      0t0  TCP *:postgres (LISTEN)
postmaste 1085      postgres    7u  IPv6  23875      0t0  TCP *:postgres (LISTEN)
  No network connections found

=== RECEPTOR MEMORY SUMMARY ===
Total Receptor RSS Memory: 3328 KB (3 MB)
Total Receptor VSZ Memory: 7260 KB (7 MB)
Number of Receptor Processes: 2

AAP-related Processes and Children:
=== AAP Service Processes ===
Process: bash (PID: 646914)
    PID    PPID CMD                           RSS
 646914       1 bash -c  log_file="/tmp/mem  3328
  Children of PID 646914:
    PID    PPID CMD                           RSS
 648480  646914 bash -c  log_file="/tmp/mem  2060

Process: bash (PID: 648480)
    PID    PPID CMD                           RSS
 648480  646914 bash -c  log_file="/tmp/mem  2060
  Children of PID 648480:
    PID    PPID CMD                           RSS


Process Tree for AAP Services:
=== automation-controller Process Tree ===
bash(646914)---pstree(648491)
=== receptor Process Tree ===
bash(646914)---pstree(648495)
=== nginx Process Tree ===
bash(646914)---pstree(648499)
=== postgresql Process Tree ===
bash(646914)---pstree(648503)
=== redis Process Tree ===
bash(646914)---pstree(648507)
=== uwsgi Process Tree ===
bash(646914)---pstree(648511)
=== automation-hub Process Tree ===
bash(646914)---pstree(648515)
=== automation-eda Process Tree ===
bash(646914)---pstree(648519)

=================================================================================
2025-06-30 12:42:32
Memory Usage Report:
               total        used        free      shared  buff/cache   available
Mem:            7681         651        6609         169         832        7029
Swap:           4095           0        4095

Top 10 Processes by RSS Memory:
    PID    PPID CMD                           RSS
   1085       1 /usr/bin/postmaster -D /var 114560
    745       1 /usr/bin/python3 -s /usr/sb 41536
   1074       1 /usr/local/bin/node_exporte 27648
    969       1 /usr/lib/polkit-1/polkitd - 27564
    785       1 /usr/bin/python3 -Es /usr/s 26900
   1187    1085 postgres: checkpointer      26752
   1188    1085 postgres: background writer 25088
   1201    1085 postgres: walwriter         21888
    756       1 /usr/sbin/NetworkManager -- 19584
    627       1 /usr/lib/systemd/systemd-jo 17792

=== RECEPTOR PROCESS ANALYSIS ===
Receptor Main Processes:
    PID    PPID CMD                           RSS    VSZ %CPU %MEM     ELAPSED
 646914       1 bash -c  log_file="/tmp/mem  3328   7260  0.0  0.0       04:35
Receptor Child Processes for PID 646914:
      PID    PPID CMD                           RSS    VSZ %CPU %MEM     ELAPSED
Receptor Threads for PID 646914:
    PID    SPID %CPU %MEM   RSS COMMAND
 646914  646914  0.0  0.0  3328 bash
Receptor Network Connections for PID 646914:
COMMAND      PID          USER   FD   TYPE DEVICE SIZE/OFF      NODE NAME
chronyd      753        chrony    5u  IPv4  23399      0t0       UDP localhost:323 
chronyd      753        chrony    6u  IPv6  23400      0t0       UDP localhost:323 
NetworkMa    756          root   26u  IPv4  25104      0t0       UDP aap25-database.aap-test.local:bootpc->pi.hole:bootps 
sshd         781          root    3u  IPv4  21873      0t0       TCP *:ssh (LISTEN)
sshd         781          root    4u  IPv6  21875      0t0       TCP *:ssh (LISTEN)
node_expo   1074 node_exporter    3u  IPv6  23857      0t0       TCP *:jetdirect (LISTEN)
node_expo   1074 node_exporter    7u  IPv6  23988      0t0       TCP aap25-database.aap-test.local:jetdirect->monitoring-node.aap-test.local:60090 (ESTABLISHED)
postmaste   1085      postgres    6u  IPv4  23874      0t0       TCP *:postgres (LISTEN)
postmaste   1085      postgres    7u  IPv6  23875      0t0       TCP *:postgres (LISTEN)
bash      646914          root  cwd    DIR  253,0      142  67240070 /root
bash      646914          root  rtd    DIR  253,0      235       128 /
bash      646914          root  txt    REG  253,0  1389072  67323062 /usr/bin/bash
bash      646914          root  mem    REG  253,0  2586930    223716 /usr/lib/locale/en_US.utf8/LC_COLLATE
bash      646914          root  mem    REG  253,0  2544344 100922208 /usr/lib64/libc.so.6
bash      646914          root  mem    REG  253,0   346132 100921885 /usr/lib/locale/C.utf8/LC_CTYPE
bash      646914          root  mem    REG  253,0       54    223719 /usr/lib/locale/en_US.utf8/LC_NUMERIC
bash      646914          root  mem    REG  253,0     3284  34000453 /usr/lib/locale/en_US.utf8/LC_TIME
bash      646914          root  mem    REG  253,0      286  34000451 /usr/lib/locale/en_US.utf8/LC_MONETARY
bash      646914          root  mem    REG  253,0       57  34000464 /usr/lib/locale/en_US.utf8/LC_MESSAGES/SYS_LC_MESSAGES
bash      646914          root  mem    REG  253,0    26988  67396209 /usr/lib64/gconv/gconv-modules.cache
bash      646914          root  mem    REG  253,0   195080 100921869 /usr/lib64/libtinfo.so.6.2
bash      646914          root  mem    REG  253,0       34 100922186 /usr/lib/locale/en_US.utf8/LC_PAPER
bash      646914          root  mem    REG  253,0       77    223718 /usr/lib/locale/en_US.utf8/LC_NAME
bash      646914          root  mem    REG  253,0      167  34000447 /usr/lib/locale/en_US.utf8/LC_ADDRESS
bash      646914          root  mem    REG  253,0       59  34000452 /usr/lib/locale/en_US.utf8/LC_TELEPHONE
bash      646914          root  mem    REG  253,0       23  34000450 /usr/lib/locale/en_US.utf8/LC_MEASUREMENT
bash      646914          root  mem    REG  253,0      369  34000449 /usr/lib/locale/en_US.utf8/LC_IDENTIFICATION
bash      646914          root  mem    REG  253,0   897856 100922204 /usr/lib64/ld-linux-x86-64.so.2
bash      646914          root    0r   CHR    1,3      0t0         4 /dev/null
bash      646914          root    1w   REG  253,0        0  43735380 /tmp/memory_monitor.log
bash      646914          root    2w   REG  253,0        0  43735380 /tmp/memory_monitor.log
bash      646914          root    3r  FIFO   0,13      0t0   2844223 pipe

    PID    PPID CMD                           RSS    VSZ %CPU %MEM     ELAPSED
Receptor Child Processes for PID 648605:
  No child processes found
Receptor Threads for PID 648605:
    PID    SPID %CPU %MEM   RSS COMMAND
Receptor Network Connections for PID 648605:
COMMAND    PID          USER   FD   TYPE DEVICE SIZE/OFF NODE NAME
chronyd    753        chrony    5u  IPv4  23399      0t0  UDP localhost:323 
chronyd    753        chrony    6u  IPv6  23400      0t0  UDP localhost:323 
NetworkMa  756          root   26u  IPv4  25104      0t0  UDP aap25-database.aap-test.local:bootpc->pi.hole:bootps 
sshd       781          root    3u  IPv4  21873      0t0  TCP *:ssh (LISTEN)
sshd       781          root    4u  IPv6  21875      0t0  TCP *:ssh (LISTEN)
node_expo 1074 node_exporter    3u  IPv6  23857      0t0  TCP *:jetdirect (LISTEN)
node_expo 1074 node_exporter    7u  IPv6  23988      0t0  TCP aap25-database.aap-test.local:jetdirect->monitoring-node.aap-test.local:60090 (ESTABLISHED)
postmaste 1085      postgres    6u  IPv4  23874      0t0  TCP *:postgres (LISTEN)
postmaste 1085      postgres    7u  IPv6  23875      0t0  TCP *:postgres (LISTEN)
  No network connections found

=== RECEPTOR MEMORY SUMMARY ===
Total Receptor RSS Memory: 3328 KB (3 MB)
Total Receptor VSZ Memory: 7260 KB (7 MB)
Number of Receptor Processes: 2

AAP-related Processes and Children:
=== AAP Service Processes ===
Process: bash (PID: 646914)
    PID    PPID CMD                           RSS
 646914       1 bash -c  log_file="/tmp/mem  3328
  Children of PID 646914:
    PID    PPID CMD                           RSS
 648664  646914 bash -c  log_file="/tmp/mem  2060

Process: bash (PID: 648664)
    PID    PPID CMD                           RSS
 648664  646914 bash -c  log_file="/tmp/mem  2060
  Children of PID 648664:
    PID    PPID CMD                           RSS


Process Tree for AAP Services:
=== automation-controller Process Tree ===
bash(646914)---pstree(648675)
=== receptor Process Tree ===
bash(646914)---pstree(648679)
=== nginx Process Tree ===
bash(646914)---pstree(648683)
=== postgresql Process Tree ===
bash(646914)---pstree(648687)
=== redis Process Tree ===
bash(646914)---pstree(648691)
=== uwsgi Process Tree ===
bash(646914)---pstree(648695)
=== automation-hub Process Tree ===
bash(646914)---pstree(648699)
=== automation-eda Process Tree ===
bash(646914)---pstree(648703)

Memory monitoring completed for aap25 light test at Mon Jun 30 12:43:03 PM PDT 2025
