Starting memory monitoring for aap25 baseline test at Mon Jun 30 02:51:16 PM PDT 2025
=================================================================================
2025-06-30 14:51:16
Memory Usage Report:
               total        used        free      shared  buff/cache   available
Mem:            7681         612        6804         110         611        7068
Swap:           4095           0        4095

Top 10 Processes by RSS Memory:
    PID    PPID CMD                           RSS
   1096       1 /usr/bin/postmaster -D /var 114432
    747       1 /usr/bin/python3 -s /usr/sb 43064
    991       1 /usr/lib/polkit-1/polkitd - 27692
    787       1 /usr/bin/python3 -Es /usr/s 26648
   1180    1096 postgres: checkpointer      26620
   1078       1 /usr/local/bin/node_exporte 26456
   1181    1096 postgres: background writer 24956
   1194    1096 postgres: walwriter         22012
    758       1 /usr/sbin/NetworkManager -- 21344
      1       0 /usr/lib/systemd/systemd rh 17864

=== RECEPTOR PROCESS ANALYSIS ===
Receptor Main Processes:
    PID    PPID CMD                           RSS    VSZ %CPU %MEM     ELAPSED
  15336       1 bash -c  log_file="/tmp/mem  3200   7260  0.0  0.0       00:00
Receptor Child Processes for PID 15336:
      PID    PPID CMD                           RSS    VSZ %CPU %MEM     ELAPSED
Receptor Threads for PID 15336:
    PID    SPID %CPU %MEM   RSS COMMAND
  15336   15336  0.0  0.0  3200 bash
Receptor Network Connections for PID 15336:
COMMAND     PID          USER   FD   TYPE DEVICE SIZE/OFF      NODE NAME
chronyd     755        chrony    5u  IPv4  24001      0t0       UDP localhost:323 
chronyd     755        chrony    6u  IPv6  24002      0t0       UDP localhost:323 
NetworkMa   758          root   26u  IPv4  24817      0t0       UDP aap25-database.aap-test.local:bootpc->pi.hole:bootps 
sshd        783          root    3u  IPv4  21989      0t0       TCP *:ssh (LISTEN)
sshd        783          root    4u  IPv6  21991      0t0       TCP *:ssh (LISTEN)
node_expo  1078 node_exporter    3u  IPv6  24863      0t0       TCP *:jetdirect (LISTEN)
node_expo  1078 node_exporter    7u  IPv6  25780      0t0       TCP aap25-database.aap-test.local:jetdirect->monitoring-node.aap-test.local:42912 (ESTABLISHED)
postmaste  1096      postgres    6u  IPv4  23210      0t0       TCP *:postgres (LISTEN)
postmaste  1096      postgres    7u  IPv6  23211      0t0       TCP *:postgres (LISTEN)
sshd      15236          root    4u  IPv4  84440      0t0       TCP aap25-database.aap-test.local:ssh->192.168.1.49:40230 (ESTABLISHED)
sshd      15256          root    4u  IPv4  84440      0t0       TCP aap25-database.aap-test.local:ssh->192.168.1.49:40230 (ESTABLISHED)
bash      15336          root  cwd    DIR  253,0      142  67240070 /root
bash      15336          root  rtd    DIR  253,0      235       128 /
bash      15336          root  txt    REG  253,0  1389072  67323062 /usr/bin/bash
bash      15336          root  mem    REG  253,0  2586930    223716 /usr/lib/locale/en_US.utf8/LC_COLLATE
bash      15336          root  mem    REG  253,0  2544344 100922208 /usr/lib64/libc.so.6
bash      15336          root  mem    REG  253,0   346132 100921885 /usr/lib/locale/C.utf8/LC_CTYPE
bash      15336          root  mem    REG  253,0       54    223719 /usr/lib/locale/en_US.utf8/LC_NUMERIC
bash      15336          root  mem    REG  253,0     3284  34000453 /usr/lib/locale/en_US.utf8/LC_TIME
bash      15336          root  mem    REG  253,0      286  34000451 /usr/lib/locale/en_US.utf8/LC_MONETARY
bash      15336          root  mem    REG  253,0       57  34000464 /usr/lib/locale/en_US.utf8/LC_MESSAGES/SYS_LC_MESSAGES
bash      15336          root  mem    REG  253,0    26988  67396209 /usr/lib64/gconv/gconv-modules.cache
bash      15336          root  mem    REG  253,0   195080 100921869 /usr/lib64/libtinfo.so.6.2
bash      15336          root  mem    REG  253,0       34 100922186 /usr/lib/locale/en_US.utf8/LC_PAPER
bash      15336          root  mem    REG  253,0       77    223718 /usr/lib/locale/en_US.utf8/LC_NAME
bash      15336          root  mem    REG  253,0      167  34000447 /usr/lib/locale/en_US.utf8/LC_ADDRESS
bash      15336          root  mem    REG  253,0       59  34000452 /usr/lib/locale/en_US.utf8/LC_TELEPHONE
bash      15336          root  mem    REG  253,0       23  34000450 /usr/lib/locale/en_US.utf8/LC_MEASUREMENT
bash      15336          root  mem    REG  253,0      369  34000449 /usr/lib/locale/en_US.utf8/LC_IDENTIFICATION
bash      15336          root  mem    REG  253,0   897856 100922204 /usr/lib64/ld-linux-x86-64.so.2
bash      15336          root    0r   CHR    1,3      0t0         4 /dev/null
bash      15336          root    1w   REG  253,0        0  43735380 /tmp/memory_monitor.log
bash      15336          root    2w   REG  253,0        0  43735380 /tmp/memory_monitor.log
bash      15336          root    3r  FIFO   0,13      0t0     84555 pipe

    PID    PPID CMD                           RSS    VSZ %CPU %MEM     ELAPSED
Receptor Child Processes for PID 15344:
  No child processes found
Receptor Threads for PID 15344:
    PID    SPID %CPU %MEM   RSS COMMAND
Receptor Network Connections for PID 15344:
COMMAND     PID          USER   FD   TYPE DEVICE SIZE/OFF NODE NAME
chronyd     755        chrony    5u  IPv4  24001      0t0  UDP localhost:323 
chronyd     755        chrony    6u  IPv6  24002      0t0  UDP localhost:323 
NetworkMa   758          root   26u  IPv4  24817      0t0  UDP aap25-database.aap-test.local:bootpc->pi.hole:bootps 
sshd        783          root    3u  IPv4  21989      0t0  TCP *:ssh (LISTEN)
sshd        783          root    4u  IPv6  21991      0t0  TCP *:ssh (LISTEN)
node_expo  1078 node_exporter    3u  IPv6  24863      0t0  TCP *:jetdirect (LISTEN)
node_expo  1078 node_exporter    7u  IPv6  25780      0t0  TCP aap25-database.aap-test.local:jetdirect->monitoring-node.aap-test.local:42912 (ESTABLISHED)
postmaste  1096      postgres    6u  IPv4  23210      0t0  TCP *:postgres (LISTEN)
postmaste  1096      postgres    7u  IPv6  23211      0t0  TCP *:postgres (LISTEN)
sshd      15236          root    4u  IPv4  84440      0t0  TCP aap25-database.aap-test.local:ssh->192.168.1.49:40230 (ESTABLISHED)
sshd      15256          root    4u  IPv4  84440      0t0  TCP aap25-database.aap-test.local:ssh->192.168.1.49:40230 (ESTABLISHED)
  No network connections found

=== RECEPTOR MEMORY SUMMARY ===
Total Receptor RSS Memory: 3200 KB (3 MB)
Total Receptor VSZ Memory: 7260 KB (7 MB)
Number of Receptor Processes: 2

AAP-related Processes and Children:
=== AAP Service Processes ===
Process: bash (PID: 15336)
    PID    PPID CMD                           RSS
  15336       1 bash -c  log_file="/tmp/mem  3200
  Children of PID 15336:
    PID    PPID CMD                           RSS
  15403   15336 bash -c  log_file="/tmp/mem  2044

Process: bash (PID: 15403)
    PID    PPID CMD                           RSS
  15403   15336 bash -c  log_file="/tmp/mem  2044
  Children of PID 15403:
    PID    PPID CMD                           RSS


Process Tree for AAP Services:
=== automation-controller Process Tree ===
bash(15336)---pstree(15414)
=== receptor Process Tree ===
bash(15336)---pstree(15418)
=== nginx Process Tree ===
bash(15336)---pstree(15422)
=== postgresql Process Tree ===
bash(15336)---pstree(15426)
=== redis Process Tree ===
bash(15336)---pstree(15430)
=== uwsgi Process Tree ===
bash(15336)---pstree(15434)
=== automation-hub Process Tree ===
bash(15336)---pstree(15438)
=== automation-eda Process Tree ===
bash(15336)---pstree(15442)

=================================================================================
2025-06-30 14:51:47
Memory Usage Report:
               total        used        free      shared  buff/cache   available
Mem:            7681         582        6831         110         615        7098
Swap:           4095           0        4095

Top 10 Processes by RSS Memory:
    PID    PPID CMD                           RSS
   1096       1 /usr/bin/postmaster -D /var 114432
    747       1 /usr/bin/python3 -s /usr/sb 43064
    991       1 /usr/lib/polkit-1/polkitd - 27692
    787       1 /usr/bin/python3 -Es /usr/s 26648
   1180    1096 postgres: checkpointer      26620
   1078       1 /usr/local/bin/node_exporte 26456
   1181    1096 postgres: background writer 24956
   1194    1096 postgres: walwriter         22012
    758       1 /usr/sbin/NetworkManager -- 21344
      1       0 /usr/lib/systemd/systemd rh 17864

=== RECEPTOR PROCESS ANALYSIS ===
Receptor Main Processes:
    PID    PPID CMD                           RSS    VSZ %CPU %MEM     ELAPSED
  15336       1 bash -c  log_file="/tmp/mem  3200   7260  0.0  0.0       00:31
Receptor Child Processes for PID 15336:
      PID    PPID CMD                           RSS    VSZ %CPU %MEM     ELAPSED
Receptor Threads for PID 15336:
    PID    SPID %CPU %MEM   RSS COMMAND
  15336   15336  0.0  0.0  3200 bash
Receptor Network Connections for PID 15336:
COMMAND     PID          USER   FD   TYPE DEVICE SIZE/OFF      NODE NAME
chronyd     755        chrony    5u  IPv4  24001      0t0       UDP localhost:323 
chronyd     755        chrony    6u  IPv6  24002      0t0       UDP localhost:323 
NetworkMa   758          root   26u  IPv4  24817      0t0       UDP aap25-database.aap-test.local:bootpc->pi.hole:bootps 
sshd        783          root    3u  IPv4  21989      0t0       TCP *:ssh (LISTEN)
sshd        783          root    4u  IPv6  21991      0t0       TCP *:ssh (LISTEN)
node_expo  1078 node_exporter    3u  IPv6  24863      0t0       TCP *:jetdirect (LISTEN)
node_expo  1078 node_exporter    7u  IPv6  25780      0t0       TCP aap25-database.aap-test.local:jetdirect->monitoring-node.aap-test.local:42912 (ESTABLISHED)
postmaste  1096      postgres    6u  IPv4  23210      0t0       TCP *:postgres (LISTEN)
postmaste  1096      postgres    7u  IPv6  23211      0t0       TCP *:postgres (LISTEN)
sshd      15236          root    4u  IPv4  84440      0t0       TCP aap25-database.aap-test.local:ssh->192.168.1.49:40230 (ESTABLISHED)
sshd      15256          root    4u  IPv4  84440      0t0       TCP aap25-database.aap-test.local:ssh->192.168.1.49:40230 (ESTABLISHED)
bash      15336          root  cwd    DIR  253,0      142  67240070 /root
bash      15336          root  rtd    DIR  253,0      235       128 /
bash      15336          root  txt    REG  253,0  1389072  67323062 /usr/bin/bash
bash      15336          root  mem    REG  253,0  2586930    223716 /usr/lib/locale/en_US.utf8/LC_COLLATE
bash      15336          root  mem    REG  253,0  2544344 100922208 /usr/lib64/libc.so.6
bash      15336          root  mem    REG  253,0   346132 100921885 /usr/lib/locale/C.utf8/LC_CTYPE
bash      15336          root  mem    REG  253,0       54    223719 /usr/lib/locale/en_US.utf8/LC_NUMERIC
bash      15336          root  mem    REG  253,0     3284  34000453 /usr/lib/locale/en_US.utf8/LC_TIME
bash      15336          root  mem    REG  253,0      286  34000451 /usr/lib/locale/en_US.utf8/LC_MONETARY
bash      15336          root  mem    REG  253,0       57  34000464 /usr/lib/locale/en_US.utf8/LC_MESSAGES/SYS_LC_MESSAGES
bash      15336          root  mem    REG  253,0    26988  67396209 /usr/lib64/gconv/gconv-modules.cache
bash      15336          root  mem    REG  253,0   195080 100921869 /usr/lib64/libtinfo.so.6.2
bash      15336          root  mem    REG  253,0       34 100922186 /usr/lib/locale/en_US.utf8/LC_PAPER
bash      15336          root  mem    REG  253,0       77    223718 /usr/lib/locale/en_US.utf8/LC_NAME
bash      15336          root  mem    REG  253,0      167  34000447 /usr/lib/locale/en_US.utf8/LC_ADDRESS
bash      15336          root  mem    REG  253,0       59  34000452 /usr/lib/locale/en_US.utf8/LC_TELEPHONE
bash      15336          root  mem    REG  253,0       23  34000450 /usr/lib/locale/en_US.utf8/LC_MEASUREMENT
bash      15336          root  mem    REG  253,0      369  34000449 /usr/lib/locale/en_US.utf8/LC_IDENTIFICATION
bash      15336          root  mem    REG  253,0   897856 100922204 /usr/lib64/ld-linux-x86-64.so.2
bash      15336          root    0r   CHR    1,3      0t0         4 /dev/null
bash      15336          root    1w   REG  253,0        0  43735380 /tmp/memory_monitor.log
bash      15336          root    2w   REG  253,0        0  43735380 /tmp/memory_monitor.log
bash      15336          root    3r  FIFO   0,13      0t0     90186 pipe

    PID    PPID CMD                           RSS    VSZ %CPU %MEM     ELAPSED
Receptor Child Processes for PID 15527:
  No child processes found
Receptor Threads for PID 15527:
    PID    SPID %CPU %MEM   RSS COMMAND
Receptor Network Connections for PID 15527:
COMMAND     PID          USER   FD   TYPE DEVICE SIZE/OFF NODE NAME
chronyd     755        chrony    5u  IPv4  24001      0t0  UDP localhost:323 
chronyd     755        chrony    6u  IPv6  24002      0t0  UDP localhost:323 
NetworkMa   758          root   26u  IPv4  24817      0t0  UDP aap25-database.aap-test.local:bootpc->pi.hole:bootps 
sshd        783          root    3u  IPv4  21989      0t0  TCP *:ssh (LISTEN)
sshd        783          root    4u  IPv6  21991      0t0  TCP *:ssh (LISTEN)
node_expo  1078 node_exporter    3u  IPv6  24863      0t0  TCP *:jetdirect (LISTEN)
node_expo  1078 node_exporter    7u  IPv6  25780      0t0  TCP aap25-database.aap-test.local:jetdirect->monitoring-node.aap-test.local:42912 (ESTABLISHED)
postmaste  1096      postgres    6u  IPv4  23210      0t0  TCP *:postgres (LISTEN)
postmaste  1096      postgres    7u  IPv6  23211      0t0  TCP *:postgres (LISTEN)
sshd      15236          root    4u  IPv4  84440      0t0  TCP aap25-database.aap-test.local:ssh->192.168.1.49:40230 (ESTABLISHED)
sshd      15256          root    4u  IPv4  84440      0t0  TCP aap25-database.aap-test.local:ssh->192.168.1.49:40230 (ESTABLISHED)
  No network connections found

=== RECEPTOR MEMORY SUMMARY ===
Total Receptor RSS Memory: 3200 KB (3 MB)
Total Receptor VSZ Memory: 7260 KB (7 MB)
Number of Receptor Processes: 2

AAP-related Processes and Children:
=== AAP Service Processes ===
Process: bash (PID: 15336)
    PID    PPID CMD                           RSS
  15336       1 bash -c  log_file="/tmp/mem  3200
  Children of PID 15336:
    PID    PPID CMD                           RSS
  15587   15336 bash -c  log_file="/tmp/mem  2052

Process: bash (PID: 15587)
    PID    PPID CMD                           RSS
  15587   15336 bash -c  log_file="/tmp/mem  2052
  Children of PID 15587:
    PID    PPID CMD                           RSS


Process Tree for AAP Services:
=== automation-controller Process Tree ===
bash(15336)---pstree(15598)
=== receptor Process Tree ===
bash(15336)---pstree(15602)
=== nginx Process Tree ===
bash(15336)---pstree(15606)
=== postgresql Process Tree ===
bash(15336)---pstree(15610)
=== redis Process Tree ===
bash(15336)---pstree(15614)
=== uwsgi Process Tree ===
bash(15336)---pstree(15618)
=== automation-hub Process Tree ===
bash(15336)---pstree(15622)
=== automation-eda Process Tree ===
bash(15336)---pstree(15626)

=================================================================================
2025-06-30 14:52:18
Memory Usage Report:
               total        used        free      shared  buff/cache   available
Mem:            7681         589        6825         110         615        7091
Swap:           4095           0        4095

Top 10 Processes by RSS Memory:
    PID    PPID CMD                           RSS
   1096       1 /usr/bin/postmaster -D /var 114432
    747       1 /usr/bin/python3 -s /usr/sb 43064
    991       1 /usr/lib/polkit-1/polkitd - 27692
    787       1 /usr/bin/python3 -Es /usr/s 26648
   1180    1096 postgres: checkpointer      26620
   1078       1 /usr/local/bin/node_exporte 26392
   1181    1096 postgres: background writer 24956
   1194    1096 postgres: walwriter         22012
    758       1 /usr/sbin/NetworkManager -- 21344
      1       0 /usr/lib/systemd/systemd rh 17864

=== RECEPTOR PROCESS ANALYSIS ===
Receptor Main Processes:
    PID    PPID CMD                           RSS    VSZ %CPU %MEM     ELAPSED
  15336       1 bash -c  log_file="/tmp/mem  3200   7260  0.0  0.0       01:01
Receptor Child Processes for PID 15336:
      PID    PPID CMD                           RSS    VSZ %CPU %MEM     ELAPSED
Receptor Threads for PID 15336:
    PID    SPID %CPU %MEM   RSS COMMAND
  15336   15336  0.0  0.0  3200 bash
Receptor Network Connections for PID 15336:
COMMAND     PID          USER   FD   TYPE DEVICE SIZE/OFF      NODE NAME
chronyd     755        chrony    5u  IPv4  24001      0t0       UDP localhost:323 
chronyd     755        chrony    6u  IPv6  24002      0t0       UDP localhost:323 
NetworkMa   758          root   26u  IPv4  24817      0t0       UDP aap25-database.aap-test.local:bootpc->pi.hole:bootps 
sshd        783          root    3u  IPv4  21989      0t0       TCP *:ssh (LISTEN)
sshd        783          root    4u  IPv6  21991      0t0       TCP *:ssh (LISTEN)
node_expo  1078 node_exporter    3u  IPv6  24863      0t0       TCP *:jetdirect (LISTEN)
node_expo  1078 node_exporter    7u  IPv6  25780      0t0       TCP aap25-database.aap-test.local:jetdirect->monitoring-node.aap-test.local:42912 (ESTABLISHED)
postmaste  1096      postgres    6u  IPv4  23210      0t0       TCP *:postgres (LISTEN)
postmaste  1096      postgres    7u  IPv6  23211      0t0       TCP *:postgres (LISTEN)
sshd      15236          root    4u  IPv4  84440      0t0       TCP aap25-database.aap-test.local:ssh->192.168.1.49:40230 (ESTABLISHED)
sshd      15256          root    4u  IPv4  84440      0t0       TCP aap25-database.aap-test.local:ssh->192.168.1.49:40230 (ESTABLISHED)
bash      15336          root  cwd    DIR  253,0      142  67240070 /root
bash      15336          root  rtd    DIR  253,0      235       128 /
bash      15336          root  txt    REG  253,0  1389072  67323062 /usr/bin/bash
bash      15336          root  mem    REG  253,0  2586930    223716 /usr/lib/locale/en_US.utf8/LC_COLLATE
bash      15336          root  mem    REG  253,0  2544344 100922208 /usr/lib64/libc.so.6
bash      15336          root  mem    REG  253,0   346132 100921885 /usr/lib/locale/C.utf8/LC_CTYPE
bash      15336          root  mem    REG  253,0       54    223719 /usr/lib/locale/en_US.utf8/LC_NUMERIC
bash      15336          root  mem    REG  253,0     3284  34000453 /usr/lib/locale/en_US.utf8/LC_TIME
bash      15336          root  mem    REG  253,0      286  34000451 /usr/lib/locale/en_US.utf8/LC_MONETARY
bash      15336          root  mem    REG  253,0       57  34000464 /usr/lib/locale/en_US.utf8/LC_MESSAGES/SYS_LC_MESSAGES
bash      15336          root  mem    REG  253,0    26988  67396209 /usr/lib64/gconv/gconv-modules.cache
bash      15336          root  mem    REG  253,0   195080 100921869 /usr/lib64/libtinfo.so.6.2
bash      15336          root  mem    REG  253,0       34 100922186 /usr/lib/locale/en_US.utf8/LC_PAPER
bash      15336          root  mem    REG  253,0       77    223718 /usr/lib/locale/en_US.utf8/LC_NAME
bash      15336          root  mem    REG  253,0      167  34000447 /usr/lib/locale/en_US.utf8/LC_ADDRESS
bash      15336          root  mem    REG  253,0       59  34000452 /usr/lib/locale/en_US.utf8/LC_TELEPHONE
bash      15336          root  mem    REG  253,0       23  34000450 /usr/lib/locale/en_US.utf8/LC_MEASUREMENT
bash      15336          root  mem    REG  253,0      369  34000449 /usr/lib/locale/en_US.utf8/LC_IDENTIFICATION
bash      15336          root  mem    REG  253,0   897856 100922204 /usr/lib64/ld-linux-x86-64.so.2
bash      15336          root    0r   CHR    1,3      0t0         4 /dev/null
bash      15336          root    1w   REG  253,0        0  43735380 /tmp/memory_monitor.log
bash      15336          root    2w   REG  253,0        0  43735380 /tmp/memory_monitor.log
bash      15336          root    3r  FIFO   0,13      0t0     89873 pipe

    PID    PPID CMD                           RSS    VSZ %CPU %MEM     ELAPSED
Receptor Child Processes for PID 15737:
  No child processes found
Receptor Threads for PID 15737:
    PID    SPID %CPU %MEM   RSS COMMAND
Receptor Network Connections for PID 15737:
COMMAND     PID          USER   FD   TYPE DEVICE SIZE/OFF NODE NAME
chronyd     755        chrony    5u  IPv4  24001      0t0  UDP localhost:323 
chronyd     755        chrony    6u  IPv6  24002      0t0  UDP localhost:323 
NetworkMa   758          root   26u  IPv4  24817      0t0  UDP aap25-database.aap-test.local:bootpc->pi.hole:bootps 
sshd        783          root    3u  IPv4  21989      0t0  TCP *:ssh (LISTEN)
sshd        783          root    4u  IPv6  21991      0t0  TCP *:ssh (LISTEN)
node_expo  1078 node_exporter    3u  IPv6  24863      0t0  TCP *:jetdirect (LISTEN)
node_expo  1078 node_exporter    7u  IPv6  25780      0t0  TCP aap25-database.aap-test.local:jetdirect->monitoring-node.aap-test.local:42912 (ESTABLISHED)
postmaste  1096      postgres    6u  IPv4  23210      0t0  TCP *:postgres (LISTEN)
postmaste  1096      postgres    7u  IPv6  23211      0t0  TCP *:postgres (LISTEN)
sshd      15236          root    4u  IPv4  84440      0t0  TCP aap25-database.aap-test.local:ssh->192.168.1.49:40230 (ESTABLISHED)
sshd      15256          root    4u  IPv4  84440      0t0  TCP aap25-database.aap-test.local:ssh->192.168.1.49:40230 (ESTABLISHED)
  No network connections found

=== RECEPTOR MEMORY SUMMARY ===
Total Receptor RSS Memory: 3200 KB (3 MB)
Total Receptor VSZ Memory: 7260 KB (7 MB)
Number of Receptor Processes: 2

AAP-related Processes and Children:
=== AAP Service Processes ===
Process: bash (PID: 15336)
    PID    PPID CMD                           RSS
  15336       1 bash -c  log_file="/tmp/mem  3200
  Children of PID 15336:
    PID    PPID CMD                           RSS
  15796   15336 bash -c  log_file="/tmp/mem  2056

Process: bash (PID: 15796)
    PID    PPID CMD                           RSS
  15796   15336 bash -c  log_file="/tmp/mem  2056
  Children of PID 15796:
    PID    PPID CMD                           RSS


Process Tree for AAP Services:
=== automation-controller Process Tree ===
bash(15336)---pstree(15807)
=== receptor Process Tree ===
bash(15336)---pstree(15811)
=== nginx Process Tree ===
bash(15336)---pstree(15815)
=== postgresql Process Tree ===
bash(15336)---pstree(15819)
=== redis Process Tree ===
bash(15336)---pstree(15823)
=== uwsgi Process Tree ===
bash(15336)---pstree(15827)
=== automation-hub Process Tree ===
bash(15336)---pstree(15831)
=== automation-eda Process Tree ===
bash(15336)---pstree(15835)

=================================================================================
2025-06-30 14:52:48
Memory Usage Report:
               total        used        free      shared  buff/cache   available
Mem:            7681         574        6839         110         615        7106
Swap:           4095           0        4095

Top 10 Processes by RSS Memory:
    PID    PPID CMD                           RSS
   1096       1 /usr/bin/postmaster -D /var 114432
    747       1 /usr/bin/python3 -s /usr/sb 43064
    991       1 /usr/lib/polkit-1/polkitd - 27692
    787       1 /usr/bin/python3 -Es /usr/s 26648
   1180    1096 postgres: checkpointer      26620
   1078       1 /usr/local/bin/node_exporte 26392
   1181    1096 postgres: background writer 24956
   1194    1096 postgres: walwriter         22012
    758       1 /usr/sbin/NetworkManager -- 21344
      1       0 /usr/lib/systemd/systemd rh 17864

=== RECEPTOR PROCESS ANALYSIS ===
Receptor Main Processes:
    PID    PPID CMD                           RSS    VSZ %CPU %MEM     ELAPSED
  15336       1 bash -c  log_file="/tmp/mem  3200   7260  0.0  0.0       01:32
Receptor Child Processes for PID 15336:
      PID    PPID CMD                           RSS    VSZ %CPU %MEM     ELAPSED
Receptor Threads for PID 15336:
    PID    SPID %CPU %MEM   RSS COMMAND
  15336   15336  0.0  0.0  3200 bash
Receptor Network Connections for PID 15336:
COMMAND     PID          USER   FD   TYPE DEVICE SIZE/OFF      NODE NAME
chronyd     755        chrony    5u  IPv4  24001      0t0       UDP localhost:323 
chronyd     755        chrony    6u  IPv6  24002      0t0       UDP localhost:323 
NetworkMa   758          root   26u  IPv4  24817      0t0       UDP aap25-database.aap-test.local:bootpc->pi.hole:bootps 
sshd        783          root    3u  IPv4  21989      0t0       TCP *:ssh (LISTEN)
sshd        783          root    4u  IPv6  21991      0t0       TCP *:ssh (LISTEN)
node_expo  1078 node_exporter    3u  IPv6  24863      0t0       TCP *:jetdirect (LISTEN)
node_expo  1078 node_exporter    7u  IPv6  25780      0t0       TCP aap25-database.aap-test.local:jetdirect->monitoring-node.aap-test.local:42912 (ESTABLISHED)
postmaste  1096      postgres    6u  IPv4  23210      0t0       TCP *:postgres (LISTEN)
postmaste  1096      postgres    7u  IPv6  23211      0t0       TCP *:postgres (LISTEN)
sshd      15236          root    4u  IPv4  84440      0t0       TCP aap25-database.aap-test.local:ssh->192.168.1.49:40230 (ESTABLISHED)
sshd      15256          root    4u  IPv4  84440      0t0       TCP aap25-database.aap-test.local:ssh->192.168.1.49:40230 (ESTABLISHED)
bash      15336          root  cwd    DIR  253,0      142  67240070 /root
bash      15336          root  rtd    DIR  253,0      235       128 /
bash      15336          root  txt    REG  253,0  1389072  67323062 /usr/bin/bash
bash      15336          root  mem    REG  253,0  2586930    223716 /usr/lib/locale/en_US.utf8/LC_COLLATE
bash      15336          root  mem    REG  253,0  2544344 100922208 /usr/lib64/libc.so.6
bash      15336          root  mem    REG  253,0   346132 100921885 /usr/lib/locale/C.utf8/LC_CTYPE
bash      15336          root  mem    REG  253,0       54    223719 /usr/lib/locale/en_US.utf8/LC_NUMERIC
bash      15336          root  mem    REG  253,0     3284  34000453 /usr/lib/locale/en_US.utf8/LC_TIME
bash      15336          root  mem    REG  253,0      286  34000451 /usr/lib/locale/en_US.utf8/LC_MONETARY
bash      15336          root  mem    REG  253,0       57  34000464 /usr/lib/locale/en_US.utf8/LC_MESSAGES/SYS_LC_MESSAGES
bash      15336          root  mem    REG  253,0    26988  67396209 /usr/lib64/gconv/gconv-modules.cache
bash      15336          root  mem    REG  253,0   195080 100921869 /usr/lib64/libtinfo.so.6.2
bash      15336          root  mem    REG  253,0       34 100922186 /usr/lib/locale/en_US.utf8/LC_PAPER
bash      15336          root  mem    REG  253,0       77    223718 /usr/lib/locale/en_US.utf8/LC_NAME
bash      15336          root  mem    REG  253,0      167  34000447 /usr/lib/locale/en_US.utf8/LC_ADDRESS
bash      15336          root  mem    REG  253,0       59  34000452 /usr/lib/locale/en_US.utf8/LC_TELEPHONE
bash      15336          root  mem    REG  253,0       23  34000450 /usr/lib/locale/en_US.utf8/LC_MEASUREMENT
bash      15336          root  mem    REG  253,0      369  34000449 /usr/lib/locale/en_US.utf8/LC_IDENTIFICATION
bash      15336          root  mem    REG  253,0   897856 100922204 /usr/lib64/ld-linux-x86-64.so.2
bash      15336          root    0r   CHR    1,3      0t0         4 /dev/null
bash      15336          root    1w   REG  253,0        0  43735380 /tmp/memory_monitor.log
bash      15336          root    2w   REG  253,0        0  43735380 /tmp/memory_monitor.log
bash      15336          root    3r  FIFO   0,13      0t0     90847 pipe

    PID    PPID CMD                           RSS    VSZ %CPU %MEM     ELAPSED
Receptor Child Processes for PID 15920:
  No child processes found
Receptor Threads for PID 15920:
    PID    SPID %CPU %MEM   RSS COMMAND
Receptor Network Connections for PID 15920:
COMMAND     PID          USER   FD   TYPE DEVICE SIZE/OFF NODE NAME
chronyd     755        chrony    5u  IPv4  24001      0t0  UDP localhost:323 
chronyd     755        chrony    6u  IPv6  24002      0t0  UDP localhost:323 
NetworkMa   758          root   26u  IPv4  24817      0t0  UDP aap25-database.aap-test.local:bootpc->pi.hole:bootps 
sshd        783          root    3u  IPv4  21989      0t0  TCP *:ssh (LISTEN)
sshd        783          root    4u  IPv6  21991      0t0  TCP *:ssh (LISTEN)
node_expo  1078 node_exporter    3u  IPv6  24863      0t0  TCP *:jetdirect (LISTEN)
node_expo  1078 node_exporter    7u  IPv6  25780      0t0  TCP aap25-database.aap-test.local:jetdirect->monitoring-node.aap-test.local:42912 (ESTABLISHED)
postmaste  1096      postgres    6u  IPv4  23210      0t0  TCP *:postgres (LISTEN)
postmaste  1096      postgres    7u  IPv6  23211      0t0  TCP *:postgres (LISTEN)
sshd      15236          root    4u  IPv4  84440      0t0  TCP aap25-database.aap-test.local:ssh->192.168.1.49:40230 (ESTABLISHED)
sshd      15256          root    4u  IPv4  84440      0t0  TCP aap25-database.aap-test.local:ssh->192.168.1.49:40230 (ESTABLISHED)
  No network connections found

=== RECEPTOR MEMORY SUMMARY ===
Total Receptor RSS Memory: 3200 KB (3 MB)
Total Receptor VSZ Memory: 7260 KB (7 MB)
Number of Receptor Processes: 2

AAP-related Processes and Children:
=== AAP Service Processes ===
Process: bash (PID: 15336)
    PID    PPID CMD                           RSS
  15336       1 bash -c  log_file="/tmp/mem  3200
  Children of PID 15336:
    PID    PPID CMD                           RSS
  15979   15336 bash -c  log_file="/tmp/mem  2056

Process: bash (PID: 15979)
    PID    PPID CMD                           RSS
  15979   15336 bash -c  log_file="/tmp/mem  2056
  Children of PID 15979:
    PID    PPID CMD                           RSS


Process Tree for AAP Services:
=== automation-controller Process Tree ===
bash(15336)---pstree(15990)
=== receptor Process Tree ===
bash(15336)---pstree(15994)
=== nginx Process Tree ===
bash(15336)---pstree(15998)
=== postgresql Process Tree ===
bash(15336)---pstree(16002)
=== redis Process Tree ===
bash(15336)---pstree(16006)
=== uwsgi Process Tree ===
bash(15336)---pstree(16010)
=== automation-hub Process Tree ===
bash(15336)---pstree(16014)
=== automation-eda Process Tree ===
bash(15336)---pstree(16018)

=================================================================================
2025-06-30 14:53:19
Memory Usage Report:
               total        used        free      shared  buff/cache   available
Mem:            7681         573        6841         110         615        7108
Swap:           4095           0        4095

Top 10 Processes by RSS Memory:
    PID    PPID CMD                           RSS
   1096       1 /usr/bin/postmaster -D /var 114432
    747       1 /usr/bin/python3 -s /usr/sb 43064
    991       1 /usr/lib/polkit-1/polkitd - 27692
   1078       1 /usr/local/bin/node_exporte 26752
    787       1 /usr/bin/python3 -Es /usr/s 26648
   1180    1096 postgres: checkpointer      26620
   1181    1096 postgres: background writer 24956
   1194    1096 postgres: walwriter         22012
    758       1 /usr/sbin/NetworkManager -- 21344
      1       0 /usr/lib/systemd/systemd rh 17864

=== RECEPTOR PROCESS ANALYSIS ===
Receptor Main Processes:
    PID    PPID CMD                           RSS    VSZ %CPU %MEM     ELAPSED
  15336       1 bash -c  log_file="/tmp/mem  3200   7260  0.0  0.0       02:02
Receptor Child Processes for PID 15336:
      PID    PPID CMD                           RSS    VSZ %CPU %MEM     ELAPSED
Receptor Threads for PID 15336:
    PID    SPID %CPU %MEM   RSS COMMAND
  15336   15336  0.0  0.0  3200 bash
Receptor Network Connections for PID 15336:
COMMAND     PID          USER   FD   TYPE DEVICE SIZE/OFF      NODE NAME
chronyd     755        chrony    5u  IPv4  24001      0t0       UDP localhost:323 
chronyd     755        chrony    6u  IPv6  24002      0t0       UDP localhost:323 
NetworkMa   758          root   26u  IPv4  24817      0t0       UDP aap25-database.aap-test.local:bootpc->pi.hole:bootps 
sshd        783          root    3u  IPv4  21989      0t0       TCP *:ssh (LISTEN)
sshd        783          root    4u  IPv6  21991      0t0       TCP *:ssh (LISTEN)
node_expo  1078 node_exporter    3u  IPv6  24863      0t0       TCP *:jetdirect (LISTEN)
node_expo  1078 node_exporter    7u  IPv6  25780      0t0       TCP aap25-database.aap-test.local:jetdirect->monitoring-node.aap-test.local:42912 (ESTABLISHED)
postmaste  1096      postgres    6u  IPv4  23210      0t0       TCP *:postgres (LISTEN)
postmaste  1096      postgres    7u  IPv6  23211      0t0       TCP *:postgres (LISTEN)
bash      15336          root  cwd    DIR  253,0      142  67240070 /root
bash      15336          root  rtd    DIR  253,0      235       128 /
bash      15336          root  txt    REG  253,0  1389072  67323062 /usr/bin/bash
bash      15336          root  mem    REG  253,0  2586930    223716 /usr/lib/locale/en_US.utf8/LC_COLLATE
bash      15336          root  mem    REG  253,0  2544344 100922208 /usr/lib64/libc.so.6
bash      15336          root  mem    REG  253,0   346132 100921885 /usr/lib/locale/C.utf8/LC_CTYPE
bash      15336          root  mem    REG  253,0       54    223719 /usr/lib/locale/en_US.utf8/LC_NUMERIC
bash      15336          root  mem    REG  253,0     3284  34000453 /usr/lib/locale/en_US.utf8/LC_TIME
bash      15336          root  mem    REG  253,0      286  34000451 /usr/lib/locale/en_US.utf8/LC_MONETARY
bash      15336          root  mem    REG  253,0       57  34000464 /usr/lib/locale/en_US.utf8/LC_MESSAGES/SYS_LC_MESSAGES
bash      15336          root  mem    REG  253,0    26988  67396209 /usr/lib64/gconv/gconv-modules.cache
bash      15336          root  mem    REG  253,0   195080 100921869 /usr/lib64/libtinfo.so.6.2
bash      15336          root  mem    REG  253,0       34 100922186 /usr/lib/locale/en_US.utf8/LC_PAPER
bash      15336          root  mem    REG  253,0       77    223718 /usr/lib/locale/en_US.utf8/LC_NAME
bash      15336          root  mem    REG  253,0      167  34000447 /usr/lib/locale/en_US.utf8/LC_ADDRESS
bash      15336          root  mem    REG  253,0       59  34000452 /usr/lib/locale/en_US.utf8/LC_TELEPHONE
bash      15336          root  mem    REG  253,0       23  34000450 /usr/lib/locale/en_US.utf8/LC_MEASUREMENT
bash      15336          root  mem    REG  253,0      369  34000449 /usr/lib/locale/en_US.utf8/LC_IDENTIFICATION
bash      15336          root  mem    REG  253,0   897856 100922204 /usr/lib64/ld-linux-x86-64.so.2
bash      15336          root    0r   CHR    1,3      0t0         4 /dev/null
bash      15336          root    1w   REG  253,0        0  43735380 /tmp/memory_monitor.log
bash      15336          root    2w   REG  253,0        0  43735380 /tmp/memory_monitor.log
bash      15336          root    3r  FIFO   0,13      0t0     91134 pipe

    PID    PPID CMD                           RSS    VSZ %CPU %MEM     ELAPSED
Receptor Child Processes for PID 16104:
  No child processes found
Receptor Threads for PID 16104:
    PID    SPID %CPU %MEM   RSS COMMAND
Receptor Network Connections for PID 16104:
COMMAND    PID          USER   FD   TYPE DEVICE SIZE/OFF NODE NAME
chronyd    755        chrony    5u  IPv4  24001      0t0  UDP localhost:323 
chronyd    755        chrony    6u  IPv6  24002      0t0  UDP localhost:323 
NetworkMa  758          root   26u  IPv4  24817      0t0  UDP aap25-database.aap-test.local:bootpc->pi.hole:bootps 
sshd       783          root    3u  IPv4  21989      0t0  TCP *:ssh (LISTEN)
sshd       783          root    4u  IPv6  21991      0t0  TCP *:ssh (LISTEN)
node_expo 1078 node_exporter    3u  IPv6  24863      0t0  TCP *:jetdirect (LISTEN)
node_expo 1078 node_exporter    7u  IPv6  25780      0t0  TCP aap25-database.aap-test.local:jetdirect->monitoring-node.aap-test.local:42912 (ESTABLISHED)
postmaste 1096      postgres    6u  IPv4  23210      0t0  TCP *:postgres (LISTEN)
postmaste 1096      postgres    7u  IPv6  23211      0t0  TCP *:postgres (LISTEN)
  No network connections found

=== RECEPTOR MEMORY SUMMARY ===
Total Receptor RSS Memory: 3200 KB (3 MB)
Total Receptor VSZ Memory: 7260 KB (7 MB)
Number of Receptor Processes: 2

AAP-related Processes and Children:
=== AAP Service Processes ===
Process: bash (PID: 15336)
    PID    PPID CMD                           RSS
  15336       1 bash -c  log_file="/tmp/mem  3200
  Children of PID 15336:
    PID    PPID CMD                           RSS
  16163   15336 bash -c  log_file="/tmp/mem  2056

Process: bash (PID: 16163)
    PID    PPID CMD                           RSS
  16163   15336 bash -c  log_file="/tmp/mem  2056
  Children of PID 16163:
    PID    PPID CMD                           RSS


Process Tree for AAP Services:
=== automation-controller Process Tree ===
bash(15336)---pstree(16174)
=== receptor Process Tree ===
bash(15336)---pstree(16178)
=== nginx Process Tree ===
bash(15336)---pstree(16182)
=== postgresql Process Tree ===
bash(15336)---pstree(16186)
=== redis Process Tree ===
bash(15336)---pstree(16190)
=== uwsgi Process Tree ===
bash(15336)---pstree(16194)
=== automation-hub Process Tree ===
bash(15336)---pstree(16198)
=== automation-eda Process Tree ===
bash(15336)---pstree(16202)

=================================================================================
2025-06-30 14:53:49
Memory Usage Report:
               total        used        free      shared  buff/cache   available
Mem:            7681         571        6842         110         615        7109
Swap:           4095           0        4095

Top 10 Processes by RSS Memory:
    PID    PPID CMD                           RSS
   1096       1 /usr/bin/postmaster -D /var 114432
    747       1 /usr/bin/python3 -s /usr/sb 43064
    991       1 /usr/lib/polkit-1/polkitd - 27692
    787       1 /usr/bin/python3 -Es /usr/s 26648
   1180    1096 postgres: checkpointer      26620
   1078       1 /usr/local/bin/node_exporte 26452
   1181    1096 postgres: background writer 24956
   1194    1096 postgres: walwriter         22012
    758       1 /usr/sbin/NetworkManager -- 21344
      1       0 /usr/lib/systemd/systemd rh 17864

=== RECEPTOR PROCESS ANALYSIS ===
Receptor Main Processes:
    PID    PPID CMD                           RSS    VSZ %CPU %MEM     ELAPSED
  15336       1 bash -c  log_file="/tmp/mem  3200   7260  0.0  0.0       02:33
Receptor Child Processes for PID 15336:
      PID    PPID CMD                           RSS    VSZ %CPU %MEM     ELAPSED
Receptor Threads for PID 15336:
    PID    SPID %CPU %MEM   RSS COMMAND
  15336   15336  0.0  0.0  3200 bash
Receptor Network Connections for PID 15336:
COMMAND     PID          USER   FD   TYPE DEVICE SIZE/OFF      NODE NAME
chronyd     755        chrony    5u  IPv4  24001      0t0       UDP localhost:323 
chronyd     755        chrony    6u  IPv6  24002      0t0       UDP localhost:323 
NetworkMa   758          root   26u  IPv4  24817      0t0       UDP aap25-database.aap-test.local:bootpc->pi.hole:bootps 
sshd        783          root    3u  IPv4  21989      0t0       TCP *:ssh (LISTEN)
sshd        783          root    4u  IPv6  21991      0t0       TCP *:ssh (LISTEN)
node_expo  1078 node_exporter    3u  IPv6  24863      0t0       TCP *:jetdirect (LISTEN)
node_expo  1078 node_exporter    7u  IPv6  25780      0t0       TCP aap25-database.aap-test.local:jetdirect->monitoring-node.aap-test.local:42912 (ESTABLISHED)
postmaste  1096      postgres    6u  IPv4  23210      0t0       TCP *:postgres (LISTEN)
postmaste  1096      postgres    7u  IPv6  23211      0t0       TCP *:postgres (LISTEN)
bash      15336          root  cwd    DIR  253,0      142  67240070 /root
bash      15336          root  rtd    DIR  253,0      235       128 /
bash      15336          root  txt    REG  253,0  1389072  67323062 /usr/bin/bash
bash      15336          root  mem    REG  253,0  2586930    223716 /usr/lib/locale/en_US.utf8/LC_COLLATE
bash      15336          root  mem    REG  253,0  2544344 100922208 /usr/lib64/libc.so.6
bash      15336          root  mem    REG  253,0   346132 100921885 /usr/lib/locale/C.utf8/LC_CTYPE
bash      15336          root  mem    REG  253,0       54    223719 /usr/lib/locale/en_US.utf8/LC_NUMERIC
bash      15336          root  mem    REG  253,0     3284  34000453 /usr/lib/locale/en_US.utf8/LC_TIME
bash      15336          root  mem    REG  253,0      286  34000451 /usr/lib/locale/en_US.utf8/LC_MONETARY
bash      15336          root  mem    REG  253,0       57  34000464 /usr/lib/locale/en_US.utf8/LC_MESSAGES/SYS_LC_MESSAGES
bash      15336          root  mem    REG  253,0    26988  67396209 /usr/lib64/gconv/gconv-modules.cache
bash      15336          root  mem    REG  253,0   195080 100921869 /usr/lib64/libtinfo.so.6.2
bash      15336          root  mem    REG  253,0       34 100922186 /usr/lib/locale/en_US.utf8/LC_PAPER
bash      15336          root  mem    REG  253,0       77    223718 /usr/lib/locale/en_US.utf8/LC_NAME
bash      15336          root  mem    REG  253,0      167  34000447 /usr/lib/locale/en_US.utf8/LC_ADDRESS
bash      15336          root  mem    REG  253,0       59  34000452 /usr/lib/locale/en_US.utf8/LC_TELEPHONE
bash      15336          root  mem    REG  253,0       23  34000450 /usr/lib/locale/en_US.utf8/LC_MEASUREMENT
bash      15336          root  mem    REG  253,0      369  34000449 /usr/lib/locale/en_US.utf8/LC_IDENTIFICATION
bash      15336          root  mem    REG  253,0   897856 100922204 /usr/lib64/ld-linux-x86-64.so.2
bash      15336          root    0r   CHR    1,3      0t0         4 /dev/null
bash      15336          root    1w   REG  253,0        0  43735380 /tmp/memory_monitor.log
bash      15336          root    2w   REG  253,0        0  43735380 /tmp/memory_monitor.log
bash      15336          root    3r  FIFO   0,13      0t0     94509 pipe

    PID    PPID CMD                           RSS    VSZ %CPU %MEM     ELAPSED
Receptor Child Processes for PID 16288:
  No child processes found
Receptor Threads for PID 16288:
    PID    SPID %CPU %MEM   RSS COMMAND
Receptor Network Connections for PID 16288:
COMMAND    PID          USER   FD   TYPE DEVICE SIZE/OFF NODE NAME
chronyd    755        chrony    5u  IPv4  24001      0t0  UDP localhost:323 
chronyd    755        chrony    6u  IPv6  24002      0t0  UDP localhost:323 
NetworkMa  758          root   26u  IPv4  24817      0t0  UDP aap25-database.aap-test.local:bootpc->pi.hole:bootps 
sshd       783          root    3u  IPv4  21989      0t0  TCP *:ssh (LISTEN)
sshd       783          root    4u  IPv6  21991      0t0  TCP *:ssh (LISTEN)
node_expo 1078 node_exporter    3u  IPv6  24863      0t0  TCP *:jetdirect (LISTEN)
node_expo 1078 node_exporter    7u  IPv6  25780      0t0  TCP aap25-database.aap-test.local:jetdirect->monitoring-node.aap-test.local:42912 (ESTABLISHED)
postmaste 1096      postgres    6u  IPv4  23210      0t0  TCP *:postgres (LISTEN)
postmaste 1096      postgres    7u  IPv6  23211      0t0  TCP *:postgres (LISTEN)
  No network connections found

=== RECEPTOR MEMORY SUMMARY ===
Total Receptor RSS Memory: 3200 KB (3 MB)
Total Receptor VSZ Memory: 7260 KB (7 MB)
Number of Receptor Processes: 2

AAP-related Processes and Children:
=== AAP Service Processes ===
Process: bash (PID: 15336)
    PID    PPID CMD                           RSS
  15336       1 bash -c  log_file="/tmp/mem  3200
  Children of PID 15336:
    PID    PPID CMD                           RSS
  16347   15336 bash -c  log_file="/tmp/mem  2056

Process: bash (PID: 16347)
    PID    PPID CMD                           RSS
  16347   15336 bash -c  log_file="/tmp/mem  2056
  Children of PID 16347:
    PID    PPID CMD                           RSS


Process Tree for AAP Services:
=== automation-controller Process Tree ===
bash(15336)---pstree(16358)
=== receptor Process Tree ===
bash(15336)---pstree(16362)
=== nginx Process Tree ===
bash(15336)---pstree(16366)
=== postgresql Process Tree ===
bash(15336)---pstree(16370)
=== redis Process Tree ===
bash(15336)---pstree(16374)
=== uwsgi Process Tree ===
bash(15336)---pstree(16378)
=== automation-hub Process Tree ===
bash(15336)---pstree(16382)
=== automation-eda Process Tree ===
bash(15336)---pstree(16386)

Memory monitoring completed for aap25 baseline test at Mon Jun 30 02:54:20 PM PDT 2025
