Receptor Version Information - AAP 2.4
Timestamp: 2025-07-07T14:25:12Z
Hostname: aap24-control

--- Receptor Version Information ---
1.4.1
--- Receptor Package Information ---
receptorctl-1.4.1-1.el9ap.noarch
receptor-1.4.1-1.el9ap.x86_64
--- Receptor Process Information ---
awx       192070  0.0  0.5 1200440 44156 ?       Ssl  14:50   0:00 /usr/bin/receptor -c /etc/receptor/receptor.conf
root      199428  0.0  0.0   7124  3456 ?        S    14:54   0:00 /bin/sh -c echo "--- Receptor Version Information ---" if command -v receptor &> /dev/null; then   receptor --version 2>&1 || echo "receptor --version failed" else   echo "receptor command not found" fi echo "--- Receptor Package Information ---" rpm -qa | grep -i receptor || echo "No receptor packages found" echo "--- Receptor Process Information ---" ps aux | grep -E "[r]eceptor" | head -5 || echo "No receptor processes found" echo "--- Receptor Service Status ---" systemctl status receptor 2>&1 | head -10 || echo "Receptor service status unavailable" 
--- Receptor Service Status ---
● receptor.service - Receptor
     Loaded: loaded (/usr/lib/systemd/system/receptor.service; enabled; preset: disabled)
    Drop-In: /etc/systemd/system/receptor.service.d
             └─override.conf
     Active: active (running) since Mon 2025-07-07 14:50:23 PDT; 3min 48s ago
   Main PID: 192070 (receptor)
      Tasks: 7 (limit: 48869)
     Memory: 18.2M
        CPU: 224ms
     CGroup: /system.slice/receptor.service
